******************************************************************************
                  TI ARM Linker PC v20.2.7                     
******************************************************************************
>> Linked Wed Sep 25 21:50:31 2024

OUTPUT FILE NAME:   <lab_2_test.out>
ENTRY POINT SYMBOL: "_c_int00_noargs"  address: 00003ebd


MEMORY CONFIGURATION

         name            origin    length      used     unused   attr    fill
----------------------  --------  ---------  --------  --------  ----  --------
  FLASH                 00000000   00040000  00004338  0003bcc8  R  X
  SRAM                  20000000   00008000  0000100e  00006ff2  RW X


SEGMENT ALLOCATION MAP

run origin  load origin   length   init length attrs members
----------  ----------- ---------- ----------- ----- -------
00000000    00000000    00004338   00004338    r-x
  00000000    00000000    0000026c   0000026c    r-- .intvecs
  0000026c    0000026c    00003d74   00003d74    r-x .text
  00003fe0    00003fe0    00000328   00000328    r-- .const
  00004308    00004308    00000030   00000030    r-- .cinit
20000000    20000000    00001010   00000000    rw-
  20000000    20000000    00001000   00000000    rw- .stack
  20001000    20001000    0000000a   00000000    rw- .bss
  2000100c    2000100c    00000004   00000000    rw- .data


SECTION ALLOCATION MAP

 output                                  attributes/
section   page    origin      length       input sections
--------  ----  ----------  ----------   ----------------
.intvecs   0    00000000    0000026c     
                  00000000    0000026c     tm4c123gh6pm_startup_ccs.obj (.intvecs)

.text      0    0000026c    00003d74     
                  0000026c    00000808     gpio.obj (.text)
                  00000a74    00000744     main.obj (.text)
                  000011b8    00000738     rtsv7M4_T_le_v4SPD16_eabi.lib : k_rem_pio2.c.obj (.text:__kernel_rem_pio2)
                  000018f0    000005e0                                   : s_sin.c.obj (.text:sin)
                  00001ed0    000005dc                                   : s_cos.c.obj (.text:cos)
                  000024ac    00000460                                   : strtod.c.obj (.text:strtod)
                  0000290c    00000418     stringf.obj (.text)
                  00002d24    00000344     commands.obj (.text)
                  00003068    000001ec     uart0.obj (.text)
                  00003254    000001b6     rtsv7M4_T_le_v4SPD16_eabi.lib : fd_add_t2.asm.obj (.text)
                  0000340a    00000002     --HOLE-- [fill = 0]
                  0000340c    00000174                                   : k_sin.c.obj (.text:__kernel_sin)
                  00003580    00000170                                   : k_cos.c.obj (.text:__kernel_cos)
                  000036f0    00000136                                   : fd_div_t2.asm.obj (.text)
                  00003826    00000002     --HOLE-- [fill = 0]
                  00003828    00000110                                   : s_scalbn.c.obj (.text:scalbn)
                  00003938    000000fc                                   : fd_mul_t2.asm.obj (.text)
                  00003a34    000000f8                                   : s_floor.c.obj (.text:floor)
                  00003b2c    0000009c                                   : memcpy_t2.asm.obj (.text)
                  00003bc8    00000086                                   : fd_cmp_t2.asm.obj (.text:__aeabi_cdcmple)
                  00003c4e    00000086                                   : fd_cmp_t2.asm.obj (.text:__aeabi_cdrcmple)
                  00003cd4    0000006e                                   : fd_tos_t2.asm.obj (.text)
                  00003d42    00000068                                   : copy_decompress_lzss.c.obj (.text:decompress:lzss:__TI_decompress_lzss)
                  00003daa    00000002     --HOLE-- [fill = 0]
                  00003dac    0000004c                                   : atoi.c.obj (.text:atoi)
                  00003df8    00000048                                   : fd_toi_t2.asm.obj (.text)
                  00003e40    00000044                                   : autoinit.c.obj (.text:__TI_auto_init_nobinit_nopinit:__TI_auto_init_nobinit_nopinit)
                  00003e84    00000038                                   : fs_tod_t2.asm.obj (.text)
                  00003ebc    00000034                                   : boot_cortex_m.c.obj (.text:_c_int00_noargs:_c_int00_noargs)
                  00003ef0    0000002e                                   : i_tofd_t2.asm.obj (.text)
                  00003f1e    00000020                                   : u_tofd_t2.asm.obj (.text)
                  00003f3e    0000001c                                   : copy_zero_init.c.obj (.text:decompress:ZI:__TI_zero_init_nomemset:__TI_zero_init_nomemset)
                  00003f5a    0000001c     wait.obj (.text)
                  00003f76    0000001a     rtsv7M4_T_le_v4SPD16_eabi.lib : s_copysign.c.obj (.text:copysign)
                  00003f90    00000012                                   : atof.c.obj (.text:atof)
                  00003fa2    00000002     --HOLE-- [fill = 0]
                  00003fa4    00000010     clock.obj (.text)
                  00003fb4    0000000e     rtsv7M4_T_le_v4SPD16_eabi.lib : copy_decompress_none.c.obj (.text:decompress:none:__TI_decompress_none)
                  00003fc2    0000000c     tm4c123gh6pm_startup_ccs.obj (.text)
                  00003fce    00000002     --HOLE-- [fill = 0]
                  00003fd0    00000008     rtsv7M4_T_le_v4SPD16_eabi.lib : errno.c.obj (.text:__aeabi_errno_addr)
                  00003fd8    00000004                                   : pre_init.c.obj (.text:_system_pre_init)
                  00003fdc    00000004                                   : exit.c.obj (.text:abort:abort)

.const     0    00003fe0    00000328     
                  00003fe0    00000158     rtsv7M4_T_le_v4SPD16_eabi.lib : k_rem_pio2.c.obj (.const:$O1$$)
                  00004138    00000101                                   : ctype.c.obj (.const:.string:_ctypes_)
                  00004239    00000007     --HOLE-- [fill = 0]
                  00004240    000000c8                                   : strtod.c.obj (.const:$O1$$)

.cinit     0    00004308    00000030     
                  00004308    0000000c     (__TI_handler_table)
                  00004314    00000004     --HOLE-- [fill = 0]
                  00004318    00000008     (.cinit..bss.load) [load image, compression = zero_init]
                  00004320    00000007     (.cinit..data.load) [load image, compression = lzss]
                  00004327    00000001     --HOLE-- [fill = 0]
                  00004328    00000010     (__TI_cinit_table)

.init_array 
*          0    00000000    00000000     UNINITIALIZED

.bss       0    20001000    0000000a     UNINITIALIZED
                  20001000    00000004     (.common:currentAngle)
                  20001004    00000004     (.common:error)
                  20001008    00000001     (.common:currentPhase)
                  20001009    00000001     (.common:motorfactor)

.data      0    2000100c    00000004     UNINITIALIZED
                  2000100c    00000004     rtsv7M4_T_le_v4SPD16_eabi.lib : errno.c.obj (.data)

.stack     0    20000000    00001000     UNINITIALIZED
                  20000000    00000004     rtsv7M4_T_le_v4SPD16_eabi.lib : boot_cortex_m.c.obj (.stack)
                  20000004    00000ffc     --HOLE--

__llvm_prf_cnts 
*          0    20000000    00000000     UNINITIALIZED

MODULE SUMMARY

       Module                         code    ro data   rw data
       ------                         ----    -------   -------
    .\
       gpio.obj                       2056    0         0      
       main.obj                       1860    0         10     
       stringf.obj                    1048    0         0      
       commands.obj                   836     0         0      
       tm4c123gh6pm_startup_ccs.obj   12      620       0      
       uart0.obj                      492     0         0      
       wait.obj                       28      0         0      
       clock.obj                      16      0         0      
    +--+------------------------------+-------+---------+---------+
       Total:                         6348    620       10     
                                                               
    C:\ti\ccs1260\ccs\tools\compiler\ti-cgt-arm_20.2.7.LTS\lib\rtsv7M4_T_le_v4SPD16_eabi.lib
       k_rem_pio2.c.obj               1848    344       0      
       s_sin.c.obj                    1504    0         0      
       s_cos.c.obj                    1500    0         0      
       strtod.c.obj                   1120    200       0      
       fd_add_t2.asm.obj              438     0         0      
       k_sin.c.obj                    372     0         0      
       k_cos.c.obj                    368     0         0      
       fd_div_t2.asm.obj              310     0         0      
       s_scalbn.c.obj                 272     0         0      
       fd_cmp_t2.asm.obj              268     0         0      
       ctype.c.obj                    0       257       0      
       fd_mul_t2.asm.obj              252     0         0      
       s_floor.c.obj                  248     0         0      
       memcpy_t2.asm.obj              156     0         0      
       fd_tos_t2.asm.obj              110     0         0      
       copy_decompress_lzss.c.obj     104     0         0      
       atoi.c.obj                     76      0         0      
       fd_toi_t2.asm.obj              72      0         0      
       autoinit.c.obj                 68      0         0      
       fs_tod_t2.asm.obj              56      0         0      
       boot_cortex_m.c.obj            52      0         0      
       i_tofd_t2.asm.obj              46      0         0      
       u_tofd_t2.asm.obj              32      0         0      
       copy_zero_init.c.obj           28      0         0      
       s_copysign.c.obj               26      0         0      
       atof.c.obj                     18      0         0      
       copy_decompress_none.c.obj     14      0         0      
       errno.c.obj                    8       0         4      
       exit.c.obj                     4       0         0      
       pre_init.c.obj                 4       0         0      
    +--+------------------------------+-------+---------+---------+
       Total:                         9374    801       4      
                                                               
       Stack:                         0       0         4096   
       Linker Generated:              0       43        0      
    +--+------------------------------+-------+---------+---------+
       Grand Total:                   15722   1464      4110   


LINKER GENERATED COPY TABLES

__TI_cinit_table @ 00004328 records: 2, size/record: 8, table size: 16
	.bss: load addr=00004318, load size=00000008 bytes, run addr=20001000, run size=0000000a bytes, compression=zero_init
	.data: load addr=00004320, load size=00000007 bytes, run addr=2000100c, run size=00000004 bytes, compression=lzss


LINKER GENERATED HANDLER TABLE

__TI_handler_table @ 00004308 records: 3, size/record: 4, table size: 12
	index: 0, handler: __TI_decompress_lzss
	index: 1, handler: __TI_decompress_none
	index: 2, handler: __TI_zero_init


GLOBAL SYMBOLS: SORTED ALPHABETICALLY BY Name 

address   name                          
-------   ----                          
00003fdd  C$$EXIT                       
00003fc3  ResetISR                      
20001000  __STACK_END                   
00001000  __STACK_SIZE                  
20000200  __STACK_TOP                   
00004328  __TI_CINIT_Base               
00004338  __TI_CINIT_Limit              
00004308  __TI_Handler_Table_Base       
00004314  __TI_Handler_Table_Limit      
00003e41  __TI_auto_init_nobinit_nopinit
00003d43  __TI_decompress_lzss          
00003fb5  __TI_decompress_none          
ffffffff  __TI_pprof_out_hndl           
ffffffff  __TI_prof_data_size           
ffffffff  __TI_prof_data_start          
00000000  __TI_static_base__            
00003f3f  __TI_zero_init_nomemset       
00003bc9  __aeabi_cdcmpeq               
00003bc9  __aeabi_cdcmple               
00003c4f  __aeabi_cdrcmple              
00003cd5  __aeabi_d2f                   
00003df9  __aeabi_d2iz                  
0000325f  __aeabi_dadd                  
000036f1  __aeabi_ddiv                  
00003939  __aeabi_dmul                  
00003255  __aeabi_dsub                  
00003fd1  __aeabi_errno_addr            
00003e85  __aeabi_f2d                   
00003ef1  __aeabi_i2d                   
00003b2d  __aeabi_memcpy                
00003b2d  __aeabi_memcpy4               
00003b2d  __aeabi_memcpy8               
00003f1f  __aeabi_ui2d                  
ffffffff  __binit__                     
ffffffff  __c_args__                    
00003581  __kernel_cos                  
000011b9  __kernel_rem_pio2             
0000340d  __kernel_sin                  
UNDEFED   __mpu_init                    
20000000  __stack                       
20000000  __start___llvm_prf_cnts       
20000000  __stop___llvm_prf_cnts        
00003ebd  _c_int00_noargs               
00004138  _ctypes_                      
UNDEFED   _system_post_cinit            
00003fd9  _system_pre_init              
00003fdd  abort                         
00003f91  atof                          
00003dad  atoi                          
ffffffff  binit                         
00002d45  calculateError                
00002ebd  calibrate                     
00002fdd  cclockWise                    
000008c1  clearPinInterrupt             
00002f71  clockWise                     
00003f77  copysign                      
00003f77  copysignl                     
00001ed1  cos                           
00001ed1  cosl                          
20001000  currentAngle                  
20001008  currentPhase                  
0000089d  disablePinInterrupt           
000005d5  disablePinPulldown            
0000058d  disablePinPullup              
00000329  disablePort                   
00000879  enablePinInterrupt            
000005b1  enablePinPulldown             
0000055f  enablePinPullup               
0000026d  enablePort                    
2000100c  errno                         
20001004  error                         
00003a35  floor                         
00003a35  floorl                        
00000000  g_pfnVectors                  
00002ca9  getFieldFloat                 
00002ab5  getFieldInteger               
00002a31  getFieldString                
0000092f  getPinValue                   
000009e5  getPortValue                  
00003169  getcUart0                     
0000317d  getsUart0                     
00000a75  initHw                        
00003fa5  initSystemClockTo40Mhz        
00003069  initUart0                     
00002b13  isCommand                     
00002bc5  itoa                          
00003205  kbhitUart0                    
00003829  ldexp                         
00003829  ldexpl                        
00000e51  main                          
00003b2d  memcpy                        
00000b81  microstep                     
20001009  motorfactor                   
0000290d  parseFields                   
00003121  putcUart0                     
0000313d  putsUart0                     
00002db7  rotatePhase1                  
00003829  scalbn                        
00003829  scalbnl                       
00000493  selectPinAnalogInput          
00000445  selectPinDigitalInput         
000007af  selectPinInterruptBothEdges   
0000075f  selectPinInterruptFallingEdge 
00000805  selectPinInterruptHighLevel   
0000083f  selectPinInterruptLowLevel    
0000070f  selectPinInterruptRisingEdge  
000003f7  selectPinOpenDrainOutput      
000003a9  selectPinPushPullOutput       
000005fd  setPinAuxFunction             
000004e3  setPinCommitControl           
000008e5  setPinValue                   
0000096d  setPortValue                  
00002d25  setPwmDutyCycle               
000030dd  setUart0BaudRate              
000018f1  sin                           
000018f1  sinl                          
00002b7b  stringCmp                     
000024ad  strtod                        
000024ad  strtold                       
0000090b  togglePinValue                
00003f5b  waitMicrosecond               


GLOBAL SYMBOLS: SORTED BY Symbol Address 

address   name                          
-------   ----                          
00000000  __TI_static_base__            
00000000  g_pfnVectors                  
0000026d  enablePort                    
00000329  disablePort                   
000003a9  selectPinPushPullOutput       
000003f7  selectPinOpenDrainOutput      
00000445  selectPinDigitalInput         
00000493  selectPinAnalogInput          
000004e3  setPinCommitControl           
0000055f  enablePinPullup               
0000058d  disablePinPullup              
000005b1  enablePinPulldown             
000005d5  disablePinPulldown            
000005fd  setPinAuxFunction             
0000070f  selectPinInterruptRisingEdge  
0000075f  selectPinInterruptFallingEdge 
000007af  selectPinInterruptBothEdges   
00000805  selectPinInterruptHighLevel   
0000083f  selectPinInterruptLowLevel    
00000879  enablePinInterrupt            
0000089d  disablePinInterrupt           
000008c1  clearPinInterrupt             
000008e5  setPinValue                   
0000090b  togglePinValue                
0000092f  getPinValue                   
0000096d  setPortValue                  
000009e5  getPortValue                  
00000a75  initHw                        
00000b81  microstep                     
00000e51  main                          
00001000  __STACK_SIZE                  
000011b9  __kernel_rem_pio2             
000018f1  sin                           
000018f1  sinl                          
00001ed1  cos                           
00001ed1  cosl                          
000024ad  strtod                        
000024ad  strtold                       
0000290d  parseFields                   
00002a31  getFieldString                
00002ab5  getFieldInteger               
00002b13  isCommand                     
00002b7b  stringCmp                     
00002bc5  itoa                          
00002ca9  getFieldFloat                 
00002d25  setPwmDutyCycle               
00002d45  calculateError                
00002db7  rotatePhase1                  
00002ebd  calibrate                     
00002f71  clockWise                     
00002fdd  cclockWise                    
00003069  initUart0                     
000030dd  setUart0BaudRate              
00003121  putcUart0                     
0000313d  putsUart0                     
00003169  getcUart0                     
0000317d  getsUart0                     
00003205  kbhitUart0                    
00003255  __aeabi_dsub                  
0000325f  __aeabi_dadd                  
0000340d  __kernel_sin                  
00003581  __kernel_cos                  
000036f1  __aeabi_ddiv                  
00003829  ldexp                         
00003829  ldexpl                        
00003829  scalbn                        
00003829  scalbnl                       
00003939  __aeabi_dmul                  
00003a35  floor                         
00003a35  floorl                        
00003b2d  __aeabi_memcpy                
00003b2d  __aeabi_memcpy4               
00003b2d  __aeabi_memcpy8               
00003b2d  memcpy                        
00003bc9  __aeabi_cdcmpeq               
00003bc9  __aeabi_cdcmple               
00003c4f  __aeabi_cdrcmple              
00003cd5  __aeabi_d2f                   
00003d43  __TI_decompress_lzss          
00003dad  atoi                          
00003df9  __aeabi_d2iz                  
00003e41  __TI_auto_init_nobinit_nopinit
00003e85  __aeabi_f2d                   
00003ebd  _c_int00_noargs               
00003ef1  __aeabi_i2d                   
00003f1f  __aeabi_ui2d                  
00003f3f  __TI_zero_init_nomemset       
00003f5b  waitMicrosecond               
00003f77  copysign                      
00003f77  copysignl                     
00003f91  atof                          
00003fa5  initSystemClockTo40Mhz        
00003fb5  __TI_decompress_none          
00003fc3  ResetISR                      
00003fd1  __aeabi_errno_addr            
00003fd9  _system_pre_init              
00003fdd  C$$EXIT                       
00003fdd  abort                         
00004138  _ctypes_                      
00004308  __TI_Handler_Table_Base       
00004314  __TI_Handler_Table_Limit      
00004328  __TI_CINIT_Base               
00004338  __TI_CINIT_Limit              
20000000  __stack                       
20000000  __start___llvm_prf_cnts       
20000000  __stop___llvm_prf_cnts        
20000200  __STACK_TOP                   
20001000  __STACK_END                   
20001000  currentAngle                  
20001004  error                         
20001008  currentPhase                  
20001009  motorfactor                   
2000100c  errno                         
ffffffff  __TI_pprof_out_hndl           
ffffffff  __TI_prof_data_size           
ffffffff  __TI_prof_data_start          
ffffffff  __binit__                     
ffffffff  __c_args__                    
ffffffff  binit                         
UNDEFED   __mpu_init                    
UNDEFED   _system_post_cinit            

[121 symbols]
