******************************************************************************
                  TI ARM Linker PC v20.2.7                     
******************************************************************************
>> Linked Sun Nov 17 19:02:24 2024

OUTPUT FILE NAME:   <Mechatronics_Lab7.out>
ENTRY POINT SYMBOL: "_c_int00_noargs"  address: 00002ab5


MEMORY CONFIGURATION

         name            origin    length      used     unused   attr    fill
----------------------  --------  ---------  --------  --------  ----  --------
  FLASH                 00000000   00040000  00002d49  0003d2b7  R  X
  SRAM                  20000000   00008000  00001008  00006ff8  RW X


SEGMENT ALLOCATION MAP

run origin  load origin   length   init length attrs members
----------  ----------- ---------- ----------- ----- -------
00000000    00000000    00002d50   00002d50    r-x
  00000000    00000000    0000026c   0000026c    r-- .intvecs
  0000026c    0000026c    000029c4   000029c4    r-x .text
  00002c30    00002c30    00000101   00000101    r-- .const
  00002d38    00002d38    00000018   00000018    r-- .cinit
20000000    20000000    00001008   00000000    rw-
  20000000    20000000    00001000   00000000    rw- .stack
  20001000    20001000    00000008   00000000    rw- .data


SECTION ALLOCATION MAP

 output                                  attributes/
section   page    origin      length       input sections
--------  ----  ----------  ----------   ----------------
.intvecs   0    00000000    0000026c     
                  00000000    0000026c     tm4c1230h6pm_startup_ccs.obj (.intvecs)

.text      0    0000026c    000029c4     
                  0000026c    00000a4e     rtsv7M4_T_le_v4SPD16_eabi.lib : _printfi.c.obj (.text:__TI_printfi)
                  00000cba    00000002                                   : div0.asm.obj (.text)
                  00000cbc    00000808     gpio.obj (.text)
                  000014c4    00000270     rtsv7M4_T_le_v4SPD16_eabi.lib : _printfi.c.obj (.text:_pconv_a)
                  00001734    000001d0                                   : _printfi.c.obj (.text:_pconv_g)
                  00001904    000001c0     main.obj (.text)
                  00001ac4    000001b6     rtsv7M4_T_le_v4SPD16_eabi.lib : fd_add_t2.asm.obj (.text)
                  00001c7a    00000002     --HOLE-- [fill = 0]
                  00001c7c    00000158     uart0.obj (.text)
                  00001dd4    0000013c     rtsv7M4_T_le_v4SPD16_eabi.lib : _printfi.c.obj (.text:_pconv_e)
                  00001f10    00000136                                   : fd_div_t2.asm.obj (.text)
                  00002046    00000002     --HOLE-- [fill = 0]
                  00002048    00000124                                   : _printfi.c.obj (.text:fcvt)
                  0000216c    00000110                                   : s_scalbn.c.obj (.text:scalbn)
                  0000227c    000000fc                                   : fd_mul_t2.asm.obj (.text)
                  00002378    000000b1                                   : _printfi.c.obj (.text:_ltostr)
                  00002429    00000001     --HOLE-- [fill = 0]
                  0000242a    0000009c                                   : memcpy_t2.asm.obj (.text)
                  000024c6    00000096                                   : ull_div_t2.asm.obj (.text)
                  0000255c    00000086                                   : fd_cmp_t2.asm.obj (.text:__aeabi_cdcmple)
                  000025e2    00000086                                   : fd_cmp_t2.asm.obj (.text:__aeabi_cdrcmple)
                  00002668    0000007a                                   : memset_t2.asm.obj (.text)
                  000026e2    0000006e                                   : _printfi.c.obj (.text:_mcpy)
                  00002750    00000068                                   : copy_decompress_lzss.c.obj (.text:decompress:lzss:__TI_decompress_lzss)
                  000027b8    00000064                                   : s_frexp.c.obj (.text:frexp)
                  0000281c    00000056                                   : _printfi.c.obj (.text:_pconv_f)
                  00002872    00000054                                   : _ltoa.c.obj (.text:__TI_ltoa)
                  000028c6    00000052                                   : _printfi.c.obj (.text:_ecpy)
                  00002918    0000004c                                   : atoi.c.obj (.text:atoi)
                  00002964    0000004c                                   : snprintf.c.obj (.text:snprintf)
                  000029b0    00000048                                   : fd_toi_t2.asm.obj (.text)
                  000029f8    00000044                                   : autoinit.c.obj (.text:__TI_auto_init_nobinit_nopinit:__TI_auto_init_nobinit_nopinit)
                  00002a3c    0000003e                                   : _printfi.c.obj (.text:_fcpy)
                  00002a7a    00000038                                   : fs_tod_t2.asm.obj (.text)
                  00002ab2    00000002     --HOLE-- [fill = 0]
                  00002ab4    00000034                                   : boot_cortex_m.c.obj (.text:_c_int00_noargs:_c_int00_noargs)
                  00002ae8    00000030                                   : snprintf.c.obj (.text:_outs)
                  00002b18    0000002e                                   : i_tofd_t2.asm.obj (.text)
                  00002b46    00000024     wait.obj (.text)
                  00002b6a    0000001c     rtsv7M4_T_le_v4SPD16_eabi.lib : memccpy.c.obj (.text:memccpy)
                  00002b86    0000001a                                   : s_copysign.c.obj (.text:copysign)
                  00002ba0    00000018                                   : snprintf.c.obj (.text:_outc)
                  00002bb8    00000016                                   : strchr.c.obj (.text:strchr)
                  00002bce    00000014                                   : strlen.c.obj (.text:strlen)
                  00002be2    00000012                                   : wcslen.c.obj (.text:wcslen)
                  00002bf4    00000010     clock.obj (.text)
                  00002c04    0000000e     rtsv7M4_T_le_v4SPD16_eabi.lib : copy_decompress_none.c.obj (.text:decompress:none:__TI_decompress_none)
                  00002c12    0000000c     tm4c1230h6pm_startup_ccs.obj (.text)
                  00002c1e    00000002     --HOLE-- [fill = 0]
                  00002c20    00000008     rtsv7M4_T_le_v4SPD16_eabi.lib : errno.c.obj (.text:__aeabi_errno_addr)
                  00002c28    00000004                                   : pre_init.c.obj (.text:_system_pre_init)
                  00002c2c    00000004                                   : exit.c.obj (.text:abort:abort)

.const     0    00002c30    00000101     
                  00002c30    00000101     rtsv7M4_T_le_v4SPD16_eabi.lib : ctype.c.obj (.const:.string:_ctypes_)

.cinit     0    00002d38    00000018     
                  00002d38    00000008     (__TI_handler_table)
                  00002d40    00000007     (.cinit..data.load) [load image, compression = lzss]
                  00002d47    00000001     --HOLE-- [fill = 0]
                  00002d48    00000008     (__TI_cinit_table)

.init_array 
*          0    00000000    00000000     UNINITIALIZED

.data      0    20001000    00000008     UNINITIALIZED
                  20001000    00000004     main.obj (.data)
                  20001004    00000004     rtsv7M4_T_le_v4SPD16_eabi.lib : errno.c.obj (.data)

.stack     0    20000000    00001000     UNINITIALIZED
                  20000000    00000004     rtsv7M4_T_le_v4SPD16_eabi.lib : boot_cortex_m.c.obj (.stack)
                  20000004    00000ffc     --HOLE--

__llvm_prf_cnts 
*          0    20000000    00000000     UNINITIALIZED

MODULE SUMMARY

       Module                         code    ro data   rw data
       ------                         ----    -------   -------
    .\
       gpio.obj                       2056    0         0      
       tm4c1230h6pm_startup_ccs.obj   12      620       0      
       main.obj                       448     0         4      
       uart0.obj                      344     0         0      
       wait.obj                       36      0         0      
       clock.obj                      16      0         0      
    +--+------------------------------+-------+---------+---------+
       Total:                         2912    620       4      
                                                               
    C:\ti\ccs1260\ccs\tools\compiler\ti-cgt-arm_20.2.7.LTS\lib\rtsv7M4_T_le_v4SPD16_eabi.lib
       _printfi.c.obj                 4851    0         0      
       fd_add_t2.asm.obj              438     0         0      
       fd_div_t2.asm.obj              310     0         0      
       s_scalbn.c.obj                 272     0         0      
       fd_cmp_t2.asm.obj              268     0         0      
       ctype.c.obj                    0       257       0      
       fd_mul_t2.asm.obj              252     0         0      
       memcpy_t2.asm.obj              156     0         0      
       ull_div_t2.asm.obj             150     0         0      
       snprintf.c.obj                 148     0         0      
       memset_t2.asm.obj              122     0         0      
       copy_decompress_lzss.c.obj     104     0         0      
       s_frexp.c.obj                  100     0         0      
       _ltoa.c.obj                    84      0         0      
       atoi.c.obj                     76      0         0      
       fd_toi_t2.asm.obj              72      0         0      
       autoinit.c.obj                 68      0         0      
       fs_tod_t2.asm.obj              56      0         0      
       boot_cortex_m.c.obj            52      0         0      
       i_tofd_t2.asm.obj              46      0         0      
       memccpy.c.obj                  28      0         0      
       s_copysign.c.obj               26      0         0      
       strchr.c.obj                   22      0         0      
       strlen.c.obj                   20      0         0      
       wcslen.c.obj                   18      0         0      
       copy_decompress_none.c.obj     14      0         0      
       errno.c.obj                    8       0         4      
       exit.c.obj                     4       0         0      
       pre_init.c.obj                 4       0         0      
       div0.asm.obj                   2       0         0      
    +--+------------------------------+-------+---------+---------+
       Total:                         7771    257       4      
                                                               
       Stack:                         0       0         4096   
       Linker Generated:              0       23        0      
    +--+------------------------------+-------+---------+---------+
       Grand Total:                   10683   900       4104   


LINKER GENERATED COPY TABLES

__TI_cinit_table @ 00002d48 records: 1, size/record: 8, table size: 8
	.data: load addr=00002d40, load size=00000007 bytes, run addr=20001000, run size=00000008 bytes, compression=lzss


LINKER GENERATED HANDLER TABLE

__TI_handler_table @ 00002d38 records: 2, size/record: 4, table size: 8
	index: 0, handler: __TI_decompress_lzss
	index: 1, handler: __TI_decompress_none


GLOBAL SYMBOLS: SORTED ALPHABETICALLY BY Name 

address   name                          
-------   ----                          
00002c2d  C$$EXIT                       
00002c13  ResetISR                      
20001000  __STACK_END                   
00001000  __STACK_SIZE                  
20000200  __STACK_TOP                   
00002d48  __TI_CINIT_Base               
00002d50  __TI_CINIT_Limit              
00002d38  __TI_Handler_Table_Base       
00002d40  __TI_Handler_Table_Limit      
000029f9  __TI_auto_init_nobinit_nopinit
00002751  __TI_decompress_lzss          
00002c05  __TI_decompress_none          
00002873  __TI_ltoa                     
ffffffff  __TI_pprof_out_hndl           
0000026d  __TI_printfi                  
ffffffff  __TI_prof_data_size           
ffffffff  __TI_prof_data_start          
00000000  __TI_static_base__            
0000255d  __aeabi_cdcmpeq               
0000255d  __aeabi_cdcmple               
000025e3  __aeabi_cdrcmple              
000029b1  __aeabi_d2iz                  
00001acf  __aeabi_dadd                  
00001f11  __aeabi_ddiv                  
0000227d  __aeabi_dmul                  
00001ac5  __aeabi_dsub                  
00002c21  __aeabi_errno_addr            
00002a7b  __aeabi_f2d                   
00002b19  __aeabi_i2d                   
00000cbb  __aeabi_idiv0                 
00000cbb  __aeabi_ldiv0                 
00002669  __aeabi_memclr                
00002669  __aeabi_memclr4               
00002669  __aeabi_memclr8               
0000242b  __aeabi_memcpy                
0000242b  __aeabi_memcpy4               
0000242b  __aeabi_memcpy8               
0000266b  __aeabi_memset                
0000266b  __aeabi_memset4               
0000266b  __aeabi_memset8               
000024c7  __aeabi_uldivmod              
ffffffff  __binit__                     
ffffffff  __c_args__                    
UNDEFED   __mpu_init                    
20000000  __stack                       
20000000  __start___llvm_prf_cnts       
20000000  __stop___llvm_prf_cnts        
00002ab5  _c_int00_noargs               
00002c30  _ctypes_                      
UNDEFED   _system_post_cinit            
00002c29  _system_pre_init              
00002c2d  abort                         
00002919  atoi                          
ffffffff  binit                         
00001311  clearPinInterrupt             
00002b87  copysign                      
00002b87  copysignl                     
20001000  data                          
000012ed  disablePinInterrupt           
00001025  disablePinPulldown            
00000fdd  disablePinPullup              
00000d79  disablePort                   
000012c9  enablePinInterrupt            
00001001  enablePinPulldown             
00000faf  enablePinPullup               
00000cbd  enablePort                    
20001004  errno                         
000027b9  frexp                         
000027b9  frexpl                        
00000000  g_pfnVectors                  
0000137f  getPinValue                   
00001435  getPortValue                  
00001d71  getcUart0                     
00001905  initHw                        
00002bf5  initSystemClockTo40Mhz        
00001c7d  initUart0                     
00001d85  kbhitUart0                    
0000216d  ldexp                         
0000216d  ldexpl                        
00001931  main                          
00002b6b  memccpy                       
0000242b  memcpy                        
00002671  memset                        
00001d31  putcUart0                     
00001d4d  putsUart0                     
0000216d  scalbn                        
0000216d  scalbnl                       
00000ee3  selectPinAnalogInput          
00000e95  selectPinDigitalInput         
000011ff  selectPinInterruptBothEdges   
000011af  selectPinInterruptFallingEdge 
00001255  selectPinInterruptHighLevel   
0000128f  selectPinInterruptLowLevel    
0000115f  selectPinInterruptRisingEdge  
00000e47  selectPinOpenDrainOutput      
00000df9  selectPinPushPullOutput       
0000104d  setPinAuxFunction             
00000f33  setPinCommitControl           
00001335  setPinValue                   
000013bd  setPortValue                  
00001cf1  setUart0BaudRate              
00002965  snprintf                      
00002bb9  strchr                        
00002bcf  strlen                        
0000135b  togglePinValue                
00002b47  waitMicrosecond               
00002be3  wcslen                        


GLOBAL SYMBOLS: SORTED BY Symbol Address 

address   name                          
-------   ----                          
00000000  __TI_static_base__            
00000000  g_pfnVectors                  
0000026d  __TI_printfi                  
00000cbb  __aeabi_idiv0                 
00000cbb  __aeabi_ldiv0                 
00000cbd  enablePort                    
00000d79  disablePort                   
00000df9  selectPinPushPullOutput       
00000e47  selectPinOpenDrainOutput      
00000e95  selectPinDigitalInput         
00000ee3  selectPinAnalogInput          
00000f33  setPinCommitControl           
00000faf  enablePinPullup               
00000fdd  disablePinPullup              
00001000  __STACK_SIZE                  
00001001  enablePinPulldown             
00001025  disablePinPulldown            
0000104d  setPinAuxFunction             
0000115f  selectPinInterruptRisingEdge  
000011af  selectPinInterruptFallingEdge 
000011ff  selectPinInterruptBothEdges   
00001255  selectPinInterruptHighLevel   
0000128f  selectPinInterruptLowLevel    
000012c9  enablePinInterrupt            
000012ed  disablePinInterrupt           
00001311  clearPinInterrupt             
00001335  setPinValue                   
0000135b  togglePinValue                
0000137f  getPinValue                   
000013bd  setPortValue                  
00001435  getPortValue                  
00001905  initHw                        
00001931  main                          
00001ac5  __aeabi_dsub                  
00001acf  __aeabi_dadd                  
00001c7d  initUart0                     
00001cf1  setUart0BaudRate              
00001d31  putcUart0                     
00001d4d  putsUart0                     
00001d71  getcUart0                     
00001d85  kbhitUart0                    
00001f11  __aeabi_ddiv                  
0000216d  ldexp                         
0000216d  ldexpl                        
0000216d  scalbn                        
0000216d  scalbnl                       
0000227d  __aeabi_dmul                  
0000242b  __aeabi_memcpy                
0000242b  __aeabi_memcpy4               
0000242b  __aeabi_memcpy8               
0000242b  memcpy                        
000024c7  __aeabi_uldivmod              
0000255d  __aeabi_cdcmpeq               
0000255d  __aeabi_cdcmple               
000025e3  __aeabi_cdrcmple              
00002669  __aeabi_memclr                
00002669  __aeabi_memclr4               
00002669  __aeabi_memclr8               
0000266b  __aeabi_memset                
0000266b  __aeabi_memset4               
0000266b  __aeabi_memset8               
00002671  memset                        
00002751  __TI_decompress_lzss          
000027b9  frexp                         
000027b9  frexpl                        
00002873  __TI_ltoa                     
00002919  atoi                          
00002965  snprintf                      
000029b1  __aeabi_d2iz                  
000029f9  __TI_auto_init_nobinit_nopinit
00002a7b  __aeabi_f2d                   
00002ab5  _c_int00_noargs               
00002b19  __aeabi_i2d                   
00002b47  waitMicrosecond               
00002b6b  memccpy                       
00002b87  copysign                      
00002b87  copysignl                     
00002bb9  strchr                        
00002bcf  strlen                        
00002be3  wcslen                        
00002bf5  initSystemClockTo40Mhz        
00002c05  __TI_decompress_none          
00002c13  ResetISR                      
00002c21  __aeabi_errno_addr            
00002c29  _system_pre_init              
00002c2d  C$$EXIT                       
00002c2d  abort                         
00002c30  _ctypes_                      
00002d38  __TI_Handler_Table_Base       
00002d40  __TI_Handler_Table_Limit      
00002d48  __TI_CINIT_Base               
00002d50  __TI_CINIT_Limit              
20000000  __stack                       
20000000  __start___llvm_prf_cnts       
20000000  __stop___llvm_prf_cnts        
20000200  __STACK_TOP                   
20001000  __STACK_END                   
20001000  data                          
20001004  errno                         
ffffffff  __TI_pprof_out_hndl           
ffffffff  __TI_prof_data_size           
ffffffff  __TI_prof_data_start          
ffffffff  __binit__                     
ffffffff  __c_args__                    
ffffffff  binit                         
UNDEFED   __mpu_init                    
UNDEFED   _system_post_cinit            

[107 symbols]
