<?xml version="1.0" encoding="ISO-8859-1" ?>
<link_info>
   <banner>TI ARM Linker PC v20.2.7.LTS</banner>
   <copyright>Copyright (c) 1996-2018 Texas Instruments Incorporated</copyright>
   <link_time>0x66fde7e1</link_time>
   <link_errors>0x0</link_errors>
   <output_file>Lab_3.out</output_file>
   <entry_point>
      <name>_c_int00_noargs</name>
      <address>0x31ed</address>
   </entry_point>
   <input_file_list>
      <input_file id="fl-2">
         <path>.\</path>
         <kind>object</kind>
         <file>adc.obj</file>
         <name>adc.obj</name>
      </input_file>
      <input_file id="fl-3">
         <path>.\</path>
         <kind>object</kind>
         <file>clock.obj</file>
         <name>clock.obj</name>
      </input_file>
      <input_file id="fl-4">
         <path>.\</path>
         <kind>object</kind>
         <file>freq_time.obj</file>
         <name>freq_time.obj</name>
      </input_file>
      <input_file id="fl-5">
         <path>.\</path>
         <kind>object</kind>
         <file>gpio.obj</file>
         <name>gpio.obj</name>
      </input_file>
      <input_file id="fl-6">
         <path>.\</path>
         <kind>object</kind>
         <file>nvic.obj</file>
         <name>nvic.obj</name>
      </input_file>
      <input_file id="fl-7">
         <path>.\</path>
         <kind>object</kind>
         <file>stringf.obj</file>
         <name>stringf.obj</name>
      </input_file>
      <input_file id="fl-8">
         <path>.\</path>
         <kind>object</kind>
         <file>tm4c123gh6pm_startup_ccs.obj</file>
         <name>tm4c123gh6pm_startup_ccs.obj</name>
      </input_file>
      <input_file id="fl-9">
         <path>.\</path>
         <kind>object</kind>
         <file>uart0.obj</file>
         <name>uart0.obj</name>
      </input_file>
      <input_file id="fl-a">
         <path>.\</path>
         <kind>object</kind>
         <file>wait.obj</file>
         <name>wait.obj</name>
      </input_file>
      <input_file id="fl-e">
         <kind>object</kind>
         <file>&lt;internal&gt;</file>
         <name>&lt;internal&gt;</name>
      </input_file>
      <input_file id="fl-c4">
         <path>C:\ti\ccs1260\ccs\tools\compiler\ti-cgt-arm_20.2.7.LTS\lib\</path>
         <kind>archive</kind>
         <file>rtsv7M4_T_le_v4SPD16_eabi.lib</file>
         <name>snprintf.c.obj</name>
      </input_file>
      <input_file id="fl-c5">
         <path>C:\ti\ccs1260\ccs\tools\compiler\ti-cgt-arm_20.2.7.LTS\lib\</path>
         <kind>archive</kind>
         <file>rtsv7M4_T_le_v4SPD16_eabi.lib</file>
         <name>fd_add_t2.asm.obj</name>
      </input_file>
      <input_file id="fl-c6">
         <path>C:\ti\ccs1260\ccs\tools\compiler\ti-cgt-arm_20.2.7.LTS\lib\</path>
         <kind>archive</kind>
         <file>rtsv7M4_T_le_v4SPD16_eabi.lib</file>
         <name>fd_div_t2.asm.obj</name>
      </input_file>
      <input_file id="fl-c7">
         <path>C:\ti\ccs1260\ccs\tools\compiler\ti-cgt-arm_20.2.7.LTS\lib\</path>
         <kind>archive</kind>
         <file>rtsv7M4_T_le_v4SPD16_eabi.lib</file>
         <name>fd_mul_t2.asm.obj</name>
      </input_file>
      <input_file id="fl-c8">
         <path>C:\ti\ccs1260\ccs\tools\compiler\ti-cgt-arm_20.2.7.LTS\lib\</path>
         <kind>archive</kind>
         <file>rtsv7M4_T_le_v4SPD16_eabi.lib</file>
         <name>fd_tos_t2.asm.obj</name>
      </input_file>
      <input_file id="fl-c9">
         <path>C:\ti\ccs1260\ccs\tools\compiler\ti-cgt-arm_20.2.7.LTS\lib\</path>
         <kind>archive</kind>
         <file>rtsv7M4_T_le_v4SPD16_eabi.lib</file>
         <name>fs_tod_t2.asm.obj</name>
      </input_file>
      <input_file id="fl-ca">
         <path>C:\ti\ccs1260\ccs\tools\compiler\ti-cgt-arm_20.2.7.LTS\lib\</path>
         <kind>archive</kind>
         <file>rtsv7M4_T_le_v4SPD16_eabi.lib</file>
         <name>memcpy_t2.asm.obj</name>
      </input_file>
      <input_file id="fl-cb">
         <path>C:\ti\ccs1260\ccs\tools\compiler\ti-cgt-arm_20.2.7.LTS\lib\</path>
         <kind>archive</kind>
         <file>rtsv7M4_T_le_v4SPD16_eabi.lib</file>
         <name>u_tofd_t2.asm.obj</name>
      </input_file>
      <input_file id="fl-cc">
         <path>C:\ti\ccs1260\ccs\tools\compiler\ti-cgt-arm_20.2.7.LTS\lib\</path>
         <kind>archive</kind>
         <file>rtsv7M4_T_le_v4SPD16_eabi.lib</file>
         <name>copy_zero_init.c.obj</name>
      </input_file>
      <input_file id="fl-cd">
         <path>C:\ti\ccs1260\ccs\tools\compiler\ti-cgt-arm_20.2.7.LTS\lib\</path>
         <kind>archive</kind>
         <file>rtsv7M4_T_le_v4SPD16_eabi.lib</file>
         <name>copy_decompress_none.c.obj</name>
      </input_file>
      <input_file id="fl-ce">
         <path>C:\ti\ccs1260\ccs\tools\compiler\ti-cgt-arm_20.2.7.LTS\lib\</path>
         <kind>archive</kind>
         <file>rtsv7M4_T_le_v4SPD16_eabi.lib</file>
         <name>copy_decompress_lzss.c.obj</name>
      </input_file>
      <input_file id="fl-cf">
         <path>C:\ti\ccs1260\ccs\tools\compiler\ti-cgt-arm_20.2.7.LTS\lib\</path>
         <kind>archive</kind>
         <file>rtsv7M4_T_le_v4SPD16_eabi.lib</file>
         <name>atoi.c.obj</name>
      </input_file>
      <input_file id="fl-d0">
         <path>C:\ti\ccs1260\ccs\tools\compiler\ti-cgt-arm_20.2.7.LTS\lib\</path>
         <kind>archive</kind>
         <file>rtsv7M4_T_le_v4SPD16_eabi.lib</file>
         <name>ctype.c.obj</name>
      </input_file>
      <input_file id="fl-d1">
         <path>C:\ti\ccs1260\ccs\tools\compiler\ti-cgt-arm_20.2.7.LTS\lib\</path>
         <kind>archive</kind>
         <file>rtsv7M4_T_le_v4SPD16_eabi.lib</file>
         <name>boot_cortex_m.c.obj</name>
      </input_file>
      <input_file id="fl-d2">
         <path>C:\ti\ccs1260\ccs\tools\compiler\ti-cgt-arm_20.2.7.LTS\lib\</path>
         <kind>archive</kind>
         <file>rtsv7M4_T_le_v4SPD16_eabi.lib</file>
         <name>_printfi.c.obj</name>
      </input_file>
      <input_file id="fl-d3">
         <path>C:\ti\ccs1260\ccs\tools\compiler\ti-cgt-arm_20.2.7.LTS\lib\</path>
         <kind>archive</kind>
         <file>rtsv7M4_T_le_v4SPD16_eabi.lib</file>
         <name>fd_cmp_t2.asm.obj</name>
      </input_file>
      <input_file id="fl-d4">
         <path>C:\ti\ccs1260\ccs\tools\compiler\ti-cgt-arm_20.2.7.LTS\lib\</path>
         <kind>archive</kind>
         <file>rtsv7M4_T_le_v4SPD16_eabi.lib</file>
         <name>fd_toi_t2.asm.obj</name>
      </input_file>
      <input_file id="fl-d5">
         <path>C:\ti\ccs1260\ccs\tools\compiler\ti-cgt-arm_20.2.7.LTS\lib\</path>
         <kind>archive</kind>
         <file>rtsv7M4_T_le_v4SPD16_eabi.lib</file>
         <name>i_tofd_t2.asm.obj</name>
      </input_file>
      <input_file id="fl-d6">
         <path>C:\ti\ccs1260\ccs\tools\compiler\ti-cgt-arm_20.2.7.LTS\lib\</path>
         <kind>archive</kind>
         <file>rtsv7M4_T_le_v4SPD16_eabi.lib</file>
         <name>memset_t2.asm.obj</name>
      </input_file>
      <input_file id="fl-d7">
         <path>C:\ti\ccs1260\ccs\tools\compiler\ti-cgt-arm_20.2.7.LTS\lib\</path>
         <kind>archive</kind>
         <file>rtsv7M4_T_le_v4SPD16_eabi.lib</file>
         <name>ull_div_t2.asm.obj</name>
      </input_file>
      <input_file id="fl-d8">
         <path>C:\ti\ccs1260\ccs\tools\compiler\ti-cgt-arm_20.2.7.LTS\lib\</path>
         <kind>archive</kind>
         <file>rtsv7M4_T_le_v4SPD16_eabi.lib</file>
         <name>autoinit.c.obj</name>
      </input_file>
      <input_file id="fl-d9">
         <path>C:\ti\ccs1260\ccs\tools\compiler\ti-cgt-arm_20.2.7.LTS\lib\</path>
         <kind>archive</kind>
         <file>rtsv7M4_T_le_v4SPD16_eabi.lib</file>
         <name>pre_init.c.obj</name>
      </input_file>
      <input_file id="fl-da">
         <path>C:\ti\ccs1260\ccs\tools\compiler\ti-cgt-arm_20.2.7.LTS\lib\</path>
         <kind>archive</kind>
         <file>rtsv7M4_T_le_v4SPD16_eabi.lib</file>
         <name>cpy_tbl.c.obj</name>
      </input_file>
      <input_file id="fl-db">
         <path>C:\ti\ccs1260\ccs\tools\compiler\ti-cgt-arm_20.2.7.LTS\lib\</path>
         <kind>archive</kind>
         <file>rtsv7M4_T_le_v4SPD16_eabi.lib</file>
         <name>exit.c.obj</name>
      </input_file>
      <input_file id="fl-dc">
         <path>C:\ti\ccs1260\ccs\tools\compiler\ti-cgt-arm_20.2.7.LTS\lib\</path>
         <kind>archive</kind>
         <file>rtsv7M4_T_le_v4SPD16_eabi.lib</file>
         <name>_lock.c.obj</name>
      </input_file>
      <input_file id="fl-dd">
         <path>C:\ti\ccs1260\ccs\tools\compiler\ti-cgt-arm_20.2.7.LTS\lib\</path>
         <kind>archive</kind>
         <file>rtsv7M4_T_le_v4SPD16_eabi.lib</file>
         <name>_ltoa.c.obj</name>
      </input_file>
      <input_file id="fl-de">
         <path>C:\ti\ccs1260\ccs\tools\compiler\ti-cgt-arm_20.2.7.LTS\lib\</path>
         <kind>archive</kind>
         <file>rtsv7M4_T_le_v4SPD16_eabi.lib</file>
         <name>args_main.c.obj</name>
      </input_file>
      <input_file id="fl-df">
         <path>C:\ti\ccs1260\ccs\tools\compiler\ti-cgt-arm_20.2.7.LTS\lib\</path>
         <kind>archive</kind>
         <file>rtsv7M4_T_le_v4SPD16_eabi.lib</file>
         <name>memccpy.c.obj</name>
      </input_file>
      <input_file id="fl-e0">
         <path>C:\ti\ccs1260\ccs\tools\compiler\ti-cgt-arm_20.2.7.LTS\lib\</path>
         <kind>archive</kind>
         <file>rtsv7M4_T_le_v4SPD16_eabi.lib</file>
         <name>strchr.c.obj</name>
      </input_file>
      <input_file id="fl-e1">
         <path>C:\ti\ccs1260\ccs\tools\compiler\ti-cgt-arm_20.2.7.LTS\lib\</path>
         <kind>archive</kind>
         <file>rtsv7M4_T_le_v4SPD16_eabi.lib</file>
         <name>strlen.c.obj</name>
      </input_file>
      <input_file id="fl-e2">
         <path>C:\ti\ccs1260\ccs\tools\compiler\ti-cgt-arm_20.2.7.LTS\lib\</path>
         <kind>archive</kind>
         <file>rtsv7M4_T_le_v4SPD16_eabi.lib</file>
         <name>errno.c.obj</name>
      </input_file>
      <input_file id="fl-e3">
         <path>C:\ti\ccs1260\ccs\tools\compiler\ti-cgt-arm_20.2.7.LTS\lib\</path>
         <kind>archive</kind>
         <file>rtsv7M4_T_le_v4SPD16_eabi.lib</file>
         <name>wcslen.c.obj</name>
      </input_file>
      <input_file id="fl-e4">
         <path>C:\ti\ccs1260\ccs\tools\compiler\ti-cgt-arm_20.2.7.LTS\lib\</path>
         <kind>archive</kind>
         <file>rtsv7M4_T_le_v4SPD16_eabi.lib</file>
         <name>s_frexp.c.obj</name>
      </input_file>
      <input_file id="fl-e5">
         <path>C:\ti\ccs1260\ccs\tools\compiler\ti-cgt-arm_20.2.7.LTS\lib\</path>
         <kind>archive</kind>
         <file>rtsv7M4_T_le_v4SPD16_eabi.lib</file>
         <name>s_scalbn.c.obj</name>
      </input_file>
      <input_file id="fl-e6">
         <path>C:\ti\ccs1260\ccs\tools\compiler\ti-cgt-arm_20.2.7.LTS\lib\</path>
         <kind>archive</kind>
         <file>rtsv7M4_T_le_v4SPD16_eabi.lib</file>
         <name>div0.asm.obj</name>
      </input_file>
      <input_file id="fl-e7">
         <path>C:\ti\ccs1260\ccs\tools\compiler\ti-cgt-arm_20.2.7.LTS\lib\</path>
         <kind>archive</kind>
         <file>rtsv7M4_T_le_v4SPD16_eabi.lib</file>
         <name>s_copysign.c.obj</name>
      </input_file>
   </input_file_list>
   <object_component_list>
      <object_component id="oc-12">
         <name>.intvecs</name>
         <load_address>0x0</load_address>
         <run_address>0x0</run_address>
         <size>0x26c</size>
         <input_file_ref idref="fl-8"/>
      </object_component>
      <object_component id="oc-fa">
         <name>.text:__TI_printfi</name>
         <load_address>0x26c</load_address>
         <run_address>0x26c</run_address>
         <size>0xa4e</size>
         <input_file_ref idref="fl-d2"/>
      </object_component>
      <object_component id="oc-2ad">
         <name>.text</name>
         <load_address>0xcba</load_address>
         <run_address>0xcba</run_address>
         <size>0x2</size>
         <input_file_ref idref="fl-e6"/>
      </object_component>
      <object_component id="oc-af">
         <name>.text</name>
         <load_address>0xcbc</load_address>
         <run_address>0xcbc</run_address>
         <size>0x808</size>
         <input_file_ref idref="fl-5"/>
      </object_component>
      <object_component id="oc-2d">
         <name>.text</name>
         <load_address>0x14c4</load_address>
         <run_address>0x14c4</run_address>
         <size>0x50c</size>
         <input_file_ref idref="fl-4"/>
      </object_component>
      <object_component id="oc-1c1">
         <name>.text:_pconv_a</name>
         <load_address>0x19d0</load_address>
         <run_address>0x19d0</run_address>
         <size>0x270</size>
         <input_file_ref idref="fl-d2"/>
      </object_component>
      <object_component id="oc-85">
         <name>.text</name>
         <load_address>0x1c40</load_address>
         <run_address>0x1c40</run_address>
         <size>0x214</size>
         <input_file_ref idref="fl-2"/>
      </object_component>
      <object_component id="oc-7a">
         <name>.text</name>
         <load_address>0x1e54</load_address>
         <run_address>0x1e54</run_address>
         <size>0x1ec</size>
         <input_file_ref idref="fl-9"/>
      </object_component>
      <object_component id="oc-1af">
         <name>.text:_pconv_g</name>
         <load_address>0x2040</load_address>
         <run_address>0x2040</run_address>
         <size>0x1d0</size>
         <input_file_ref idref="fl-d2"/>
      </object_component>
      <object_component id="oc-90">
         <name>.text</name>
         <load_address>0x2210</load_address>
         <run_address>0x2210</run_address>
         <size>0x1b6</size>
         <input_file_ref idref="fl-c5"/>
      </object_component>
      <object_component id="oc-1bb">
         <name>.text:_pconv_e</name>
         <load_address>0x23c8</load_address>
         <run_address>0x23c8</run_address>
         <size>0x13c</size>
         <input_file_ref idref="fl-d2"/>
      </object_component>
      <object_component id="oc-95">
         <name>.text</name>
         <load_address>0x2504</load_address>
         <run_address>0x2504</run_address>
         <size>0x136</size>
         <input_file_ref idref="fl-c6"/>
      </object_component>
      <object_component id="oc-246">
         <name>.text:fcvt</name>
         <load_address>0x263c</load_address>
         <run_address>0x263c</run_address>
         <size>0x124</size>
         <input_file_ref idref="fl-d2"/>
      </object_component>
      <object_component id="oc-25a">
         <name>.text:scalbn</name>
         <load_address>0x2760</load_address>
         <run_address>0x2760</run_address>
         <size>0x110</size>
         <input_file_ref idref="fl-e5"/>
      </object_component>
      <object_component id="oc-9a">
         <name>.text</name>
         <load_address>0x2870</load_address>
         <run_address>0x2870</run_address>
         <size>0xfc</size>
         <input_file_ref idref="fl-c7"/>
      </object_component>
      <object_component id="oc-121">
         <name>.text</name>
         <load_address>0x296c</load_address>
         <run_address>0x296c</run_address>
         <size>0xd4</size>
         <input_file_ref idref="fl-6"/>
      </object_component>
      <object_component id="oc-1a4">
         <name>.text:_ltostr</name>
         <load_address>0x2a40</load_address>
         <run_address>0x2a40</run_address>
         <size>0xb1</size>
         <input_file_ref idref="fl-d2"/>
      </object_component>
      <object_component id="oc-41">
         <name>.text</name>
         <load_address>0x2af2</load_address>
         <run_address>0x2af2</run_address>
         <size>0x9c</size>
         <input_file_ref idref="fl-ca"/>
      </object_component>
      <object_component id="oc-21d">
         <name>.text</name>
         <load_address>0x2b8e</load_address>
         <run_address>0x2b8e</run_address>
         <size>0x96</size>
         <input_file_ref idref="fl-d7"/>
      </object_component>
      <object_component id="oc-1aa">
         <name>.text:__aeabi_cdcmple</name>
         <load_address>0x2c24</load_address>
         <run_address>0x2c24</run_address>
         <size>0x86</size>
         <input_file_ref idref="fl-d3"/>
      </object_component>
      <object_component id="oc-224">
         <name>.text:__aeabi_cdrcmple</name>
         <load_address>0x2caa</load_address>
         <run_address>0x2caa</run_address>
         <size>0x86</size>
         <input_file_ref idref="fl-d3"/>
      </object_component>
      <object_component id="oc-e2">
         <name>.text</name>
         <load_address>0x2d30</load_address>
         <run_address>0x2d30</run_address>
         <size>0x7a</size>
         <input_file_ref idref="fl-d6"/>
      </object_component>
      <object_component id="oc-23f">
         <name>.text:_mcpy</name>
         <load_address>0x2daa</load_address>
         <run_address>0x2daa</run_address>
         <size>0x6e</size>
         <input_file_ref idref="fl-d2"/>
      </object_component>
      <object_component id="oc-9f">
         <name>.text</name>
         <load_address>0x2e18</load_address>
         <run_address>0x2e18</run_address>
         <size>0x6e</size>
         <input_file_ref idref="fl-c8"/>
      </object_component>
      <object_component id="oc-15">
         <name>.text:decompress:lzss:__TI_decompress_lzss</name>
         <load_address>0x2e86</load_address>
         <run_address>0x2e86</run_address>
         <size>0x68</size>
         <input_file_ref idref="fl-ce"/>
      </object_component>
      <object_component id="oc-254">
         <name>.text:frexp</name>
         <load_address>0x2ef0</load_address>
         <run_address>0x2ef0</run_address>
         <size>0x64</size>
         <input_file_ref idref="fl-e4"/>
      </object_component>
      <object_component id="oc-1b5">
         <name>.text:_pconv_f</name>
         <load_address>0x2f54</load_address>
         <run_address>0x2f54</run_address>
         <size>0x56</size>
         <input_file_ref idref="fl-d2"/>
      </object_component>
      <object_component id="oc-22e">
         <name>.text:__TI_ltoa</name>
         <load_address>0x2faa</load_address>
         <run_address>0x2faa</run_address>
         <size>0x54</size>
         <input_file_ref idref="fl-dd"/>
      </object_component>
      <object_component id="oc-239">
         <name>.text:_ecpy</name>
         <load_address>0x2ffe</load_address>
         <run_address>0x2ffe</run_address>
         <size>0x52</size>
         <input_file_ref idref="fl-d2"/>
      </object_component>
      <object_component id="oc-19e">
         <name>.text:atoi</name>
         <load_address>0x3050</load_address>
         <run_address>0x3050</run_address>
         <size>0x4c</size>
         <input_file_ref idref="fl-cf"/>
      </object_component>
      <object_component id="oc-74">
         <name>.text:snprintf</name>
         <load_address>0x309c</load_address>
         <run_address>0x309c</run_address>
         <size>0x4c</size>
         <input_file_ref idref="fl-c4"/>
      </object_component>
      <object_component id="oc-229">
         <name>.text</name>
         <load_address>0x30e8</load_address>
         <run_address>0x30e8</run_address>
         <size>0x48</size>
         <input_file_ref idref="fl-d4"/>
      </object_component>
      <object_component id="oc-166">
         <name>.text:__TI_auto_init_nobinit_nopinit:__TI_auto_init_nobinit_nopinit</name>
         <load_address>0x3130</load_address>
         <run_address>0x3130</run_address>
         <size>0x44</size>
         <input_file_ref idref="fl-d8"/>
      </object_component>
      <object_component id="oc-24c">
         <name>.text:_fcpy</name>
         <load_address>0x3174</load_address>
         <run_address>0x3174</run_address>
         <size>0x3e</size>
         <input_file_ref idref="fl-d2"/>
      </object_component>
      <object_component id="oc-a4">
         <name>.text</name>
         <load_address>0x31b2</load_address>
         <run_address>0x31b2</run_address>
         <size>0x38</size>
         <input_file_ref idref="fl-c9"/>
      </object_component>
      <object_component id="oc-5f">
         <name>.text:_c_int00_noargs:_c_int00_noargs</name>
         <load_address>0x31ec</load_address>
         <run_address>0x31ec</run_address>
         <size>0x34</size>
         <input_file_ref idref="fl-d1"/>
      </object_component>
      <object_component id="oc-100">
         <name>.text:_outs</name>
         <load_address>0x3220</load_address>
         <run_address>0x3220</run_address>
         <size>0x30</size>
         <input_file_ref idref="fl-c4"/>
      </object_component>
      <object_component id="oc-234">
         <name>.text</name>
         <load_address>0x3250</load_address>
         <run_address>0x3250</run_address>
         <size>0x2e</size>
         <input_file_ref idref="fl-d5"/>
      </object_component>
      <object_component id="oc-8b">
         <name>.text</name>
         <load_address>0x327e</load_address>
         <run_address>0x327e</run_address>
         <size>0x20</size>
         <input_file_ref idref="fl-cb"/>
      </object_component>
      <object_component id="oc-4d">
         <name>.text:decompress:ZI:__TI_zero_init_nomemset:__TI_zero_init_nomemset</name>
         <load_address>0x329e</load_address>
         <run_address>0x329e</run_address>
         <size>0x1c</size>
         <input_file_ref idref="fl-cc"/>
      </object_component>
      <object_component id="oc-1c7">
         <name>.text:memccpy</name>
         <load_address>0x32ba</load_address>
         <run_address>0x32ba</run_address>
         <size>0x1c</size>
         <input_file_ref idref="fl-df"/>
      </object_component>
      <object_component id="oc-80">
         <name>.text</name>
         <load_address>0x32d6</load_address>
         <run_address>0x32d6</run_address>
         <size>0x1c</size>
         <input_file_ref idref="fl-a"/>
      </object_component>
      <object_component id="oc-2c3">
         <name>.text:copysign</name>
         <load_address>0x32f2</load_address>
         <run_address>0x32f2</run_address>
         <size>0x1a</size>
         <input_file_ref idref="fl-e7"/>
      </object_component>
      <object_component id="oc-106">
         <name>.text:_outc</name>
         <load_address>0x330c</load_address>
         <run_address>0x330c</run_address>
         <size>0x18</size>
         <input_file_ref idref="fl-c4"/>
      </object_component>
      <object_component id="oc-260">
         <name>.text:strchr</name>
         <load_address>0x3324</load_address>
         <run_address>0x3324</run_address>
         <size>0x16</size>
         <input_file_ref idref="fl-e0"/>
      </object_component>
      <object_component id="oc-198">
         <name>.text:strlen</name>
         <load_address>0x333a</load_address>
         <run_address>0x333a</run_address>
         <size>0x14</size>
         <input_file_ref idref="fl-e1"/>
      </object_component>
      <object_component id="oc-1cd">
         <name>.text:wcslen</name>
         <load_address>0x334e</load_address>
         <run_address>0x334e</run_address>
         <size>0x12</size>
         <input_file_ref idref="fl-e3"/>
      </object_component>
      <object_component id="oc-a9">
         <name>.text</name>
         <load_address>0x3360</load_address>
         <run_address>0x3360</run_address>
         <size>0x10</size>
         <input_file_ref idref="fl-3"/>
      </object_component>
      <object_component id="oc-1b">
         <name>.text:decompress:none:__TI_decompress_none</name>
         <load_address>0x3370</load_address>
         <run_address>0x3370</run_address>
         <size>0xe</size>
         <input_file_ref idref="fl-cd"/>
      </object_component>
      <object_component id="oc-27">
         <name>.text</name>
         <load_address>0x337e</load_address>
         <run_address>0x337e</run_address>
         <size>0xc</size>
         <input_file_ref idref="fl-8"/>
      </object_component>
      <object_component id="oc-1d3">
         <name>.text:__aeabi_errno_addr</name>
         <load_address>0x338c</load_address>
         <run_address>0x338c</run_address>
         <size>0x8</size>
         <input_file_ref idref="fl-e2"/>
      </object_component>
      <object_component id="oc-e8">
         <name>.text:_system_pre_init</name>
         <load_address>0x3394</load_address>
         <run_address>0x3394</run_address>
         <size>0x4</size>
         <input_file_ref idref="fl-d9"/>
      </object_component>
      <object_component id="oc-15a">
         <name>.text:abort:abort</name>
         <load_address>0x3398</load_address>
         <run_address>0x3398</run_address>
         <size>0x4</size>
         <input_file_ref idref="fl-db"/>
      </object_component>
      <object_component id="oc-218">
         <name>.const:.string:_ctypes_</name>
         <load_address>0x339c</load_address>
         <run_address>0x339c</run_address>
         <size>0x101</size>
         <input_file_ref idref="fl-d0"/>
      </object_component>
      <object_component id="oc-32c">
         <name>.cinit..data.load</name>
         <load_address>0x34a0</load_address>
         <run_address>0x34a0</run_address>
         <size>0xc</size>
      </object_component>
      <object_component id="oc-32a">
         <name>__TI_handler_table</name>
         <load_address>0x34ac</load_address>
         <run_address>0x34ac</run_address>
         <size>0xc</size>
      </object_component>
      <object_component id="oc-32d">
         <name>.cinit..bss.load</name>
         <load_address>0x34b8</load_address>
         <run_address>0x34b8</run_address>
         <size>0x8</size>
      </object_component>
      <object_component id="oc-32b">
         <name>__TI_cinit_table</name>
         <load_address>0x34c0</load_address>
         <run_address>0x34c0</run_address>
         <size>0x10</size>
      </object_component>
      <object_component id="oc-b5">
         <name>.data</name>
         <load_address>0x20001028</load_address>
         <run_address>0x20001028</run_address>
         <size>0x22</size>
         <input_file_ref idref="fl-4"/>
      </object_component>
      <object_component id="oc-270">
         <name>.data</name>
         <load_address>0x2000104c</load_address>
         <run_address>0x2000104c</run_address>
         <size>0x4</size>
         <input_file_ref idref="fl-e2"/>
      </object_component>
      <object_component id="oc-b8">
         <name>.common:str</name>
         <uninitialized>true</uninitialized>
         <run_address>0x20001000</run_address>
         <size>0x28</size>
      </object_component>
      <object_component id="oc-24">
         <name>.stack</name>
         <uninitialized>true</uninitialized>
         <run_address>0x20000000</run_address>
         <size>0x4</size>
         <input_file_ref idref="fl-d1"/>
      </object_component>
      <object_component id="oc-32f">
         <name>.stack</name>
         <uninitialized>true</uninitialized>
         <run_address>0x20000000</run_address>
         <size>0x0</size>
      </object_component>
      <object_component id="oc-149">
         <name>.debug_info</name>
         <load_address>0x0</load_address>
         <run_address>0x0</run_address>
         <size>0x2dd</size>
         <input_file_ref idref="fl-2"/>
      </object_component>
      <object_component id="oc-89">
         <name>.debug_info</name>
         <load_address>0x2dd</load_address>
         <run_address>0x2dd</run_address>
         <size>0x385</size>
         <input_file_ref idref="fl-2"/>
      </object_component>
      <object_component id="oc-c8">
         <name>.debug_info</name>
         <load_address>0x662</load_address>
         <run_address>0x662</run_address>
         <size>0x26b</size>
         <input_file_ref idref="fl-2"/>
      </object_component>
      <object_component id="oc-3c">
         <name>.debug_info</name>
         <load_address>0x8cd</load_address>
         <run_address>0x8cd</run_address>
         <size>0x84</size>
         <input_file_ref idref="fl-2"/>
      </object_component>
      <object_component id="oc-144">
         <name>.debug_info</name>
         <load_address>0x951</load_address>
         <run_address>0x951</run_address>
         <size>0x2a4</size>
         <input_file_ref idref="fl-2"/>
      </object_component>
      <object_component id="oc-bc">
         <name>.debug_info</name>
         <load_address>0xbf5</load_address>
         <run_address>0xbf5</run_address>
         <size>0xbb</size>
         <input_file_ref idref="fl-2"/>
      </object_component>
      <object_component id="oc-aa">
         <name>.debug_info</name>
         <load_address>0xcb0</load_address>
         <run_address>0xcb0</run_address>
         <size>0x164</size>
         <input_file_ref idref="fl-3"/>
      </object_component>
      <object_component id="oc-b9">
         <name>.debug_info</name>
         <load_address>0xe14</load_address>
         <run_address>0xe14</run_address>
         <size>0x47e</size>
         <input_file_ref idref="fl-4"/>
      </object_component>
      <object_component id="oc-b6">
         <name>.debug_info</name>
         <load_address>0x1292</load_address>
         <run_address>0x1292</run_address>
         <size>0x20e</size>
         <input_file_ref idref="fl-4"/>
      </object_component>
      <object_component id="oc-2f">
         <name>.debug_info</name>
         <load_address>0x14a0</load_address>
         <run_address>0x14a0</run_address>
         <size>0x64e</size>
         <input_file_ref idref="fl-4"/>
      </object_component>
      <object_component id="oc-130">
         <name>.debug_info</name>
         <load_address>0x1aee</load_address>
         <run_address>0x1aee</run_address>
         <size>0x88</size>
         <input_file_ref idref="fl-4"/>
      </object_component>
      <object_component id="oc-c1">
         <name>.debug_info</name>
         <load_address>0x1b76</load_address>
         <run_address>0x1b76</run_address>
         <size>0x8b</size>
         <input_file_ref idref="fl-4"/>
      </object_component>
      <object_component id="oc-13f">
         <name>.debug_info</name>
         <load_address>0x1c01</load_address>
         <run_address>0x1c01</run_address>
         <size>0xcc</size>
         <input_file_ref idref="fl-4"/>
      </object_component>
      <object_component id="oc-118">
         <name>.debug_info</name>
         <load_address>0x1ccd</load_address>
         <run_address>0x1ccd</run_address>
         <size>0x2c</size>
         <input_file_ref idref="fl-4"/>
      </object_component>
      <object_component id="oc-13a">
         <name>.debug_info</name>
         <load_address>0x1cf9</load_address>
         <run_address>0x1cf9</run_address>
         <size>0x35</size>
         <input_file_ref idref="fl-4"/>
      </object_component>
      <object_component id="oc-135">
         <name>.debug_info</name>
         <load_address>0x1d2e</load_address>
         <run_address>0x1d2e</run_address>
         <size>0x2ac</size>
         <input_file_ref idref="fl-5"/>
      </object_component>
      <object_component id="oc-b3">
         <name>.debug_info</name>
         <load_address>0x1fda</load_address>
         <run_address>0x1fda</run_address>
         <size>0x1131</size>
         <input_file_ref idref="fl-5"/>
      </object_component>
      <object_component id="oc-1f1">
         <name>.debug_info</name>
         <load_address>0x310b</load_address>
         <run_address>0x310b</run_address>
         <size>0x2b1</size>
         <input_file_ref idref="fl-6"/>
      </object_component>
      <object_component id="oc-122">
         <name>.debug_info</name>
         <load_address>0x33bc</load_address>
         <run_address>0x33bc</run_address>
         <size>0x34d</size>
         <input_file_ref idref="fl-6"/>
      </object_component>
      <object_component id="oc-281">
         <name>.debug_info</name>
         <load_address>0x3709</load_address>
         <run_address>0x3709</run_address>
         <size>0x36d</size>
         <input_file_ref idref="fl-7"/>
      </object_component>
      <object_component id="oc-1eb">
         <name>.debug_info</name>
         <load_address>0x3a76</load_address>
         <run_address>0x3a76</run_address>
         <size>0x8a</size>
         <input_file_ref idref="fl-7"/>
      </object_component>
      <object_component id="oc-35">
         <name>.debug_info</name>
         <load_address>0x3b00</load_address>
         <run_address>0x3b00</run_address>
         <size>0x312</size>
         <input_file_ref idref="fl-8"/>
      </object_component>
      <object_component id="oc-13">
         <name>.debug_info</name>
         <load_address>0x3e12</load_address>
         <run_address>0x3e12</run_address>
         <size>0x137</size>
         <input_file_ref idref="fl-8"/>
      </object_component>
      <object_component id="oc-28">
         <name>.debug_info</name>
         <load_address>0x3f49</load_address>
         <run_address>0x3f49</run_address>
         <size>0x2b3</size>
         <input_file_ref idref="fl-8"/>
      </object_component>
      <object_component id="oc-11e">
         <name>.debug_info</name>
         <load_address>0x41fc</load_address>
         <run_address>0x41fc</run_address>
         <size>0x334</size>
         <input_file_ref idref="fl-9"/>
      </object_component>
      <object_component id="oc-7b">
         <name>.debug_info</name>
         <load_address>0x4530</load_address>
         <run_address>0x4530</run_address>
         <size>0x471</size>
         <input_file_ref idref="fl-9"/>
      </object_component>
      <object_component id="oc-81">
         <name>.debug_info</name>
         <load_address>0x49a1</load_address>
         <run_address>0x49a1</run_address>
         <size>0x120</size>
         <input_file_ref idref="fl-a"/>
      </object_component>
      <object_component id="oc-10d">
         <name>.debug_info</name>
         <load_address>0x4ac1</load_address>
         <run_address>0x4ac1</run_address>
         <size>0x33a</size>
         <input_file_ref idref="fl-c4"/>
      </object_component>
      <object_component id="oc-78">
         <name>.debug_info</name>
         <load_address>0x4dfb</load_address>
         <run_address>0x4dfb</run_address>
         <size>0x1ee</size>
         <input_file_ref idref="fl-c4"/>
      </object_component>
      <object_component id="oc-104">
         <name>.debug_info</name>
         <load_address>0x4fe9</load_address>
         <run_address>0x4fe9</run_address>
         <size>0x1c3</size>
         <input_file_ref idref="fl-c4"/>
      </object_component>
      <object_component id="oc-109">
         <name>.debug_info</name>
         <load_address>0x51ac</load_address>
         <run_address>0x51ac</run_address>
         <size>0x176</size>
         <input_file_ref idref="fl-c4"/>
      </object_component>
      <object_component id="oc-10e">
         <name>.debug_info</name>
         <load_address>0x5322</load_address>
         <run_address>0x5322</run_address>
         <size>0x2c</size>
         <input_file_ref idref="fl-c4"/>
      </object_component>
      <object_component id="oc-113">
         <name>.debug_info</name>
         <load_address>0x534e</load_address>
         <run_address>0x534e</run_address>
         <size>0x69</size>
         <input_file_ref idref="fl-c4"/>
      </object_component>
      <object_component id="oc-93">
         <name>.debug_info</name>
         <load_address>0x53b7</load_address>
         <run_address>0x53b7</run_address>
         <size>0x14c</size>
         <input_file_ref idref="fl-c5"/>
      </object_component>
      <object_component id="oc-96">
         <name>.debug_info</name>
         <load_address>0x5503</load_address>
         <run_address>0x5503</run_address>
         <size>0x13a</size>
         <input_file_ref idref="fl-c6"/>
      </object_component>
      <object_component id="oc-9d">
         <name>.debug_info</name>
         <load_address>0x563d</load_address>
         <run_address>0x563d</run_address>
         <size>0x13a</size>
         <input_file_ref idref="fl-c7"/>
      </object_component>
      <object_component id="oc-a1">
         <name>.debug_info</name>
         <load_address>0x5777</load_address>
         <run_address>0x5777</run_address>
         <size>0x13e</size>
         <input_file_ref idref="fl-c8"/>
      </object_component>
      <object_component id="oc-a6">
         <name>.debug_info</name>
         <load_address>0x58b5</load_address>
         <run_address>0x58b5</run_address>
         <size>0x12c</size>
         <input_file_ref idref="fl-c9"/>
      </object_component>
      <object_component id="oc-43">
         <name>.debug_info</name>
         <load_address>0x59e1</load_address>
         <run_address>0x59e1</run_address>
         <size>0x119</size>
         <input_file_ref idref="fl-ca"/>
      </object_component>
      <object_component id="oc-8c">
         <name>.debug_info</name>
         <load_address>0x5afa</load_address>
         <run_address>0x5afa</run_address>
         <size>0x12e</size>
         <input_file_ref idref="fl-cb"/>
      </object_component>
      <object_component id="oc-e1">
         <name>.debug_info</name>
         <load_address>0x5c28</load_address>
         <run_address>0x5c28</run_address>
         <size>0x2d4</size>
         <input_file_ref idref="fl-cc"/>
      </object_component>
      <object_component id="oc-4e">
         <name>.debug_info</name>
         <load_address>0x5efc</load_address>
         <run_address>0x5efc</run_address>
         <size>0x1d2</size>
         <input_file_ref idref="fl-cc"/>
      </object_component>
      <object_component id="oc-dc">
         <name>.debug_info</name>
         <load_address>0x60ce</load_address>
         <run_address>0x60ce</run_address>
         <size>0x46</size>
         <input_file_ref idref="fl-cc"/>
      </object_component>
      <object_component id="oc-151">
         <name>.debug_info</name>
         <load_address>0x6114</load_address>
         <run_address>0x6114</run_address>
         <size>0x2c</size>
         <input_file_ref idref="fl-cc"/>
      </object_component>
      <object_component id="oc-4c">
         <name>.debug_info</name>
         <load_address>0x6140</load_address>
         <run_address>0x6140</run_address>
         <size>0x2a8</size>
         <input_file_ref idref="fl-cd"/>
      </object_component>
      <object_component id="oc-1c">
         <name>.debug_info</name>
         <load_address>0x63e8</load_address>
         <run_address>0x63e8</run_address>
         <size>0x1ea</size>
         <input_file_ref idref="fl-cd"/>
      </object_component>
      <object_component id="oc-47">
         <name>.debug_info</name>
         <load_address>0x65d2</load_address>
         <run_address>0x65d2</run_address>
         <size>0x46</size>
         <input_file_ref idref="fl-cd"/>
      </object_component>
      <object_component id="oc-d4">
         <name>.debug_info</name>
         <load_address>0x6618</load_address>
         <run_address>0x6618</run_address>
         <size>0x2c</size>
         <input_file_ref idref="fl-cd"/>
      </object_component>
      <object_component id="oc-d2">
         <name>.debug_info</name>
         <load_address>0x6644</load_address>
         <run_address>0x6644</run_address>
         <size>0x29e</size>
         <input_file_ref idref="fl-ce"/>
      </object_component>
      <object_component id="oc-19">
         <name>.debug_info</name>
         <load_address>0x68e2</load_address>
         <run_address>0x68e2</run_address>
         <size>0x250</size>
         <input_file_ref idref="fl-ce"/>
      </object_component>
      <object_component id="oc-37">
         <name>.debug_info</name>
         <load_address>0x6b32</load_address>
         <run_address>0x6b32</run_address>
         <size>0x60</size>
         <input_file_ref idref="fl-ce"/>
      </object_component>
      <object_component id="oc-14a">
         <name>.debug_info</name>
         <load_address>0x6b92</load_address>
         <run_address>0x6b92</run_address>
         <size>0x46</size>
         <input_file_ref idref="fl-ce"/>
      </object_component>
      <object_component id="oc-cd">
         <name>.debug_info</name>
         <load_address>0x6bd8</load_address>
         <run_address>0x6bd8</run_address>
         <size>0x39</size>
         <input_file_ref idref="fl-ce"/>
      </object_component>
      <object_component id="oc-21c">
         <name>.debug_info</name>
         <load_address>0x6c11</load_address>
         <run_address>0x6c11</run_address>
         <size>0x2b9</size>
         <input_file_ref idref="fl-cf"/>
      </object_component>
      <object_component id="oc-1a2">
         <name>.debug_info</name>
         <load_address>0x6eca</load_address>
         <run_address>0x6eca</run_address>
         <size>0x17c</size>
         <input_file_ref idref="fl-cf"/>
      </object_component>
      <object_component id="oc-2aa">
         <name>.debug_info</name>
         <load_address>0x7046</load_address>
         <run_address>0x7046</run_address>
         <size>0xf9</size>
         <input_file_ref idref="fl-d0"/>
      </object_component>
      <object_component id="oc-219">
         <name>.debug_info</name>
         <load_address>0x713f</load_address>
         <run_address>0x713f</run_address>
         <size>0x105</size>
         <input_file_ref idref="fl-d0"/>
      </object_component>
      <object_component id="oc-25">
         <name>.debug_info</name>
         <load_address>0x7244</load_address>
         <run_address>0x7244</run_address>
         <size>0x10b</size>
         <input_file_ref idref="fl-d1"/>
      </object_component>
      <object_component id="oc-60">
         <name>.debug_info</name>
         <load_address>0x734f</load_address>
         <run_address>0x734f</run_address>
         <size>0x1a9</size>
         <input_file_ref idref="fl-d1"/>
      </object_component>
      <object_component id="oc-1da">
         <name>.debug_info</name>
         <load_address>0x74f8</load_address>
         <run_address>0x74f8</run_address>
         <size>0x590</size>
         <input_file_ref idref="fl-d2"/>
      </object_component>
      <object_component id="oc-1a6">
         <name>.debug_info</name>
         <load_address>0x7a88</load_address>
         <run_address>0x7a88</run_address>
         <size>0x21e</size>
         <input_file_ref idref="fl-d2"/>
      </object_component>
      <object_component id="oc-23b">
         <name>.debug_info</name>
         <load_address>0x7ca6</load_address>
         <run_address>0x7ca6</run_address>
         <size>0x1b3</size>
         <input_file_ref idref="fl-d2"/>
      </object_component>
      <object_component id="oc-241">
         <name>.debug_info</name>
         <load_address>0x7e59</load_address>
         <run_address>0x7e59</run_address>
         <size>0x21b</size>
         <input_file_ref idref="fl-d2"/>
      </object_component>
      <object_component id="oc-1b1">
         <name>.debug_info</name>
         <load_address>0x8074</load_address>
         <run_address>0x8074</run_address>
         <size>0x3c0</size>
         <input_file_ref idref="fl-d2"/>
      </object_component>
      <object_component id="oc-248">
         <name>.debug_info</name>
         <load_address>0x8434</load_address>
         <run_address>0x8434</run_address>
         <size>0x30a</size>
         <input_file_ref idref="fl-d2"/>
      </object_component>
      <object_component id="oc-24f">
         <name>.debug_info</name>
         <load_address>0x873e</load_address>
         <run_address>0x873e</run_address>
         <size>0x215</size>
         <input_file_ref idref="fl-d2"/>
      </object_component>
      <object_component id="oc-1b8">
         <name>.debug_info</name>
         <load_address>0x8953</load_address>
         <run_address>0x8953</run_address>
         <size>0x215</size>
         <input_file_ref idref="fl-d2"/>
      </object_component>
      <object_component id="oc-1be">
         <name>.debug_info</name>
         <load_address>0x8b68</load_address>
         <run_address>0x8b68</run_address>
         <size>0x304</size>
         <input_file_ref idref="fl-d2"/>
      </object_component>
      <object_component id="oc-1c3">
         <name>.debug_info</name>
         <load_address>0x8e6c</load_address>
         <run_address>0x8e6c</run_address>
         <size>0x4b5</size>
         <input_file_ref idref="fl-d2"/>
      </object_component>
      <object_component id="oc-fc">
         <name>.debug_info</name>
         <load_address>0x9321</load_address>
         <run_address>0x9321</run_address>
         <size>0x5f4</size>
         <input_file_ref idref="fl-d2"/>
      </object_component>
      <object_component id="oc-1db">
         <name>.debug_info</name>
         <load_address>0x9915</load_address>
         <run_address>0x9915</run_address>
         <size>0x86</size>
         <input_file_ref idref="fl-d2"/>
      </object_component>
      <object_component id="oc-277">
         <name>.debug_info</name>
         <load_address>0x999b</load_address>
         <run_address>0x999b</run_address>
         <size>0x39</size>
         <input_file_ref idref="fl-d2"/>
      </object_component>
      <object_component id="oc-2da">
         <name>.debug_info</name>
         <load_address>0x99d4</load_address>
         <run_address>0x99d4</run_address>
         <size>0xb6</size>
         <input_file_ref idref="fl-d2"/>
      </object_component>
      <object_component id="oc-27c">
         <name>.debug_info</name>
         <load_address>0x9a8a</load_address>
         <run_address>0x9a8a</run_address>
         <size>0x46</size>
         <input_file_ref idref="fl-d2"/>
      </object_component>
      <object_component id="oc-1e0">
         <name>.debug_info</name>
         <load_address>0x9ad0</load_address>
         <run_address>0x9ad0</run_address>
         <size>0x46</size>
         <input_file_ref idref="fl-d2"/>
      </object_component>
      <object_component id="oc-1ac">
         <name>.debug_info</name>
         <load_address>0x9b16</load_address>
         <run_address>0x9b16</run_address>
         <size>0x128</size>
         <input_file_ref idref="fl-d3"/>
      </object_component>
      <object_component id="oc-225">
         <name>.debug_info</name>
         <load_address>0x9c3e</load_address>
         <run_address>0x9c3e</run_address>
         <size>0x12a</size>
         <input_file_ref idref="fl-d3"/>
      </object_component>
      <object_component id="oc-22b">
         <name>.debug_info</name>
         <load_address>0x9d68</load_address>
         <run_address>0x9d68</run_address>
         <size>0x12e</size>
         <input_file_ref idref="fl-d4"/>
      </object_component>
      <object_component id="oc-237">
         <name>.debug_info</name>
         <load_address>0x9e96</load_address>
         <run_address>0x9e96</run_address>
         <size>0x12c</size>
         <input_file_ref idref="fl-d5"/>
      </object_component>
      <object_component id="oc-e5">
         <name>.debug_info</name>
         <load_address>0x9fc2</load_address>
         <run_address>0x9fc2</run_address>
         <size>0x147</size>
         <input_file_ref idref="fl-d6"/>
      </object_component>
      <object_component id="oc-21f">
         <name>.debug_info</name>
         <load_address>0xa109</load_address>
         <run_address>0xa109</run_address>
         <size>0x134</size>
         <input_file_ref idref="fl-d7"/>
      </object_component>
      <object_component id="oc-201">
         <name>.debug_info</name>
         <load_address>0xa23d</load_address>
         <run_address>0xa23d</run_address>
         <size>0x4b3</size>
         <input_file_ref idref="fl-d8"/>
      </object_component>
      <object_component id="oc-167">
         <name>.debug_info</name>
         <load_address>0xa6f0</load_address>
         <run_address>0xa6f0</run_address>
         <size>0x1a6</size>
         <input_file_ref idref="fl-d8"/>
      </object_component>
      <object_component id="oc-295">
         <name>.debug_info</name>
         <load_address>0xa896</load_address>
         <run_address>0xa896</run_address>
         <size>0x39</size>
         <input_file_ref idref="fl-d8"/>
      </object_component>
      <object_component id="oc-2e4">
         <name>.debug_info</name>
         <load_address>0xa8cf</load_address>
         <run_address>0xa8cf</run_address>
         <size>0x39</size>
         <input_file_ref idref="fl-d8"/>
      </object_component>
      <object_component id="oc-29a">
         <name>.debug_info</name>
         <load_address>0xa908</load_address>
         <run_address>0xa908</run_address>
         <size>0x39</size>
         <input_file_ref idref="fl-d8"/>
      </object_component>
      <object_component id="oc-29f">
         <name>.debug_info</name>
         <load_address>0xa941</load_address>
         <run_address>0xa941</run_address>
         <size>0xcd</size>
         <input_file_ref idref="fl-d8"/>
      </object_component>
      <object_component id="oc-e9">
         <name>.debug_info</name>
         <load_address>0xaa0e</load_address>
         <run_address>0xaa0e</run_address>
         <size>0x153</size>
         <input_file_ref idref="fl-d9"/>
      </object_component>
      <object_component id="oc-15e">
         <name>.debug_info</name>
         <load_address>0xab61</load_address>
         <run_address>0xab61</run_address>
         <size>0x122</size>
         <input_file_ref idref="fl-db"/>
      </object_component>
      <object_component id="oc-2b6">
         <name>.debug_info</name>
         <load_address>0xac83</load_address>
         <run_address>0xac83</run_address>
         <size>0x29c</size>
         <input_file_ref idref="fl-dd"/>
      </object_component>
      <object_component id="oc-230">
         <name>.debug_info</name>
         <load_address>0xaf1f</load_address>
         <run_address>0xaf1f</run_address>
         <size>0x1da</size>
         <input_file_ref idref="fl-dd"/>
      </object_component>
      <object_component id="oc-268">
         <name>.debug_info</name>
         <load_address>0xb0f9</load_address>
         <run_address>0xb0f9</run_address>
         <size>0x2a7</size>
         <input_file_ref idref="fl-df"/>
      </object_component>
      <object_component id="oc-1cb">
         <name>.debug_info</name>
         <load_address>0xb3a0</load_address>
         <run_address>0xb3a0</run_address>
         <size>0x1b8</size>
         <input_file_ref idref="fl-df"/>
      </object_component>
      <object_component id="oc-2cc">
         <name>.debug_info</name>
         <load_address>0xb558</load_address>
         <run_address>0xb558</run_address>
         <size>0x29a</size>
         <input_file_ref idref="fl-e0"/>
      </object_component>
      <object_component id="oc-262">
         <name>.debug_info</name>
         <load_address>0xb7f2</load_address>
         <run_address>0xb7f2</run_address>
         <size>0x262</size>
         <input_file_ref idref="fl-e0"/>
      </object_component>
      <object_component id="oc-217">
         <name>.debug_info</name>
         <load_address>0xba54</load_address>
         <run_address>0xba54</run_address>
         <size>0x28f</size>
         <input_file_ref idref="fl-e1"/>
      </object_component>
      <object_component id="oc-199">
         <name>.debug_info</name>
         <load_address>0xbce3</load_address>
         <run_address>0xbce3</run_address>
         <size>0x245</size>
         <input_file_ref idref="fl-e1"/>
      </object_component>
      <object_component id="oc-274">
         <name>.debug_info</name>
         <load_address>0xbf28</load_address>
         <run_address>0xbf28</run_address>
         <size>0x289</size>
         <input_file_ref idref="fl-e2"/>
      </object_component>
      <object_component id="oc-271">
         <name>.debug_info</name>
         <load_address>0xc1b1</load_address>
         <run_address>0xc1b1</run_address>
         <size>0x10e</size>
         <input_file_ref idref="fl-e2"/>
      </object_component>
      <object_component id="oc-1d5">
         <name>.debug_info</name>
         <load_address>0xc2bf</load_address>
         <run_address>0xc2bf</run_address>
         <size>0x14e</size>
         <input_file_ref idref="fl-e2"/>
      </object_component>
      <object_component id="oc-26f">
         <name>.debug_info</name>
         <load_address>0xc40d</load_address>
         <run_address>0xc40d</run_address>
         <size>0x28f</size>
         <input_file_ref idref="fl-e3"/>
      </object_component>
      <object_component id="oc-1ce">
         <name>.debug_info</name>
         <load_address>0xc69c</load_address>
         <run_address>0xc69c</run_address>
         <size>0x15a</size>
         <input_file_ref idref="fl-e3"/>
      </object_component>
      <object_component id="oc-2cf">
         <name>.debug_info</name>
         <load_address>0xc7f6</load_address>
         <run_address>0xc7f6</run_address>
         <size>0x46</size>
         <input_file_ref idref="fl-e3"/>
      </object_component>
      <object_component id="oc-26a">
         <name>.debug_info</name>
         <load_address>0xc83c</load_address>
         <run_address>0xc83c</run_address>
         <size>0x39</size>
         <input_file_ref idref="fl-e3"/>
      </object_component>
      <object_component id="oc-2bd">
         <name>.debug_info</name>
         <load_address>0xc875</load_address>
         <run_address>0xc875</run_address>
         <size>0x295</size>
         <input_file_ref idref="fl-e4"/>
      </object_component>
      <object_component id="oc-255">
         <name>.debug_info</name>
         <load_address>0xcb0a</load_address>
         <run_address>0xcb0a</run_address>
         <size>0x195</size>
         <input_file_ref idref="fl-e4"/>
      </object_component>
      <object_component id="oc-2f7">
         <name>.debug_info</name>
         <load_address>0xcc9f</load_address>
         <run_address>0xcc9f</run_address>
         <size>0x39</size>
         <input_file_ref idref="fl-e4"/>
      </object_component>
      <object_component id="oc-2be">
         <name>.debug_info</name>
         <load_address>0xccd8</load_address>
         <run_address>0xccd8</run_address>
         <size>0x2c</size>
         <input_file_ref idref="fl-e4"/>
      </object_component>
      <object_component id="oc-2ca">
         <name>.debug_info</name>
         <load_address>0xcd04</load_address>
         <run_address>0xcd04</run_address>
         <size>0x2f8</size>
         <input_file_ref idref="fl-e5"/>
      </object_component>
      <object_component id="oc-25b">
         <name>.debug_info</name>
         <load_address>0xcffc</load_address>
         <run_address>0xcffc</run_address>
         <size>0x225</size>
         <input_file_ref idref="fl-e5"/>
      </object_component>
      <object_component id="oc-2b0">
         <name>.debug_info</name>
         <load_address>0xd221</load_address>
         <run_address>0xd221</run_address>
         <size>0x115</size>
         <input_file_ref idref="fl-e6"/>
      </object_component>
      <object_component id="oc-2c4">
         <name>.debug_info</name>
         <load_address>0xd336</load_address>
         <run_address>0xd336</run_address>
         <size>0x161</size>
         <input_file_ref idref="fl-e7"/>
      </object_component>
      <object_component id="oc-330">
         <name>.debug_info</name>
         <load_address>0xd497</load_address>
         <run_address>0xd497</run_address>
         <size>0xea</size>
      </object_component>
      <object_component id="oc-1f5">
         <name>.debug_line</name>
         <load_address>0x0</load_address>
         <run_address>0x0</run_address>
         <size>0x2d</size>
         <input_file_ref idref="fl-2"/>
      </object_component>
      <object_component id="oc-86">
         <name>.debug_line</name>
         <load_address>0x2d</load_address>
         <run_address>0x2d</run_address>
         <size>0x10b</size>
         <input_file_ref idref="fl-2"/>
      </object_component>
      <object_component id="oc-cb">
         <name>.debug_line</name>
         <load_address>0x138</load_address>
         <run_address>0x138</run_address>
         <size>0x6f</size>
         <input_file_ref idref="fl-2"/>
      </object_component>
      <object_component id="oc-3f">
         <name>.debug_line</name>
         <load_address>0x1a7</load_address>
         <run_address>0x1a7</run_address>
         <size>0x20</size>
         <input_file_ref idref="fl-2"/>
      </object_component>
      <object_component id="oc-147">
         <name>.debug_line</name>
         <load_address>0x1c7</load_address>
         <run_address>0x1c7</run_address>
         <size>0x73</size>
         <input_file_ref idref="fl-2"/>
      </object_component>
      <object_component id="oc-bf">
         <name>.debug_line</name>
         <load_address>0x23a</load_address>
         <run_address>0x23a</run_address>
         <size>0x70</size>
         <input_file_ref idref="fl-2"/>
      </object_component>
      <object_component id="oc-ad">
         <name>.debug_line</name>
         <load_address>0x2aa</load_address>
         <run_address>0x2aa</run_address>
         <size>0x43</size>
         <input_file_ref idref="fl-3"/>
      </object_component>
      <object_component id="oc-139">
         <name>.debug_line</name>
         <load_address>0x2ed</load_address>
         <run_address>0x2ed</run_address>
         <size>0xbe</size>
         <input_file_ref idref="fl-4"/>
      </object_component>
      <object_component id="oc-137">
         <name>.debug_line</name>
         <load_address>0x3ab</load_address>
         <run_address>0x3ab</run_address>
         <size>0x32</size>
         <input_file_ref idref="fl-4"/>
      </object_component>
      <object_component id="oc-2e">
         <name>.debug_line</name>
         <load_address>0x3dd</load_address>
         <run_address>0x3dd</run_address>
         <size>0x133</size>
         <input_file_ref idref="fl-4"/>
      </object_component>
      <object_component id="oc-133">
         <name>.debug_line</name>
         <load_address>0x510</load_address>
         <run_address>0x510</run_address>
         <size>0x2d</size>
         <input_file_ref idref="fl-4"/>
      </object_component>
      <object_component id="oc-c4">
         <name>.debug_line</name>
         <load_address>0x53d</load_address>
         <run_address>0x53d</run_address>
         <size>0x20</size>
         <input_file_ref idref="fl-4"/>
      </object_component>
      <object_component id="oc-142">
         <name>.debug_line</name>
         <load_address>0x55d</load_address>
         <run_address>0x55d</run_address>
         <size>0x6a</size>
         <input_file_ref idref="fl-4"/>
      </object_component>
      <object_component id="oc-11b">
         <name>.debug_line</name>
         <load_address>0x5c7</load_address>
         <run_address>0x5c7</run_address>
         <size>0x6b</size>
         <input_file_ref idref="fl-4"/>
      </object_component>
      <object_component id="oc-13d">
         <name>.debug_line</name>
         <load_address>0x632</load_address>
         <run_address>0x632</run_address>
         <size>0x74</size>
         <input_file_ref idref="fl-4"/>
      </object_component>
      <object_component id="oc-1f3">
         <name>.debug_line</name>
         <load_address>0x6a6</load_address>
         <run_address>0x6a6</run_address>
         <size>0x20</size>
         <input_file_ref idref="fl-5"/>
      </object_component>
      <object_component id="oc-b1">
         <name>.debug_line</name>
         <load_address>0x6c6</load_address>
         <run_address>0x6c6</run_address>
         <size>0x3d4</size>
         <input_file_ref idref="fl-5"/>
      </object_component>
      <object_component id="oc-284">
         <name>.debug_line</name>
         <load_address>0xa9a</load_address>
         <run_address>0xa9a</run_address>
         <size>0x20</size>
         <input_file_ref idref="fl-6"/>
      </object_component>
      <object_component id="oc-125">
         <name>.debug_line</name>
         <load_address>0xaba</load_address>
         <run_address>0xaba</run_address>
         <size>0x8d</size>
         <input_file_ref idref="fl-6"/>
      </object_component>
      <object_component id="oc-2e0">
         <name>.debug_line</name>
         <load_address>0xb47</load_address>
         <run_address>0xb47</run_address>
         <size>0x7b</size>
         <input_file_ref idref="fl-7"/>
      </object_component>
      <object_component id="oc-1ee">
         <name>.debug_line</name>
         <load_address>0xbc2</load_address>
         <run_address>0xbc2</run_address>
         <size>0x30</size>
         <input_file_ref idref="fl-7"/>
      </object_component>
      <object_component id="oc-c7">
         <name>.debug_line</name>
         <load_address>0xbf2</load_address>
         <run_address>0xbf2</run_address>
         <size>0x41</size>
         <input_file_ref idref="fl-8"/>
      </object_component>
      <object_component id="oc-34">
         <name>.debug_line</name>
         <load_address>0xc33</load_address>
         <run_address>0xc33</run_address>
         <size>0x41</size>
         <input_file_ref idref="fl-8"/>
      </object_component>
      <object_component id="oc-2b">
         <name>.debug_line</name>
         <load_address>0xc74</load_address>
         <run_address>0xc74</run_address>
         <size>0xa1</size>
         <input_file_ref idref="fl-8"/>
      </object_component>
      <object_component id="oc-1ea">
         <name>.debug_line</name>
         <load_address>0xd15</load_address>
         <run_address>0xd15</run_address>
         <size>0x30</size>
         <input_file_ref idref="fl-9"/>
      </object_component>
      <object_component id="oc-7e">
         <name>.debug_line</name>
         <load_address>0xd45</load_address>
         <run_address>0xd45</run_address>
         <size>0x133</size>
         <input_file_ref idref="fl-9"/>
      </object_component>
      <object_component id="oc-84">
         <name>.debug_line</name>
         <load_address>0xe78</load_address>
         <run_address>0xe78</run_address>
         <size>0x42</size>
         <input_file_ref idref="fl-a"/>
      </object_component>
      <object_component id="oc-1e8">
         <name>.debug_line</name>
         <load_address>0xeba</load_address>
         <run_address>0xeba</run_address>
         <size>0x2e</size>
         <input_file_ref idref="fl-c4"/>
      </object_component>
      <object_component id="oc-77">
         <name>.debug_line</name>
         <load_address>0xee8</load_address>
         <run_address>0xee8</run_address>
         <size>0x5f</size>
         <input_file_ref idref="fl-c4"/>
      </object_component>
      <object_component id="oc-102">
         <name>.debug_line</name>
         <load_address>0xf47</load_address>
         <run_address>0xf47</run_address>
         <size>0x58</size>
         <input_file_ref idref="fl-c4"/>
      </object_component>
      <object_component id="oc-10b">
         <name>.debug_line</name>
         <load_address>0xf9f</load_address>
         <run_address>0xf9f</run_address>
         <size>0x46</size>
         <input_file_ref idref="fl-c4"/>
      </object_component>
      <object_component id="oc-111">
         <name>.debug_line</name>
         <load_address>0xfe5</load_address>
         <run_address>0xfe5</run_address>
         <size>0x91</size>
         <input_file_ref idref="fl-c4"/>
      </object_component>
      <object_component id="oc-116">
         <name>.debug_line</name>
         <load_address>0x1076</load_address>
         <run_address>0x1076</run_address>
         <size>0x2e</size>
         <input_file_ref idref="fl-c4"/>
      </object_component>
      <object_component id="oc-91">
         <name>.debug_line</name>
         <load_address>0x10a4</load_address>
         <run_address>0x10a4</run_address>
         <size>0xd2</size>
         <input_file_ref idref="fl-c5"/>
      </object_component>
      <object_component id="oc-99">
         <name>.debug_line</name>
         <load_address>0x1176</load_address>
         <run_address>0x1176</run_address>
         <size>0xa8</size>
         <input_file_ref idref="fl-c6"/>
      </object_component>
      <object_component id="oc-9b">
         <name>.debug_line</name>
         <load_address>0x121e</load_address>
         <run_address>0x121e</run_address>
         <size>0x8e</size>
         <input_file_ref idref="fl-c7"/>
      </object_component>
      <object_component id="oc-a0">
         <name>.debug_line</name>
         <load_address>0x12ac</load_address>
         <run_address>0x12ac</run_address>
         <size>0x67</size>
         <input_file_ref idref="fl-c8"/>
      </object_component>
      <object_component id="oc-a8">
         <name>.debug_line</name>
         <load_address>0x1313</load_address>
         <run_address>0x1313</run_address>
         <size>0x57</size>
         <input_file_ref idref="fl-c9"/>
      </object_component>
      <object_component id="oc-45">
         <name>.debug_line</name>
         <load_address>0x136a</load_address>
         <run_address>0x136a</run_address>
         <size>0x88</size>
         <input_file_ref idref="fl-ca"/>
      </object_component>
      <object_component id="oc-8f">
         <name>.debug_line</name>
         <load_address>0x13f2</load_address>
         <run_address>0x13f2</run_address>
         <size>0x4c</size>
         <input_file_ref idref="fl-cb"/>
      </object_component>
      <object_component id="oc-157">
         <name>.debug_line</name>
         <load_address>0x143e</load_address>
         <run_address>0x143e</run_address>
         <size>0x92</size>
         <input_file_ref idref="fl-cc"/>
      </object_component>
      <object_component id="oc-51">
         <name>.debug_line</name>
         <load_address>0x14d0</load_address>
         <run_address>0x14d0</run_address>
         <size>0x4c</size>
         <input_file_ref idref="fl-cc"/>
      </object_component>
      <object_component id="oc-df">
         <name>.debug_line</name>
         <load_address>0x151c</load_address>
         <run_address>0x151c</run_address>
         <size>0x34</size>
         <input_file_ref idref="fl-cc"/>
      </object_component>
      <object_component id="oc-154">
         <name>.debug_line</name>
         <load_address>0x1550</load_address>
         <run_address>0x1550</run_address>
         <size>0x92</size>
         <input_file_ref idref="fl-cc"/>
      </object_component>
      <object_component id="oc-da">
         <name>.debug_line</name>
         <load_address>0x15e2</load_address>
         <run_address>0x15e2</run_address>
         <size>0x20</size>
         <input_file_ref idref="fl-cd"/>
      </object_component>
      <object_component id="oc-1f">
         <name>.debug_line</name>
         <load_address>0x1602</load_address>
         <run_address>0x1602</run_address>
         <size>0x55</size>
         <input_file_ref idref="fl-cd"/>
      </object_component>
      <object_component id="oc-4a">
         <name>.debug_line</name>
         <load_address>0x1657</load_address>
         <run_address>0x1657</run_address>
         <size>0x3a</size>
         <input_file_ref idref="fl-cd"/>
      </object_component>
      <object_component id="oc-d7">
         <name>.debug_line</name>
         <load_address>0x1691</load_address>
         <run_address>0x1691</run_address>
         <size>0x92</size>
         <input_file_ref idref="fl-cd"/>
      </object_component>
      <object_component id="oc-150">
         <name>.debug_line</name>
         <load_address>0x1723</load_address>
         <run_address>0x1723</run_address>
         <size>0x20</size>
         <input_file_ref idref="fl-ce"/>
      </object_component>
      <object_component id="oc-18">
         <name>.debug_line</name>
         <load_address>0x1743</load_address>
         <run_address>0x1743</run_address>
         <size>0xa9</size>
         <input_file_ref idref="fl-ce"/>
      </object_component>
      <object_component id="oc-3a">
         <name>.debug_line</name>
         <load_address>0x17ec</load_address>
         <run_address>0x17ec</run_address>
         <size>0x3a</size>
         <input_file_ref idref="fl-ce"/>
      </object_component>
      <object_component id="oc-14d">
         <name>.debug_line</name>
         <load_address>0x1826</load_address>
         <run_address>0x1826</run_address>
         <size>0x9a</size>
         <input_file_ref idref="fl-ce"/>
      </object_component>
      <object_component id="oc-d0">
         <name>.debug_line</name>
         <load_address>0x18c0</load_address>
         <run_address>0x18c0</run_address>
         <size>0x96</size>
         <input_file_ref idref="fl-ce"/>
      </object_component>
      <object_component id="oc-2ac">
         <name>.debug_line</name>
         <load_address>0x1956</load_address>
         <run_address>0x1956</run_address>
         <size>0x91</size>
         <input_file_ref idref="fl-cf"/>
      </object_component>
      <object_component id="oc-19f">
         <name>.debug_line</name>
         <load_address>0x19e7</load_address>
         <run_address>0x19e7</run_address>
         <size>0x62</size>
         <input_file_ref idref="fl-cf"/>
      </object_component>
      <object_component id="oc-2f1">
         <name>.debug_line</name>
         <load_address>0x1a49</load_address>
         <run_address>0x1a49</run_address>
         <size>0x20</size>
         <input_file_ref idref="fl-d0"/>
      </object_component>
      <object_component id="oc-2a9">
         <name>.debug_line</name>
         <load_address>0x1a69</load_address>
         <run_address>0x1a69</run_address>
         <size>0x2b</size>
         <input_file_ref idref="fl-d0"/>
      </object_component>
      <object_component id="oc-72">
         <name>.debug_line</name>
         <load_address>0x1a94</load_address>
         <run_address>0x1a94</run_address>
         <size>0x33</size>
         <input_file_ref idref="fl-d1"/>
      </object_component>
      <object_component id="oc-64">
         <name>.debug_line</name>
         <load_address>0x1ac7</load_address>
         <run_address>0x1ac7</run_address>
         <size>0x45</size>
         <input_file_ref idref="fl-d1"/>
      </object_component>
      <object_component id="oc-276">
         <name>.debug_line</name>
         <load_address>0x1b0c</load_address>
         <run_address>0x1b0c</run_address>
         <size>0x264</size>
         <input_file_ref idref="fl-d2"/>
      </object_component>
      <object_component id="oc-1a9">
         <name>.debug_line</name>
         <load_address>0x1d70</load_address>
         <run_address>0x1d70</run_address>
         <size>0x7a</size>
         <input_file_ref idref="fl-d2"/>
      </object_component>
      <object_component id="oc-23e">
         <name>.debug_line</name>
         <load_address>0x1dea</load_address>
         <run_address>0x1dea</run_address>
         <size>0x51</size>
         <input_file_ref idref="fl-d2"/>
      </object_component>
      <object_component id="oc-244">
         <name>.debug_line</name>
         <load_address>0x1e3b</load_address>
         <run_address>0x1e3b</run_address>
         <size>0x88</size>
         <input_file_ref idref="fl-d2"/>
      </object_component>
      <object_component id="oc-1b4">
         <name>.debug_line</name>
         <load_address>0x1ec3</load_address>
         <run_address>0x1ec3</run_address>
         <size>0x14b</size>
         <input_file_ref idref="fl-d2"/>
      </object_component>
      <object_component id="oc-24b">
         <name>.debug_line</name>
         <load_address>0x200e</load_address>
         <run_address>0x200e</run_address>
         <size>0xec</size>
         <input_file_ref idref="fl-d2"/>
      </object_component>
      <object_component id="oc-24e">
         <name>.debug_line</name>
         <load_address>0x20fa</load_address>
         <run_address>0x20fa</run_address>
         <size>0x5d</size>
         <input_file_ref idref="fl-d2"/>
      </object_component>
      <object_component id="oc-1b7">
         <name>.debug_line</name>
         <load_address>0x2157</load_address>
         <run_address>0x2157</run_address>
         <size>0x5c</size>
         <input_file_ref idref="fl-d2"/>
      </object_component>
      <object_component id="oc-1bd">
         <name>.debug_line</name>
         <load_address>0x21b3</load_address>
         <run_address>0x21b3</run_address>
         <size>0xae</size>
         <input_file_ref idref="fl-d2"/>
      </object_component>
      <object_component id="oc-1c6">
         <name>.debug_line</name>
         <load_address>0x2261</load_address>
         <run_address>0x2261</run_address>
         <size>0x1ac</size>
         <input_file_ref idref="fl-d2"/>
      </object_component>
      <object_component id="oc-ff">
         <name>.debug_line</name>
         <load_address>0x240d</load_address>
         <run_address>0x240d</run_address>
         <size>0x76f</size>
         <input_file_ref idref="fl-d2"/>
      </object_component>
      <object_component id="oc-1de">
         <name>.debug_line</name>
         <load_address>0x2b7c</load_address>
         <run_address>0x2b7c</run_address>
         <size>0x92</size>
         <input_file_ref idref="fl-d2"/>
      </object_component>
      <object_component id="oc-27a">
         <name>.debug_line</name>
         <load_address>0x2c0e</load_address>
         <run_address>0x2c0e</run_address>
         <size>0x92</size>
         <input_file_ref idref="fl-d2"/>
      </object_component>
      <object_component id="oc-2dd">
         <name>.debug_line</name>
         <load_address>0x2ca0</load_address>
         <run_address>0x2ca0</run_address>
         <size>0x9a</size>
         <input_file_ref idref="fl-d2"/>
      </object_component>
      <object_component id="oc-27f">
         <name>.debug_line</name>
         <load_address>0x2d3a</load_address>
         <run_address>0x2d3a</run_address>
         <size>0x97</size>
         <input_file_ref idref="fl-d2"/>
      </object_component>
      <object_component id="oc-1e3">
         <name>.debug_line</name>
         <load_address>0x2dd1</load_address>
         <run_address>0x2dd1</run_address>
         <size>0x2e</size>
         <input_file_ref idref="fl-d2"/>
      </object_component>
      <object_component id="oc-1ae">
         <name>.debug_line</name>
         <load_address>0x2dff</load_address>
         <run_address>0x2dff</run_address>
         <size>0x77</size>
         <input_file_ref idref="fl-d3"/>
      </object_component>
      <object_component id="oc-228">
         <name>.debug_line</name>
         <load_address>0x2e76</load_address>
         <run_address>0x2e76</run_address>
         <size>0x77</size>
         <input_file_ref idref="fl-d3"/>
      </object_component>
      <object_component id="oc-22a">
         <name>.debug_line</name>
         <load_address>0x2eed</load_address>
         <run_address>0x2eed</run_address>
         <size>0x5a</size>
         <input_file_ref idref="fl-d4"/>
      </object_component>
      <object_component id="oc-236">
         <name>.debug_line</name>
         <load_address>0x2f47</load_address>
         <run_address>0x2f47</run_address>
         <size>0x50</size>
         <input_file_ref idref="fl-d5"/>
      </object_component>
      <object_component id="oc-e4">
         <name>.debug_line</name>
         <load_address>0x2f97</load_address>
         <run_address>0x2f97</run_address>
         <size>0x79</size>
         <input_file_ref idref="fl-d6"/>
      </object_component>
      <object_component id="oc-221">
         <name>.debug_line</name>
         <load_address>0x3010</load_address>
         <run_address>0x3010</run_address>
         <size>0x81</size>
         <input_file_ref idref="fl-d7"/>
      </object_component>
      <object_component id="oc-294">
         <name>.debug_line</name>
         <load_address>0x3091</load_address>
         <run_address>0x3091</run_address>
         <size>0xbf</size>
         <input_file_ref idref="fl-d8"/>
      </object_component>
      <object_component id="oc-16a">
         <name>.debug_line</name>
         <load_address>0x3150</load_address>
         <run_address>0x3150</run_address>
         <size>0x6f</size>
         <input_file_ref idref="fl-d8"/>
      </object_component>
      <object_component id="oc-298">
         <name>.debug_line</name>
         <load_address>0x31bf</load_address>
         <run_address>0x31bf</run_address>
         <size>0x2e</size>
         <input_file_ref idref="fl-d8"/>
      </object_component>
      <object_component id="oc-2e7">
         <name>.debug_line</name>
         <load_address>0x31ed</load_address>
         <run_address>0x31ed</run_address>
         <size>0x9a</size>
         <input_file_ref idref="fl-d8"/>
      </object_component>
      <object_component id="oc-29d">
         <name>.debug_line</name>
         <load_address>0x3287</load_address>
         <run_address>0x3287</run_address>
         <size>0x97</size>
         <input_file_ref idref="fl-d8"/>
      </object_component>
      <object_component id="oc-2a2">
         <name>.debug_line</name>
         <load_address>0x331e</load_address>
         <run_address>0x331e</run_address>
         <size>0x93</size>
         <input_file_ref idref="fl-d8"/>
      </object_component>
      <object_component id="oc-ec">
         <name>.debug_line</name>
         <load_address>0x33b1</load_address>
         <run_address>0x33b1</run_address>
         <size>0x40</size>
         <input_file_ref idref="fl-d9"/>
      </object_component>
      <object_component id="oc-15d">
         <name>.debug_line</name>
         <load_address>0x33f1</load_address>
         <run_address>0x33f1</run_address>
         <size>0x3c</size>
         <input_file_ref idref="fl-db"/>
      </object_component>
      <object_component id="oc-2f4">
         <name>.debug_line</name>
         <load_address>0x342d</load_address>
         <run_address>0x342d</run_address>
         <size>0x20</size>
         <input_file_ref idref="fl-dd"/>
      </object_component>
      <object_component id="oc-233">
         <name>.debug_line</name>
         <load_address>0x344d</load_address>
         <run_address>0x344d</run_address>
         <size>0x67</size>
         <input_file_ref idref="fl-dd"/>
      </object_component>
      <object_component id="oc-2ce">
         <name>.debug_line</name>
         <load_address>0x34b4</load_address>
         <run_address>0x34b4</run_address>
         <size>0x20</size>
         <input_file_ref idref="fl-df"/>
      </object_component>
      <object_component id="oc-1ca">
         <name>.debug_line</name>
         <load_address>0x34d4</load_address>
         <run_address>0x34d4</run_address>
         <size>0x48</size>
         <input_file_ref idref="fl-df"/>
      </object_component>
      <object_component id="oc-300">
         <name>.debug_line</name>
         <load_address>0x351c</load_address>
         <run_address>0x351c</run_address>
         <size>0x20</size>
         <input_file_ref idref="fl-e0"/>
      </object_component>
      <object_component id="oc-265">
         <name>.debug_line</name>
         <load_address>0x353c</load_address>
         <run_address>0x353c</run_address>
         <size>0xb0</size>
         <input_file_ref idref="fl-e0"/>
      </object_component>
      <object_component id="oc-2a7">
         <name>.debug_line</name>
         <load_address>0x35ec</load_address>
         <run_address>0x35ec</run_address>
         <size>0x20</size>
         <input_file_ref idref="fl-e1"/>
      </object_component>
      <object_component id="oc-19c">
         <name>.debug_line</name>
         <load_address>0x360c</load_address>
         <run_address>0x360c</run_address>
         <size>0xae</size>
[...]
         <value>0x20000000</value>
      </symbol>
      <symbol id="sm-3">
         <name>__stop___llvm_prf_cnts</name>
         <value>0x20000000</value>
      </symbol>
      <symbol id="sm-4">
         <name>__TI_CINIT_Base</name>
         <value>0x34c0</value>
      </symbol>
      <symbol id="sm-5">
         <name>__TI_CINIT_Limit</name>
         <value>0x34d0</value>
      </symbol>
      <symbol id="sm-6">
         <name>__TI_Handler_Table_Base</name>
         <value>0x34ac</value>
      </symbol>
      <symbol id="sm-7">
         <name>__TI_Handler_Table_Limit</name>
         <value>0x34b8</value>
      </symbol>
      <symbol id="sm-8">
         <name>binit</name>
         <value>0xffffffff</value>
      </symbol>
      <symbol id="sm-9">
         <name>__binit__</name>
         <value>0xffffffff</value>
      </symbol>
      <symbol id="sm-a">
         <name>__STACK_SIZE</name>
         <value>0x1000</value>
      </symbol>
      <symbol id="sm-b">
         <name>__STACK_END</name>
         <value>0x20001000</value>
      </symbol>
      <symbol id="sm-c">
         <name>__c_args__</name>
         <value>0xffffffff</value>
      </symbol>
      <symbol id="sm-d">
         <name>__TI_pprof_out_hndl</name>
         <value>0xffffffff</value>
      </symbol>
      <symbol id="sm-e">
         <name>__TI_prof_data_start</name>
         <value>0xffffffff</value>
      </symbol>
      <symbol id="sm-f">
         <name>__TI_prof_data_size</name>
         <value>0xffffffff</value>
      </symbol>
      <symbol id="sm-6e">
         <name>readAdc0Ss1</name>
         <value>0x1d65</value>
         <object_component_ref idref="oc-85"/>
      </symbol>
      <symbol id="sm-6f">
         <name>setAdc0Ss1Mux</name>
         <value>0x1d21</value>
         <object_component_ref idref="oc-85"/>
      </symbol>
      <symbol id="sm-70">
         <name>setAdc1Ss1Mux</name>
         <value>0x1d43</value>
         <object_component_ref idref="oc-85"/>
      </symbol>
      <symbol id="sm-71">
         <name>initAdc0Ss1</name>
         <value>0x1c41</value>
         <object_component_ref idref="oc-85"/>
      </symbol>
      <symbol id="sm-72">
         <name>setAdc1Ss1Log2AverageCount</name>
         <value>0x1cdd</value>
         <object_component_ref idref="oc-85"/>
      </symbol>
      <symbol id="sm-73">
         <name>initAdc1Ss1</name>
         <value>0x1c89</value>
         <object_component_ref idref="oc-85"/>
      </symbol>
      <symbol id="sm-74">
         <name>initDccmp</name>
         <value>0x1d6d</value>
         <object_component_ref idref="oc-85"/>
      </symbol>
      <symbol id="sm-81">
         <name>initSystemClockTo40Mhz</name>
         <value>0x3361</value>
         <object_component_ref idref="oc-a9"/>
      </symbol>
      <symbol id="sm-102">
         <name>str</name>
         <value>0x20001000</value>
      </symbol>
      <symbol id="sm-103">
         <name>frequency</name>
         <value>0x2000102c</value>
         <object_component_ref idref="oc-b5"/>
      </symbol>
      <symbol id="sm-104">
         <name>timer1Isr</name>
         <value>0x1547</value>
         <object_component_ref idref="oc-2d"/>
      </symbol>
      <symbol id="sm-105">
         <name>initHw</name>
         <value>0x1705</value>
         <object_component_ref idref="oc-2d"/>
      </symbol>
      <symbol id="sm-106">
         <name>rpm</name>
         <value>0x20001034</value>
         <object_component_ref idref="oc-b5"/>
      </symbol>
      <symbol id="sm-107">
         <name>BEMFrpm</name>
         <value>0x20001044</value>
         <object_component_ref idref="oc-b5"/>
      </symbol>
      <symbol id="sm-108">
         <name>rawEMF</name>
         <value>0x20001038</value>
         <object_component_ref idref="oc-b5"/>
      </symbol>
      <symbol id="sm-109">
         <name>x</name>
         <value>0x20001048</value>
         <object_component_ref idref="oc-b5"/>
      </symbol>
      <symbol id="sm-10a">
         <name>ActualBEMF</name>
         <value>0x20001040</value>
         <object_component_ref idref="oc-b5"/>
      </symbol>
      <symbol id="sm-10b">
         <name>InverseBEMF</name>
         <value>0x2000103c</value>
         <object_component_ref idref="oc-b5"/>
      </symbol>
      <symbol id="sm-10c">
         <name>timeMode</name>
         <value>0x20001028</value>
         <object_component_ref idref="oc-b5"/>
      </symbol>
      <symbol id="sm-10d">
         <name>main</name>
         <value>0x1831</value>
         <object_component_ref idref="oc-2d"/>
      </symbol>
      <symbol id="sm-10e">
         <name>enableCounterMode</name>
         <value>0x14dd</value>
         <object_component_ref idref="oc-2d"/>
      </symbol>
      <symbol id="sm-10f">
         <name>setPwmDutyCycle</name>
         <value>0x14c5</value>
         <object_component_ref idref="oc-2d"/>
      </symbol>
      <symbol id="sm-110">
         <name>time</name>
         <value>0x20001030</value>
         <object_component_ref idref="oc-b5"/>
      </symbol>
      <symbol id="sm-186">
         <name>selectPinInterruptBothEdges</name>
         <value>0x11ff</value>
         <object_component_ref idref="oc-af"/>
      </symbol>
      <symbol id="sm-187">
         <name>getPortValue</name>
         <value>0x1435</value>
         <object_component_ref idref="oc-af"/>
      </symbol>
      <symbol id="sm-188">
         <name>selectPinAnalogInput</name>
         <value>0xee3</value>
         <object_component_ref idref="oc-af"/>
      </symbol>
      <symbol id="sm-189">
         <name>clearPinInterrupt</name>
         <value>0x1311</value>
         <object_component_ref idref="oc-af"/>
      </symbol>
      <symbol id="sm-18a">
         <name>selectPinPushPullOutput</name>
         <value>0xdf9</value>
         <object_component_ref idref="oc-af"/>
      </symbol>
      <symbol id="sm-18b">
         <name>selectPinInterruptHighLevel</name>
         <value>0x1255</value>
         <object_component_ref idref="oc-af"/>
      </symbol>
      <symbol id="sm-18c">
         <name>selectPinInterruptFallingEdge</name>
         <value>0x11af</value>
         <object_component_ref idref="oc-af"/>
      </symbol>
      <symbol id="sm-18d">
         <name>selectPinOpenDrainOutput</name>
         <value>0xe47</value>
         <object_component_ref idref="oc-af"/>
      </symbol>
      <symbol id="sm-18e">
         <name>selectPinInterruptLowLevel</name>
         <value>0x128f</value>
         <object_component_ref idref="oc-af"/>
      </symbol>
      <symbol id="sm-18f">
         <name>setPortValue</name>
         <value>0x13bd</value>
         <object_component_ref idref="oc-af"/>
      </symbol>
      <symbol id="sm-190">
         <name>enablePinInterrupt</name>
         <value>0x12c9</value>
         <object_component_ref idref="oc-af"/>
      </symbol>
      <symbol id="sm-191">
         <name>setPinAuxFunction</name>
         <value>0x104d</value>
         <object_component_ref idref="oc-af"/>
      </symbol>
      <symbol id="sm-192">
         <name>enablePort</name>
         <value>0xcbd</value>
         <object_component_ref idref="oc-af"/>
      </symbol>
      <symbol id="sm-193">
         <name>disablePinPulldown</name>
         <value>0x1025</value>
         <object_component_ref idref="oc-af"/>
      </symbol>
      <symbol id="sm-194">
         <name>setPinCommitControl</name>
         <value>0xf33</value>
         <object_component_ref idref="oc-af"/>
      </symbol>
      <symbol id="sm-195">
         <name>disablePort</name>
         <value>0xd79</value>
         <object_component_ref idref="oc-af"/>
      </symbol>
      <symbol id="sm-196">
         <name>disablePinInterrupt</name>
         <value>0x12ed</value>
         <object_component_ref idref="oc-af"/>
      </symbol>
      <symbol id="sm-197">
         <name>enablePinPullup</name>
         <value>0xfaf</value>
         <object_component_ref idref="oc-af"/>
      </symbol>
      <symbol id="sm-198">
         <name>togglePinValue</name>
         <value>0x135b</value>
         <object_component_ref idref="oc-af"/>
      </symbol>
      <symbol id="sm-199">
         <name>getPinValue</name>
         <value>0x137f</value>
         <object_component_ref idref="oc-af"/>
      </symbol>
      <symbol id="sm-19a">
         <name>enablePinPulldown</name>
         <value>0x1001</value>
         <object_component_ref idref="oc-af"/>
      </symbol>
      <symbol id="sm-19b">
         <name>disablePinPullup</name>
         <value>0xfdd</value>
         <object_component_ref idref="oc-af"/>
      </symbol>
      <symbol id="sm-19c">
         <name>selectPinDigitalInput</name>
         <value>0xe95</value>
         <object_component_ref idref="oc-af"/>
      </symbol>
      <symbol id="sm-19d">
         <name>selectPinInterruptRisingEdge</name>
         <value>0x115f</value>
         <object_component_ref idref="oc-af"/>
      </symbol>
      <symbol id="sm-19e">
         <name>setPinValue</name>
         <value>0x1335</value>
         <object_component_ref idref="oc-af"/>
      </symbol>
      <symbol id="sm-1b1">
         <name>disableNvicInterrupt</name>
         <value>0x29a5</value>
         <object_component_ref idref="oc-121"/>
      </symbol>
      <symbol id="sm-1b2">
         <name>enableNvicInterrupt</name>
         <value>0x296d</value>
         <object_component_ref idref="oc-121"/>
      </symbol>
      <symbol id="sm-1b3">
         <name>setNvicInterruptPriority</name>
         <value>0x29dd</value>
         <object_component_ref idref="oc-121"/>
      </symbol>
      <symbol id="sm-1d9">
         <name>ResetISR</name>
         <value>0x337f</value>
         <object_component_ref idref="oc-27"/>
      </symbol>
      <symbol id="sm-1da">
         <name>g_pfnVectors</name>
         <value>0x0</value>
         <object_component_ref idref="oc-12"/>
      </symbol>
      <symbol id="sm-209">
         <name>getcUart0</name>
         <value>0x1f55</value>
         <object_component_ref idref="oc-7a"/>
      </symbol>
      <symbol id="sm-20a">
         <name>kbhitUart0</name>
         <value>0x1ff1</value>
         <object_component_ref idref="oc-7a"/>
      </symbol>
      <symbol id="sm-20b">
         <name>setUart0BaudRate</name>
         <value>0x1ec9</value>
         <object_component_ref idref="oc-7a"/>
      </symbol>
      <symbol id="sm-20c">
         <name>putsUart0</name>
         <value>0x1f29</value>
         <object_component_ref idref="oc-7a"/>
      </symbol>
      <symbol id="sm-20d">
         <name>initUart0</name>
         <value>0x1e55</value>
         <object_component_ref idref="oc-7a"/>
      </symbol>
      <symbol id="sm-20e">
         <name>putcUart0</name>
         <value>0x1f0d</value>
         <object_component_ref idref="oc-7a"/>
      </symbol>
      <symbol id="sm-20f">
         <name>getsUart0</name>
         <value>0x1f69</value>
         <object_component_ref idref="oc-7a"/>
      </symbol>
      <symbol id="sm-21e">
         <name>waitMicrosecond</name>
         <value>0x32d7</value>
         <object_component_ref idref="oc-80"/>
      </symbol>
      <symbol id="sm-24d">
         <name>snprintf</name>
         <value>0x309d</value>
         <object_component_ref idref="oc-74"/>
      </symbol>
      <symbol id="sm-264">
         <name>__aeabi_dsub</name>
         <value>0x2211</value>
         <object_component_ref idref="oc-90"/>
      </symbol>
      <symbol id="sm-265">
         <name>__aeabi_dadd</name>
         <value>0x221b</value>
         <object_component_ref idref="oc-90"/>
      </symbol>
      <symbol id="sm-279">
         <name>__aeabi_ddiv</name>
         <value>0x2505</value>
         <object_component_ref idref="oc-95"/>
      </symbol>
      <symbol id="sm-284">
         <name>__aeabi_dmul</name>
         <value>0x2871</value>
         <object_component_ref idref="oc-9a"/>
      </symbol>
      <symbol id="sm-290">
         <name>__aeabi_d2f</name>
         <value>0x2e19</value>
         <object_component_ref idref="oc-9f"/>
      </symbol>
      <symbol id="sm-29b">
         <name>__aeabi_f2d</name>
         <value>0x31b3</value>
         <object_component_ref idref="oc-a4"/>
      </symbol>
      <symbol id="sm-2b6">
         <name>memcpy</name>
         <value>0x2af3</value>
         <object_component_ref idref="oc-41"/>
      </symbol>
      <symbol id="sm-2b7">
         <name>__aeabi_memcpy</name>
         <value>0x2af3</value>
         <object_component_ref idref="oc-41"/>
      </symbol>
      <symbol id="sm-2b8">
         <name>__aeabi_memcpy8</name>
         <value>0x2af3</value>
         <object_component_ref idref="oc-41"/>
      </symbol>
      <symbol id="sm-2b9">
         <name>__aeabi_memcpy4</name>
         <value>0x2af3</value>
         <object_component_ref idref="oc-41"/>
      </symbol>
      <symbol id="sm-2c3">
         <name>__aeabi_ui2d</name>
         <value>0x327f</value>
         <object_component_ref idref="oc-8b"/>
      </symbol>
      <symbol id="sm-2dc">
         <name>__TI_zero_init_nomemset</name>
         <value>0x329f</value>
         <object_component_ref idref="oc-4d"/>
      </symbol>
      <symbol id="sm-2f3">
         <name>__TI_decompress_none</name>
         <value>0x3371</value>
         <object_component_ref idref="oc-1b"/>
      </symbol>
      <symbol id="sm-316">
         <name>__TI_decompress_lzss</name>
         <value>0x2e87</value>
         <object_component_ref idref="oc-15"/>
      </symbol>
      <symbol id="sm-32c">
         <name>atoi</name>
         <value>0x3051</value>
         <object_component_ref idref="oc-19e"/>
      </symbol>
      <symbol id="sm-337">
         <name>_ctypes_</name>
         <value>0x339c</value>
         <object_component_ref idref="oc-218"/>
      </symbol>
      <symbol id="sm-34a">
         <name>__stack</name>
         <value>0x20000000</value>
         <object_component_ref idref="oc-24"/>
      </symbol>
      <symbol id="sm-34b">
         <name>_c_int00_noargs</name>
         <value>0x31ed</value>
         <object_component_ref idref="oc-5f"/>
      </symbol>
      <symbol id="sm-4b0">
         <name>__TI_printfi</name>
         <value>0x26d</value>
         <object_component_ref idref="oc-fa"/>
      </symbol>
      <symbol id="sm-4d2">
         <name>__aeabi_cdcmpeq</name>
         <value>0x2c25</value>
         <object_component_ref idref="oc-1aa"/>
      </symbol>
      <symbol id="sm-4d3">
         <name>__aeabi_cdcmple</name>
         <value>0x2c25</value>
         <object_component_ref idref="oc-1aa"/>
      </symbol>
      <symbol id="sm-4d4">
         <name>__aeabi_cdrcmple</name>
         <value>0x2cab</value>
         <object_component_ref idref="oc-224"/>
      </symbol>
      <symbol id="sm-4de">
         <name>__aeabi_d2iz</name>
         <value>0x30e9</value>
         <object_component_ref idref="oc-229"/>
      </symbol>
      <symbol id="sm-4e8">
         <name>__aeabi_i2d</name>
         <value>0x3251</value>
         <object_component_ref idref="oc-234"/>
      </symbol>
      <symbol id="sm-4f7">
         <name>__aeabi_memset</name>
         <value>0x2d33</value>
         <object_component_ref idref="oc-e2"/>
      </symbol>
      <symbol id="sm-4f8">
         <name>memset</name>
         <value>0x2d39</value>
         <object_component_ref idref="oc-e2"/>
      </symbol>
      <symbol id="sm-4f9">
         <name>__aeabi_memset8</name>
         <value>0x2d33</value>
         <object_component_ref idref="oc-e2"/>
      </symbol>
      <symbol id="sm-4fa">
         <name>__aeabi_memset4</name>
         <value>0x2d33</value>
         <object_component_ref idref="oc-e2"/>
      </symbol>
      <symbol id="sm-4fb">
         <name>__aeabi_memclr8</name>
         <value>0x2d31</value>
         <object_component_ref idref="oc-e2"/>
      </symbol>
      <symbol id="sm-4fc">
         <name>__aeabi_memclr4</name>
         <value>0x2d31</value>
         <object_component_ref idref="oc-e2"/>
      </symbol>
      <symbol id="sm-4fd">
         <name>__aeabi_memclr</name>
         <value>0x2d31</value>
         <object_component_ref idref="oc-e2"/>
      </symbol>
      <symbol id="sm-50a">
         <name>__aeabi_uldivmod</name>
         <value>0x2b8f</value>
         <object_component_ref idref="oc-21d"/>
      </symbol>
      <symbol id="sm-532">
         <name>__TI_auto_init_nobinit_nopinit</name>
         <value>0x3131</value>
         <object_component_ref idref="oc-166"/>
      </symbol>
      <symbol id="sm-53c">
         <name>_system_pre_init</name>
         <value>0x3395</value>
         <object_component_ref idref="oc-e8"/>
      </symbol>
      <symbol id="sm-548">
         <name>C$$EXIT</name>
         <value>0x3399</value>
         <object_component_ref idref="oc-15a"/>
      </symbol>
      <symbol id="sm-549">
         <name>abort</name>
         <value>0x3399</value>
         <object_component_ref idref="oc-15a"/>
      </symbol>
      <symbol id="sm-559">
         <name>__TI_ltoa</name>
         <value>0x2fab</value>
         <object_component_ref idref="oc-22e"/>
      </symbol>
      <symbol id="sm-56a">
         <name>memccpy</name>
         <value>0x32bb</value>
         <object_component_ref idref="oc-1c7"/>
      </symbol>
      <symbol id="sm-57a">
         <name>strchr</name>
         <value>0x3325</value>
         <object_component_ref idref="oc-260"/>
      </symbol>
      <symbol id="sm-588">
         <name>strlen</name>
         <value>0x333b</value>
         <object_component_ref idref="oc-198"/>
      </symbol>
      <symbol id="sm-59e">
         <name>__aeabi_errno_addr</name>
         <value>0x338d</value>
         <object_component_ref idref="oc-1d3"/>
      </symbol>
      <symbol id="sm-59f">
         <name>errno</name>
         <value>0x2000104c</value>
         <object_component_ref idref="oc-270"/>
      </symbol>
      <symbol id="sm-5b8">
         <name>wcslen</name>
         <value>0x334f</value>
         <object_component_ref idref="oc-1cd"/>
      </symbol>
      <symbol id="sm-5d8">
         <name>frexpl</name>
         <value>0x2ef1</value>
         <object_component_ref idref="oc-254"/>
      </symbol>
      <symbol id="sm-5d9">
         <name>frexp</name>
         <value>0x2ef1</value>
         <object_component_ref idref="oc-254"/>
      </symbol>
      <symbol id="sm-5f6">
         <name>scalbn</name>
         <value>0x2761</value>
         <object_component_ref idref="oc-25a"/>
      </symbol>
      <symbol id="sm-5f7">
         <name>scalbnl</name>
         <value>0x2761</value>
         <object_component_ref idref="oc-25a"/>
      </symbol>
      <symbol id="sm-5f8">
         <name>ldexpl</name>
         <value>0x2761</value>
         <object_component_ref idref="oc-25a"/>
      </symbol>
      <symbol id="sm-5f9">
         <name>ldexp</name>
         <value>0x2761</value>
         <object_component_ref idref="oc-25a"/>
      </symbol>
      <symbol id="sm-603">
         <name>__aeabi_idiv0</name>
         <value>0xcbb</value>
         <object_component_ref idref="oc-2ad"/>
      </symbol>
      <symbol id="sm-604">
         <name>__aeabi_ldiv0</name>
         <value>0xcbb</value>
         <object_component_ref idref="oc-2ad"/>
      </symbol>
      <symbol id="sm-60e">
         <name>copysign</name>
         <value>0x32f3</value>
         <object_component_ref idref="oc-2c3"/>
      </symbol>
      <symbol id="sm-60f">
         <name>copysignl</name>
         <value>0x32f3</value>
         <object_component_ref idref="oc-2c3"/>
      </symbol>
      <symbol id="sm-610">
         <name>__TI_static_base__</name>
         <value>0x0</value>
      </symbol>
      <symbol id="sm-613">
         <name>__mpu_init</name>
         <value>0x0</value>
      </symbol>
      <symbol id="sm-614">
         <name>_system_post_cinit</name>
         <value>0x0</value>
      </symbol>
   </symbol_table>
   <title>Link successful</title>
</link_info>
