******************************************************************************
                  TI ARM Linker PC v20.2.7                     
******************************************************************************
>> Linked Wed Oct  2 19:40:01 2024

OUTPUT FILE NAME:   <Lab_3.out>
ENTRY POINT SYMBOL: "_c_int00_noargs"  address: 000031ed


MEMORY CONFIGURATION

         name            origin    length      used     unused   attr    fill
----------------------  --------  ---------  --------  --------  ----  --------
  FLASH                 00000000   00040000  000034cd  0003cb33  R  X
  SRAM                  20000000   00008000  00001050  00006fb0  RW X


SEGMENT ALLOCATION MAP

run origin  load origin   length   init length attrs members
----------  ----------- ---------- ----------- ----- -------
00000000    00000000    000034d0   000034d0    r-x
  00000000    00000000    0000026c   0000026c    r-- .intvecs
  0000026c    0000026c    00003130   00003130    r-x .text
  0000339c    0000339c    00000101   00000101    r-- .const
  000034a0    000034a0    00000030   00000030    r-- .cinit
20000000    20000000    00001050   00000000    rw-
  20000000    20000000    00001000   00000000    rw- .stack
  20001000    20001000    00000028   00000000    rw- .bss
  20001028    20001028    00000028   00000000    rw- .data


SECTION ALLOCATION MAP

 output                                  attributes/
section   page    origin      length       input sections
--------  ----  ----------  ----------   ----------------
.intvecs   0    00000000    0000026c     
                  00000000    0000026c     tm4c123gh6pm_startup_ccs.obj (.intvecs)

.text      0    0000026c    00003130     
                  0000026c    00000a4e     rtsv7M4_T_le_v4SPD16_eabi.lib : _printfi.c.obj (.text:__TI_printfi)
                  00000cba    00000002                                   : div0.asm.obj (.text)
                  00000cbc    00000808     gpio.obj (.text)
                  000014c4    0000050c     freq_time.obj (.text)
                  000019d0    00000270     rtsv7M4_T_le_v4SPD16_eabi.lib : _printfi.c.obj (.text:_pconv_a)
                  00001c40    00000214     adc.obj (.text)
                  00001e54    000001ec     uart0.obj (.text)
                  00002040    000001d0     rtsv7M4_T_le_v4SPD16_eabi.lib : _printfi.c.obj (.text:_pconv_g)
                  00002210    000001b6                                   : fd_add_t2.asm.obj (.text)
                  000023c6    00000002     --HOLE-- [fill = 0]
                  000023c8    0000013c                                   : _printfi.c.obj (.text:_pconv_e)
                  00002504    00000136                                   : fd_div_t2.asm.obj (.text)
                  0000263a    00000002     --HOLE-- [fill = 0]
                  0000263c    00000124                                   : _printfi.c.obj (.text:fcvt)
                  00002760    00000110                                   : s_scalbn.c.obj (.text:scalbn)
                  00002870    000000fc                                   : fd_mul_t2.asm.obj (.text)
                  0000296c    000000d4     nvic.obj (.text)
                  00002a40    000000b1     rtsv7M4_T_le_v4SPD16_eabi.lib : _printfi.c.obj (.text:_ltostr)
                  00002af1    00000001     --HOLE-- [fill = 0]
                  00002af2    0000009c                                   : memcpy_t2.asm.obj (.text)
                  00002b8e    00000096                                   : ull_div_t2.asm.obj (.text)
                  00002c24    00000086                                   : fd_cmp_t2.asm.obj (.text:__aeabi_cdcmple)
                  00002caa    00000086                                   : fd_cmp_t2.asm.obj (.text:__aeabi_cdrcmple)
                  00002d30    0000007a                                   : memset_t2.asm.obj (.text)
                  00002daa    0000006e                                   : _printfi.c.obj (.text:_mcpy)
                  00002e18    0000006e                                   : fd_tos_t2.asm.obj (.text)
                  00002e86    00000068                                   : copy_decompress_lzss.c.obj (.text:decompress:lzss:__TI_decompress_lzss)
                  00002eee    00000002     --HOLE-- [fill = 0]
                  00002ef0    00000064                                   : s_frexp.c.obj (.text:frexp)
                  00002f54    00000056                                   : _printfi.c.obj (.text:_pconv_f)
                  00002faa    00000054                                   : _ltoa.c.obj (.text:__TI_ltoa)
                  00002ffe    00000052                                   : _printfi.c.obj (.text:_ecpy)
                  00003050    0000004c                                   : atoi.c.obj (.text:atoi)
                  0000309c    0000004c                                   : snprintf.c.obj (.text:snprintf)
                  000030e8    00000048                                   : fd_toi_t2.asm.obj (.text)
                  00003130    00000044                                   : autoinit.c.obj (.text:__TI_auto_init_nobinit_nopinit:__TI_auto_init_nobinit_nopinit)
                  00003174    0000003e                                   : _printfi.c.obj (.text:_fcpy)
                  000031b2    00000038                                   : fs_tod_t2.asm.obj (.text)
                  000031ea    00000002     --HOLE-- [fill = 0]
                  000031ec    00000034                                   : boot_cortex_m.c.obj (.text:_c_int00_noargs:_c_int00_noargs)
                  00003220    00000030                                   : snprintf.c.obj (.text:_outs)
                  00003250    0000002e                                   : i_tofd_t2.asm.obj (.text)
                  0000327e    00000020                                   : u_tofd_t2.asm.obj (.text)
                  0000329e    0000001c                                   : copy_zero_init.c.obj (.text:decompress:ZI:__TI_zero_init_nomemset:__TI_zero_init_nomemset)
                  000032ba    0000001c                                   : memccpy.c.obj (.text:memccpy)
                  000032d6    0000001c     wait.obj (.text)
                  000032f2    0000001a     rtsv7M4_T_le_v4SPD16_eabi.lib : s_copysign.c.obj (.text:copysign)
                  0000330c    00000018                                   : snprintf.c.obj (.text:_outc)
                  00003324    00000016                                   : strchr.c.obj (.text:strchr)
                  0000333a    00000014                                   : strlen.c.obj (.text:strlen)
                  0000334e    00000012                                   : wcslen.c.obj (.text:wcslen)
                  00003360    00000010     clock.obj (.text)
                  00003370    0000000e     rtsv7M4_T_le_v4SPD16_eabi.lib : copy_decompress_none.c.obj (.text:decompress:none:__TI_decompress_none)
                  0000337e    0000000c     tm4c123gh6pm_startup_ccs.obj (.text)
                  0000338a    00000002     --HOLE-- [fill = 0]
                  0000338c    00000008     rtsv7M4_T_le_v4SPD16_eabi.lib : errno.c.obj (.text:__aeabi_errno_addr)
                  00003394    00000004                                   : pre_init.c.obj (.text:_system_pre_init)
                  00003398    00000004                                   : exit.c.obj (.text:abort:abort)

.const     0    0000339c    00000101     
                  0000339c    00000101     rtsv7M4_T_le_v4SPD16_eabi.lib : ctype.c.obj (.const:.string:_ctypes_)

.cinit     0    000034a0    00000030     
                  000034a0    0000000c     (.cinit..data.load) [load image, compression = lzss]
                  000034ac    0000000c     (__TI_handler_table)
                  000034b8    00000008     (.cinit..bss.load) [load image, compression = zero_init]
                  000034c0    00000010     (__TI_cinit_table)

.init_array 
*          0    00000000    00000000     UNINITIALIZED

.bss       0    20001000    00000028     UNINITIALIZED
                  20001000    00000028     (.common:str)

.data      0    20001028    00000028     UNINITIALIZED
                  20001028    00000022     freq_time.obj (.data)
                  2000104a    00000002     --HOLE--
                  2000104c    00000004     rtsv7M4_T_le_v4SPD16_eabi.lib : errno.c.obj (.data)

.stack     0    20000000    00001000     UNINITIALIZED
                  20000000    00000004     rtsv7M4_T_le_v4SPD16_eabi.lib : boot_cortex_m.c.obj (.stack)
                  20000004    00000ffc     --HOLE--

__llvm_prf_cnts 
*          0    20000000    00000000     UNINITIALIZED

MODULE SUMMARY

       Module                         code    ro data   rw data
       ------                         ----    -------   -------
    .\
       gpio.obj                       2056    0         0      
       freq_time.obj                  1292    0         74     
       tm4c123gh6pm_startup_ccs.obj   12      620       0      
       adc.obj                        532     0         0      
       uart0.obj                      492     0         0      
       nvic.obj                       212     0         0      
       wait.obj                       28      0         0      
       clock.obj                      16      0         0      
    +--+------------------------------+-------+---------+---------+
       Total:                         4640    620       74     
                                                               
    C:\ti\ccs1260\ccs\tools\compiler\ti-cgt-arm_20.2.7.LTS\lib\rtsv7M4_T_le_v4SPD16_eabi.lib
       _printfi.c.obj                 4851    0         0      
       fd_add_t2.asm.obj              438     0         0      
       fd_div_t2.asm.obj              310     0         0      
       s_scalbn.c.obj                 272     0         0      
       fd_cmp_t2.asm.obj              268     0         0      
       ctype.c.obj                    0       257       0      
       fd_mul_t2.asm.obj              252     0         0      
       memcpy_t2.asm.obj              156     0         0      
       ull_div_t2.asm.obj             150     0         0      
       snprintf.c.obj                 148     0         0      
       memset_t2.asm.obj              122     0         0      
       fd_tos_t2.asm.obj              110     0         0      
       copy_decompress_lzss.c.obj     104     0         0      
       s_frexp.c.obj                  100     0         0      
       _ltoa.c.obj                    84      0         0      
       atoi.c.obj                     76      0         0      
       fd_toi_t2.asm.obj              72      0         0      
       autoinit.c.obj                 68      0         0      
       fs_tod_t2.asm.obj              56      0         0      
       boot_cortex_m.c.obj            52      0         0      
       i_tofd_t2.asm.obj              46      0         0      
       u_tofd_t2.asm.obj              32      0         0      
       copy_zero_init.c.obj           28      0         0      
       memccpy.c.obj                  28      0         0      
       s_copysign.c.obj               26      0         0      
       strchr.c.obj                   22      0         0      
       strlen.c.obj                   20      0         0      
       wcslen.c.obj                   18      0         0      
       copy_decompress_none.c.obj     14      0         0      
       errno.c.obj                    8       0         4      
       exit.c.obj                     4       0         0      
       pre_init.c.obj                 4       0         0      
       div0.asm.obj                   2       0         0      
    +--+------------------------------+-------+---------+---------+
       Total:                         7941    257       4      
                                                               
       Stack:                         0       0         4096   
       Linker Generated:              0       48        0      
    +--+------------------------------+-------+---------+---------+
       Grand Total:                   12581   925       4174   


LINKER GENERATED COPY TABLES

__TI_cinit_table @ 000034c0 records: 2, size/record: 8, table size: 16
	.data: load addr=000034a0, load size=0000000c bytes, run addr=20001028, run size=00000028 bytes, compression=lzss
	.bss: load addr=000034b8, load size=00000008 bytes, run addr=20001000, run size=00000028 bytes, compression=zero_init


LINKER GENERATED HANDLER TABLE

__TI_handler_table @ 000034ac records: 3, size/record: 4, table size: 12
	index: 0, handler: __TI_decompress_lzss
	index: 1, handler: __TI_decompress_none
	index: 2, handler: __TI_zero_init


GLOBAL SYMBOLS: SORTED ALPHABETICALLY BY Name 

address   name                          
-------   ----                          
20001040  ActualBEMF                    
20001044  BEMFrpm                       
00003399  C$$EXIT                       
2000103c  InverseBEMF                   
0000337f  ResetISR                      
20001000  __STACK_END                   
00001000  __STACK_SIZE                  
20000200  __STACK_TOP                   
000034c0  __TI_CINIT_Base               
000034d0  __TI_CINIT_Limit              
000034ac  __TI_Handler_Table_Base       
000034b8  __TI_Handler_Table_Limit      
00003131  __TI_auto_init_nobinit_nopinit
00002e87  __TI_decompress_lzss          
00003371  __TI_decompress_none          
00002fab  __TI_ltoa                     
ffffffff  __TI_pprof_out_hndl           
0000026d  __TI_printfi                  
ffffffff  __TI_prof_data_size           
ffffffff  __TI_prof_data_start          
00000000  __TI_static_base__            
0000329f  __TI_zero_init_nomemset       
00002c25  __aeabi_cdcmpeq               
00002c25  __aeabi_cdcmple               
00002cab  __aeabi_cdrcmple              
00002e19  __aeabi_d2f                   
000030e9  __aeabi_d2iz                  
0000221b  __aeabi_dadd                  
00002505  __aeabi_ddiv                  
00002871  __aeabi_dmul                  
00002211  __aeabi_dsub                  
0000338d  __aeabi_errno_addr            
000031b3  __aeabi_f2d                   
00003251  __aeabi_i2d                   
00000cbb  __aeabi_idiv0                 
00000cbb  __aeabi_ldiv0                 
00002d31  __aeabi_memclr                
00002d31  __aeabi_memclr4               
00002d31  __aeabi_memclr8               
00002af3  __aeabi_memcpy                
00002af3  __aeabi_memcpy4               
00002af3  __aeabi_memcpy8               
00002d33  __aeabi_memset                
00002d33  __aeabi_memset4               
00002d33  __aeabi_memset8               
0000327f  __aeabi_ui2d                  
00002b8f  __aeabi_uldivmod              
ffffffff  __binit__                     
ffffffff  __c_args__                    
UNDEFED   __mpu_init                    
20000000  __stack                       
20000000  __start___llvm_prf_cnts       
20000000  __stop___llvm_prf_cnts        
000031ed  _c_int00_noargs               
0000339c  _ctypes_                      
UNDEFED   _system_post_cinit            
00003395  _system_pre_init              
00003399  abort                         
00003051  atoi                          
ffffffff  binit                         
00001311  clearPinInterrupt             
000032f3  copysign                      
000032f3  copysignl                     
000029a5  disableNvicInterrupt          
000012ed  disablePinInterrupt           
00001025  disablePinPulldown            
00000fdd  disablePinPullup              
00000d79  disablePort                   
000014dd  enableCounterMode             
0000296d  enableNvicInterrupt           
000012c9  enablePinInterrupt            
00001001  enablePinPulldown             
00000faf  enablePinPullup               
00000cbd  enablePort                    
2000104c  errno                         
2000102c  frequency                     
00002ef1  frexp                         
00002ef1  frexpl                        
00000000  g_pfnVectors                  
0000137f  getPinValue                   
00001435  getPortValue                  
00001f55  getcUart0                     
00001f69  getsUart0                     
00001c41  initAdc0Ss1                   
00001c89  initAdc1Ss1                   
00001d6d  initDccmp                     
00001705  initHw                        
00003361  initSystemClockTo40Mhz        
00001e55  initUart0                     
00001ff1  kbhitUart0                    
00002761  ldexp                         
00002761  ldexpl                        
00001831  main                          
000032bb  memccpy                       
00002af3  memcpy                        
00002d39  memset                        
00001f0d  putcUart0                     
00001f29  putsUart0                     
20001038  rawEMF                        
00001d65  readAdc0Ss1                   
20001034  rpm                           
00002761  scalbn                        
00002761  scalbnl                       
00000ee3  selectPinAnalogInput          
00000e95  selectPinDigitalInput         
000011ff  selectPinInterruptBothEdges   
000011af  selectPinInterruptFallingEdge 
00001255  selectPinInterruptHighLevel   
0000128f  selectPinInterruptLowLevel    
0000115f  selectPinInterruptRisingEdge  
00000e47  selectPinOpenDrainOutput      
00000df9  selectPinPushPullOutput       
00001d21  setAdc0Ss1Mux                 
00001cdd  setAdc1Ss1Log2AverageCount    
00001d43  setAdc1Ss1Mux                 
000029dd  setNvicInterruptPriority      
0000104d  setPinAuxFunction             
00000f33  setPinCommitControl           
00001335  setPinValue                   
000013bd  setPortValue                  
000014c5  setPwmDutyCycle               
00001ec9  setUart0BaudRate              
0000309d  snprintf                      
20001000  str                           
00003325  strchr                        
0000333b  strlen                        
20001030  time                          
20001028  timeMode                      
00001547  timer1Isr                     
0000135b  togglePinValue                
000032d7  waitMicrosecond               
0000334f  wcslen                        
20001048  x                             


GLOBAL SYMBOLS: SORTED BY Symbol Address 

address   name                          
-------   ----                          
00000000  __TI_static_base__            
00000000  g_pfnVectors                  
0000026d  __TI_printfi                  
00000cbb  __aeabi_idiv0                 
00000cbb  __aeabi_ldiv0                 
00000cbd  enablePort                    
00000d79  disablePort                   
00000df9  selectPinPushPullOutput       
00000e47  selectPinOpenDrainOutput      
00000e95  selectPinDigitalInput         
00000ee3  selectPinAnalogInput          
00000f33  setPinCommitControl           
00000faf  enablePinPullup               
00000fdd  disablePinPullup              
00001000  __STACK_SIZE                  
00001001  enablePinPulldown             
00001025  disablePinPulldown            
0000104d  setPinAuxFunction             
0000115f  selectPinInterruptRisingEdge  
000011af  selectPinInterruptFallingEdge 
000011ff  selectPinInterruptBothEdges   
00001255  selectPinInterruptHighLevel   
0000128f  selectPinInterruptLowLevel    
000012c9  enablePinInterrupt            
000012ed  disablePinInterrupt           
00001311  clearPinInterrupt             
00001335  setPinValue                   
0000135b  togglePinValue                
0000137f  getPinValue                   
000013bd  setPortValue                  
00001435  getPortValue                  
000014c5  setPwmDutyCycle               
000014dd  enableCounterMode             
00001547  timer1Isr                     
00001705  initHw                        
00001831  main                          
00001c41  initAdc0Ss1                   
00001c89  initAdc1Ss1                   
00001cdd  setAdc1Ss1Log2AverageCount    
00001d21  setAdc0Ss1Mux                 
00001d43  setAdc1Ss1Mux                 
00001d65  readAdc0Ss1                   
00001d6d  initDccmp                     
00001e55  initUart0                     
00001ec9  setUart0BaudRate              
00001f0d  putcUart0                     
00001f29  putsUart0                     
00001f55  getcUart0                     
00001f69  getsUart0                     
00001ff1  kbhitUart0                    
00002211  __aeabi_dsub                  
0000221b  __aeabi_dadd                  
00002505  __aeabi_ddiv                  
00002761  ldexp                         
00002761  ldexpl                        
00002761  scalbn                        
00002761  scalbnl                       
00002871  __aeabi_dmul                  
0000296d  enableNvicInterrupt           
000029a5  disableNvicInterrupt          
000029dd  setNvicInterruptPriority      
00002af3  __aeabi_memcpy                
00002af3  __aeabi_memcpy4               
00002af3  __aeabi_memcpy8               
00002af3  memcpy                        
00002b8f  __aeabi_uldivmod              
00002c25  __aeabi_cdcmpeq               
00002c25  __aeabi_cdcmple               
00002cab  __aeabi_cdrcmple              
00002d31  __aeabi_memclr                
00002d31  __aeabi_memclr4               
00002d31  __aeabi_memclr8               
00002d33  __aeabi_memset                
00002d33  __aeabi_memset4               
00002d33  __aeabi_memset8               
00002d39  memset                        
00002e19  __aeabi_d2f                   
00002e87  __TI_decompress_lzss          
00002ef1  frexp                         
00002ef1  frexpl                        
00002fab  __TI_ltoa                     
00003051  atoi                          
0000309d  snprintf                      
000030e9  __aeabi_d2iz                  
00003131  __TI_auto_init_nobinit_nopinit
000031b3  __aeabi_f2d                   
000031ed  _c_int00_noargs               
00003251  __aeabi_i2d                   
0000327f  __aeabi_ui2d                  
0000329f  __TI_zero_init_nomemset       
000032bb  memccpy                       
000032d7  waitMicrosecond               
000032f3  copysign                      
000032f3  copysignl                     
00003325  strchr                        
0000333b  strlen                        
0000334f  wcslen                        
00003361  initSystemClockTo40Mhz        
00003371  __TI_decompress_none          
0000337f  ResetISR                      
0000338d  __aeabi_errno_addr            
00003395  _system_pre_init              
00003399  C$$EXIT                       
00003399  abort                         
0000339c  _ctypes_                      
000034ac  __TI_Handler_Table_Base       
000034b8  __TI_Handler_Table_Limit      
000034c0  __TI_CINIT_Base               
000034d0  __TI_CINIT_Limit              
20000000  __stack                       
20000000  __start___llvm_prf_cnts       
20000000  __stop___llvm_prf_cnts        
20000200  __STACK_TOP                   
20001000  __STACK_END                   
20001000  str                           
20001028  timeMode                      
2000102c  frequency                     
20001030  time                          
20001034  rpm                           
20001038  rawEMF                        
2000103c  InverseBEMF                   
20001040  ActualBEMF                    
20001044  BEMFrpm                       
20001048  x                             
2000104c  errno                         
ffffffff  __TI_pprof_out_hndl           
ffffffff  __TI_prof_data_size           
ffffffff  __TI_prof_data_start          
ffffffff  __binit__                     
ffffffff  __c_args__                    
ffffffff  binit                         
UNDEFED   __mpu_init                    
UNDEFED   _system_post_cinit            

[133 symbols]
