******************************************************************************
                  TI ARM Linker PC v20.2.7                     
******************************************************************************
>> Linked Tue Dec  3 16:26:47 2024

OUTPUT FILE NAME:   <Mechatronics_Lab8.out>
ENTRY POINT SYMBOL: "_c_int00_noargs"  address: 00003b35


MEMORY CONFIGURATION

         name            origin    length      used     unused   attr    fill
----------------------  --------  ---------  --------  --------  ----  --------
  FLASH                 00000000   00040000  00003f45  0003c0bb  R  X
  SRAM                  20000000   00008000  00006f32  000010ce  RW X


SEGMENT ALLOCATION MAP

run origin  load origin   length   init length attrs members
----------  ----------- ---------- ----------- ----- -------
00000000    00000000    00003f50   00003f50    r-x
  00000000    00000000    0000026c   0000026c    r-- .intvecs
  0000026c    0000026c    00003a50   00003a50    r-x .text
  00003cc0    00003cc0    00000259   00000259    r-- .const
  00003f20    00003f20    00000030   00000030    r-- .cinit
20000000    20000000    00006f34   00000000    rw-
  20000000    20000000    00004000   00000000    rw- .stack
  20004000    20004000    00002f1a   00000000    rw- .bss
  20006f1c    20006f1c    00000018   00000000    rw- .data


SECTION ALLOCATION MAP

 output                                  attributes/
section   page    origin      length       input sections
--------  ----  ----------  ----------   ----------------
.intvecs   0    00000000    0000026c     
                  00000000    0000026c     tm4c1230h6pm_startup_ccs.obj (.intvecs)

.text      0    0000026c    00003a50     
                  0000026c    00000a4e     rtsv7M4_T_le_v4SPD16_eabi.lib : _printfi.c.obj (.text:__TI_printfi)
                  00000cba    00000002                                   : div0.asm.obj (.text)
                  00000cbc    0000078c     main.obj (.text)
                  00001448    00000738     rtsv7M4_T_le_v4SPD16_eabi.lib : k_rem_pio2.c.obj (.text:__kernel_rem_pio2)
                  00001b80    000005e0                                   : s_sin.c.obj (.text:sin)
                  00002160    00000270                                   : _printfi.c.obj (.text:_pconv_a)
                  000023d0    000001d0                                   : _printfi.c.obj (.text:_pconv_g)
                  000025a0    000001b6                                   : fd_add_t2.asm.obj (.text)
                  00002756    00000002     --HOLE-- [fill = 0]
                  00002758    00000174                                   : k_sin.c.obj (.text:__kernel_sin)
                  000028cc    00000170                                   : k_cos.c.obj (.text:__kernel_cos)
                  00002a3c    00000158     uart0.obj (.text)
                  00002b94    00000158     uart1.obj (.text)
                  00002cec    0000013c     rtsv7M4_T_le_v4SPD16_eabi.lib : _printfi.c.obj (.text:_pconv_e)
                  00002e28    00000136                                   : fd_div_t2.asm.obj (.text)
                  00002f5e    00000002     --HOLE-- [fill = 0]
                  00002f60    00000124                                   : _printfi.c.obj (.text:fcvt)
                  00003084    00000110                                   : s_scalbn.c.obj (.text:scalbn)
                  00003194    000000fc                                   : fd_mul_t2.asm.obj (.text)
                  00003290    000000f8                                   : s_floor.c.obj (.text:floor)
                  00003388    000000b1                                   : _printfi.c.obj (.text:_ltostr)
                  00003439    00000001     --HOLE-- [fill = 0]
                  0000343a    0000009c                                   : memcpy_t2.asm.obj (.text)
                  000034d6    00000096                                   : ull_div_t2.asm.obj (.text)
                  0000356c    00000086                                   : fd_cmp_t2.asm.obj (.text:__aeabi_cdcmple)
                  000035f2    00000086                                   : fd_cmp_t2.asm.obj (.text:__aeabi_cdrcmple)
                  00003678    0000007a                                   : memset_t2.asm.obj (.text)
                  000036f2    0000006e                                   : _printfi.c.obj (.text:_mcpy)
                  00003760    0000006e                                   : fd_tos_t2.asm.obj (.text)
                  000037ce    00000068                                   : copy_decompress_lzss.c.obj (.text:decompress:lzss:__TI_decompress_lzss)
                  00003836    00000002     --HOLE-- [fill = 0]
                  00003838    00000064                                   : s_frexp.c.obj (.text:frexp)
                  0000389c    00000056                                   : _printfi.c.obj (.text:_pconv_f)
                  000038f2    00000054                                   : _ltoa.c.obj (.text:__TI_ltoa)
                  00003946    00000052                                   : _printfi.c.obj (.text:_ecpy)
                  00003998    0000004c                                   : atoi.c.obj (.text:atoi)
                  000039e4    0000004c                                   : snprintf.c.obj (.text:snprintf)
                  00003a30    00000048                                   : fd_toi_t2.asm.obj (.text)
                  00003a78    00000044                                   : autoinit.c.obj (.text:__TI_auto_init_nobinit_nopinit:__TI_auto_init_nobinit_nopinit)
                  00003abc    0000003e                                   : _printfi.c.obj (.text:_fcpy)
                  00003afa    00000038                                   : fs_tod_t2.asm.obj (.text)
                  00003b32    00000002     --HOLE-- [fill = 0]
                  00003b34    00000034                                   : boot_cortex_m.c.obj (.text:_c_int00_noargs:_c_int00_noargs)
                  00003b68    00000030                                   : snprintf.c.obj (.text:_outs)
                  00003b98    0000002e                                   : i_tofd_t2.asm.obj (.text)
                  00003bc6    00000024     wait.obj (.text)
                  00003bea    0000001c     rtsv7M4_T_le_v4SPD16_eabi.lib : memccpy.c.obj (.text:memccpy)
                  00003c06    0000001a                                   : s_copysign.c.obj (.text:copysign)
                  00003c20    00000018                                   : snprintf.c.obj (.text:_outc)
                  00003c38    00000016                                   : strchr.c.obj (.text:strchr)
                  00003c4e    00000014                                   : strlen.c.obj (.text:strlen)
                  00003c62    00000012                                   : wcslen.c.obj (.text:wcslen)
                  00003c74    00000010     clock.obj (.text)
                  00003c84    0000000e     rtsv7M4_T_le_v4SPD16_eabi.lib : copy_decompress_none.c.obj (.text:decompress:none:__TI_decompress_none)
                  00003c92    0000000c                                   : copy_zero_init.c.obj (.text:decompress:ZI:__TI_zero_init)
                  00003c9e    0000000c     tm4c1230h6pm_startup_ccs.obj (.text)
                  00003caa    00000002     --HOLE-- [fill = 0]
                  00003cac    00000008     rtsv7M4_T_le_v4SPD16_eabi.lib : errno.c.obj (.text:__aeabi_errno_addr)
                  00003cb4    00000004                                   : pre_init.c.obj (.text:_system_pre_init)
                  00003cb8    00000004                                   : exit.c.obj (.text:abort:abort)

.const     0    00003cc0    00000259     
                  00003cc0    00000158     rtsv7M4_T_le_v4SPD16_eabi.lib : k_rem_pio2.c.obj (.const:$O1$$)
                  00003e18    00000101                                   : ctype.c.obj (.const:.string:_ctypes_)

.cinit     0    00003f20    00000030     
                  00003f20    0000000c     (__TI_handler_table)
                  00003f2c    00000004     --HOLE-- [fill = 0]
                  00003f30    00000008     (.cinit..bss.load) [load image, compression = zero_init]
                  00003f38    00000008     (.cinit..data.load) [load image, compression = lzss]
                  00003f40    00000010     (__TI_cinit_table)

.init_array 
*          0    00000000    00000000     UNINITIALIZED

.bss       0    20004000    00002f1a     UNINITIALIZED
                  20004000    00002ee0     (.common:data)
                  20006ee0    00000034     (.common:printBuffer)
                  20006f14    00000002     (.common:i)
                  20006f16    00000002     (.common:j)
                  20006f18    00000002     (.common:k)

.data      0    20006f1c    00000018     UNINITIALIZED
                  20006f1c    00000014     main.obj (.data:dataBuffer)
                  20006f30    00000004     rtsv7M4_T_le_v4SPD16_eabi.lib : errno.c.obj (.data)

.stack     0    20000000    00004000     UNINITIALIZED
                  20000000    00000004     rtsv7M4_T_le_v4SPD16_eabi.lib : boot_cortex_m.c.obj (.stack)
                  20000004    00003ffc     --HOLE--

__llvm_prf_cnts 
*          0    20000000    00000000     UNINITIALIZED

MODULE SUMMARY

       Module                         code    ro data   rw data
       ------                         ----    -------   -------
    .\
       main.obj                       1932    0         12078  
       tm4c1230h6pm_startup_ccs.obj   12      620       0      
       uart0.obj                      344     0         0      
       uart1.obj                      344     0         0      
       wait.obj                       36      0         0      
       clock.obj                      16      0         0      
    +--+------------------------------+-------+---------+---------+
       Total:                         2684    620       12078  
                                                               
    C:\ti\ccs1260\ccs\tools\compiler\ti-cgt-arm_20.2.7.LTS\lib\rtsv7M4_T_le_v4SPD16_eabi.lib
       _printfi.c.obj                 4851    0         0      
       k_rem_pio2.c.obj               1848    344       0      
       s_sin.c.obj                    1504    0         0      
       fd_add_t2.asm.obj              438     0         0      
       k_sin.c.obj                    372     0         0      
       k_cos.c.obj                    368     0         0      
       fd_div_t2.asm.obj              310     0         0      
       s_scalbn.c.obj                 272     0         0      
       fd_cmp_t2.asm.obj              268     0         0      
       ctype.c.obj                    0       257       0      
       fd_mul_t2.asm.obj              252     0         0      
       s_floor.c.obj                  248     0         0      
       memcpy_t2.asm.obj              156     0         0      
       ull_div_t2.asm.obj             150     0         0      
       snprintf.c.obj                 148     0         0      
       memset_t2.asm.obj              122     0         0      
       fd_tos_t2.asm.obj              110     0         0      
       copy_decompress_lzss.c.obj     104     0         0      
       s_frexp.c.obj                  100     0         0      
       _ltoa.c.obj                    84      0         0      
       atoi.c.obj                     76      0         0      
       fd_toi_t2.asm.obj              72      0         0      
       autoinit.c.obj                 68      0         0      
       fs_tod_t2.asm.obj              56      0         0      
       boot_cortex_m.c.obj            52      0         0      
       i_tofd_t2.asm.obj              46      0         0      
       memccpy.c.obj                  28      0         0      
       s_copysign.c.obj               26      0         0      
       strchr.c.obj                   22      0         0      
       strlen.c.obj                   20      0         0      
       wcslen.c.obj                   18      0         0      
       copy_decompress_none.c.obj     14      0         0      
       copy_zero_init.c.obj           12      0         0      
       errno.c.obj                    8       0         4      
       exit.c.obj                     4       0         0      
       pre_init.c.obj                 4       0         0      
       div0.asm.obj                   2       0         0      
    +--+------------------------------+-------+---------+---------+
       Total:                         12233   601       4      
                                                               
       Stack:                         0       0         16384  
       Linker Generated:              0       44        0      
    +--+------------------------------+-------+---------+---------+
       Grand Total:                   14917   1265      28466  


LINKER GENERATED COPY TABLES

__TI_cinit_table @ 00003f40 records: 2, size/record: 8, table size: 16
	.bss: load addr=00003f30, load size=00000008 bytes, run addr=20004000, run size=00002f1a bytes, compression=zero_init
	.data: load addr=00003f38, load size=00000008 bytes, run addr=20006f1c, run size=00000018 bytes, compression=lzss


LINKER GENERATED HANDLER TABLE

__TI_handler_table @ 00003f20 records: 3, size/record: 4, table size: 12
	index: 0, handler: __TI_decompress_lzss
	index: 1, handler: __TI_decompress_none
	index: 2, handler: __TI_zero_init


GLOBAL SYMBOLS: SORTED ALPHABETICALLY BY Name 

address   name                          
-------   ----                          
00003cb9  C$$EXIT                       
00003c9f  ResetISR                      
20004000  __STACK_END                   
00004000  __STACK_SIZE                  
20000200  __STACK_TOP                   
00003f40  __TI_CINIT_Base               
00003f50  __TI_CINIT_Limit              
00003f20  __TI_Handler_Table_Base       
00003f2c  __TI_Handler_Table_Limit      
00003a79  __TI_auto_init_nobinit_nopinit
000037cf  __TI_decompress_lzss          
00003c85  __TI_decompress_none          
000038f3  __TI_ltoa                     
ffffffff  __TI_pprof_out_hndl           
0000026d  __TI_printfi                  
ffffffff  __TI_prof_data_size           
ffffffff  __TI_prof_data_start          
00000000  __TI_static_base__            
00003c93  __TI_zero_init                
0000356d  __aeabi_cdcmpeq               
0000356d  __aeabi_cdcmple               
000035f3  __aeabi_cdrcmple              
00003761  __aeabi_d2f                   
00003a31  __aeabi_d2iz                  
000025ab  __aeabi_dadd                  
00002e29  __aeabi_ddiv                  
00003195  __aeabi_dmul                  
000025a1  __aeabi_dsub                  
00003cad  __aeabi_errno_addr            
00003afb  __aeabi_f2d                   
00003b99  __aeabi_i2d                   
00000cbb  __aeabi_idiv0                 
00000cbb  __aeabi_ldiv0                 
00003679  __aeabi_memclr                
00003679  __aeabi_memclr4               
00003679  __aeabi_memclr8               
0000343b  __aeabi_memcpy                
0000343b  __aeabi_memcpy4               
0000343b  __aeabi_memcpy8               
0000367b  __aeabi_memset                
0000367b  __aeabi_memset4               
0000367b  __aeabi_memset8               
000034d7  __aeabi_uldivmod              
ffffffff  __binit__                     
ffffffff  __c_args__                    
000028cd  __kernel_cos                  
00001449  __kernel_rem_pio2             
00002759  __kernel_sin                  
UNDEFED   __mpu_init                    
20000000  __stack                       
20000000  __start___llvm_prf_cnts       
20000000  __stop___llvm_prf_cnts        
00003b35  _c_int00_noargs               
00003e18  _ctypes_                      
UNDEFED   _system_post_cinit            
00003cb5  _system_pre_init              
00003cb9  abort                         
00003999  atoi                          
ffffffff  binit                         
00001045  calculateArea                 
00003c07  copysign                      
00003c07  copysignl                     
20004000  data                          
20006f1c  dataBuffer                    
20006f30  errno                         
00003291  floor                         
00003291  floorl                        
00003839  frexp                         
00003839  frexpl                        
00000000  g_pfnVectors                  
00000f67  getInfo                       
00002b31  getcUart0                     
00002c89  getcUart1                     
20006f14  i                             
00000cbd  initHw                        
00003c75  initSystemClockTo40Mhz        
00002a3d  initUart0                     
00002b95  initUart1                     
20006f16  j                             
20006f18  k                             
00002b45  kbhitUart0                    
00002c9d  kbhitUart1                    
00003085  ldexp                         
00003085  ldexpl                        
000011d9  main                          
00003beb  memccpy                       
0000343b  memcpy                        
00003681  memset                        
20006ee0  printBuffer                   
00000fa5  printInfo                     
00000d93  processScanData               
00002af1  putcUart0                     
00002c49  putcUart1                     
00002b0d  putsUart0                     
00002c65  putsUart1                     
00000d65  readResponse                  
00003085  scalbn                        
00003085  scalbnl                       
00000d55  sendScan                      
00000f57  sendStop                      
00002ab1  setUart0BaudRate              
00002c09  setUart1BaudRate              
00001b81  sin                           
00001b81  sinl                          
000039e5  snprintf                      
00000e89  sortData                      
00003c39  strchr                        
00003c4f  strlen                        
00003bc7  waitMicrosecond               
00003c63  wcslen                        


GLOBAL SYMBOLS: SORTED BY Symbol Address 

address   name                          
-------   ----                          
00000000  __TI_static_base__            
00000000  g_pfnVectors                  
0000026d  __TI_printfi                  
00000cbb  __aeabi_idiv0                 
00000cbb  __aeabi_ldiv0                 
00000cbd  initHw                        
00000d55  sendScan                      
00000d65  readResponse                  
00000d93  processScanData               
00000e89  sortData                      
00000f57  sendStop                      
00000f67  getInfo                       
00000fa5  printInfo                     
00001045  calculateArea                 
000011d9  main                          
00001449  __kernel_rem_pio2             
00001b81  sin                           
00001b81  sinl                          
000025a1  __aeabi_dsub                  
000025ab  __aeabi_dadd                  
00002759  __kernel_sin                  
000028cd  __kernel_cos                  
00002a3d  initUart0                     
00002ab1  setUart0BaudRate              
00002af1  putcUart0                     
00002b0d  putsUart0                     
00002b31  getcUart0                     
00002b45  kbhitUart0                    
00002b95  initUart1                     
00002c09  setUart1BaudRate              
00002c49  putcUart1                     
00002c65  putsUart1                     
00002c89  getcUart1                     
00002c9d  kbhitUart1                    
00002e29  __aeabi_ddiv                  
00003085  ldexp                         
00003085  ldexpl                        
00003085  scalbn                        
00003085  scalbnl                       
00003195  __aeabi_dmul                  
00003291  floor                         
00003291  floorl                        
0000343b  __aeabi_memcpy                
0000343b  __aeabi_memcpy4               
0000343b  __aeabi_memcpy8               
0000343b  memcpy                        
000034d7  __aeabi_uldivmod              
0000356d  __aeabi_cdcmpeq               
0000356d  __aeabi_cdcmple               
000035f3  __aeabi_cdrcmple              
00003679  __aeabi_memclr                
00003679  __aeabi_memclr4               
00003679  __aeabi_memclr8               
0000367b  __aeabi_memset                
0000367b  __aeabi_memset4               
0000367b  __aeabi_memset8               
00003681  memset                        
00003761  __aeabi_d2f                   
000037cf  __TI_decompress_lzss          
00003839  frexp                         
00003839  frexpl                        
000038f3  __TI_ltoa                     
00003999  atoi                          
000039e5  snprintf                      
00003a31  __aeabi_d2iz                  
00003a79  __TI_auto_init_nobinit_nopinit
00003afb  __aeabi_f2d                   
00003b35  _c_int00_noargs               
00003b99  __aeabi_i2d                   
00003bc7  waitMicrosecond               
00003beb  memccpy                       
00003c07  copysign                      
00003c07  copysignl                     
00003c39  strchr                        
00003c4f  strlen                        
00003c63  wcslen                        
00003c75  initSystemClockTo40Mhz        
00003c85  __TI_decompress_none          
00003c93  __TI_zero_init                
00003c9f  ResetISR                      
00003cad  __aeabi_errno_addr            
00003cb5  _system_pre_init              
00003cb9  C$$EXIT                       
00003cb9  abort                         
00003e18  _ctypes_                      
00003f20  __TI_Handler_Table_Base       
00003f2c  __TI_Handler_Table_Limit      
00003f40  __TI_CINIT_Base               
00003f50  __TI_CINIT_Limit              
00004000  __STACK_SIZE                  
20000000  __stack                       
20000000  __start___llvm_prf_cnts       
20000000  __stop___llvm_prf_cnts        
20000200  __STACK_TOP                   
20004000  __STACK_END                   
20004000  data                          
20006ee0  printBuffer                   
20006f14  i                             
20006f16  j                             
20006f18  k                             
20006f1c  dataBuffer                    
20006f30  errno                         
ffffffff  __TI_pprof_out_hndl           
ffffffff  __TI_prof_data_size           
ffffffff  __TI_prof_data_start          
ffffffff  __binit__                     
ffffffff  __c_args__                    
ffffffff  binit                         
UNDEFED   __mpu_init                    
UNDEFED   _system_post_cinit            

[110 symbols]
