******************************************************************************
                  TI ARM Linker PC v20.2.7                     
******************************************************************************
>> Linked Tue Oct 29 18:04:22 2024

OUTPUT FILE NAME:   <mach_lab5.out>
ENTRY POINT SYMBOL: "_c_int00_noargs"  address: 00002af5


MEMORY CONFIGURATION

         name            origin    length      used     unused   attr    fill
----------------------  --------  ---------  --------  --------  ----  --------
  FLASH                 00000000   00040000  00002da9  0003d257  R  X
  SRAM                  20000000   00008000  00001010  00006ff0  RW X


SEGMENT ALLOCATION MAP

run origin  load origin   length   init length attrs members
----------  ----------- ---------- ----------- ----- -------
00000000    00000000    00002db0   00002db0    r-x
  00000000    00000000    0000026c   0000026c    r-- .intvecs
  0000026c    0000026c    00002a24   00002a24    r-x .text
  00002c90    00002c90    00000101   00000101    r-- .const
  00002d98    00002d98    00000018   00000018    r-- .cinit
20000000    20000000    00001010   00000000    rw-
  20000000    20000000    00001000   00000000    rw- .stack
  20001000    20001000    00000010   00000000    rw- .data


SECTION ALLOCATION MAP

 output                                  attributes/
section   page    origin      length       input sections
--------  ----  ----------  ----------   ----------------
.intvecs   0    00000000    0000026c     
                  00000000    0000026c     tm4c1230gh6pm_startup_ccs.obj (.intvecs)

.text      0    0000026c    00002a24     
                  0000026c    00000a4e     rtsv7M4_T_le_v4SPD16_eabi.lib : _printfi.c.obj (.text:__TI_printfi)
                  00000cba    00000002                                   : div0.asm.obj (.text)
                  00000cbc    00000808     gpio.obj (.text)
                  000014c4    00000270     rtsv7M4_T_le_v4SPD16_eabi.lib : _printfi.c.obj (.text:_pconv_a)
                  00001734    000001e8     freq_time.obj (.text)
                  0000191c    000001d0     rtsv7M4_T_le_v4SPD16_eabi.lib : _printfi.c.obj (.text:_pconv_g)
                  00001aec    000001b6                                   : fd_add_t2.asm.obj (.text)
                  00001ca2    00000002     --HOLE-- [fill = 0]
                  00001ca4    00000164     uart0.obj (.text)
                  00001e08    0000013c     rtsv7M4_T_le_v4SPD16_eabi.lib : _printfi.c.obj (.text:_pconv_e)
                  00001f44    00000136                                   : fd_div_t2.asm.obj (.text)
                  0000207a    00000002     --HOLE-- [fill = 0]
                  0000207c    00000124                                   : _printfi.c.obj (.text:fcvt)
                  000021a0    00000110                                   : s_scalbn.c.obj (.text:scalbn)
                  000022b0    000000fc                                   : fd_mul_t2.asm.obj (.text)
                  000023ac    000000b1                                   : _printfi.c.obj (.text:_ltostr)
                  0000245d    00000001     --HOLE-- [fill = 0]
                  0000245e    0000009c                                   : memcpy_t2.asm.obj (.text)
                  000024fa    00000096                                   : ull_div_t2.asm.obj (.text)
                  00002590    00000086                                   : fd_cmp_t2.asm.obj (.text:__aeabi_cdcmple)
                  00002616    00000086                                   : fd_cmp_t2.asm.obj (.text:__aeabi_cdrcmple)
                  0000269c    0000007a                                   : memset_t2.asm.obj (.text)
                  00002716    0000006e                                   : _printfi.c.obj (.text:_mcpy)
                  00002784    00000068                                   : copy_decompress_lzss.c.obj (.text:decompress:lzss:__TI_decompress_lzss)
                  000027ec    00000064                                   : s_frexp.c.obj (.text:frexp)
                  00002850    00000056                                   : _printfi.c.obj (.text:_pconv_f)
                  000028a6    00000054                                   : _ltoa.c.obj (.text:__TI_ltoa)
                  000028fa    00000052                                   : _printfi.c.obj (.text:_ecpy)
                  0000294c    0000004c                                   : atoi.c.obj (.text:atoi)
                  00002998    0000004c                                   : snprintf.c.obj (.text:snprintf)
                  000029e4    00000048                                   : fd_toi_t2.asm.obj (.text)
                  00002a2c    00000044                                   : autoinit.c.obj (.text:__TI_auto_init_nobinit_nopinit:__TI_auto_init_nobinit_nopinit)
                  00002a70    00000044                                   : fd_tou_t2.asm.obj (.text)
                  00002ab4    0000003e                                   : _printfi.c.obj (.text:_fcpy)
                  00002af2    00000002     --HOLE-- [fill = 0]
                  00002af4    00000034                                   : boot_cortex_m.c.obj (.text:_c_int00_noargs:_c_int00_noargs)
                  00002b28    00000030                                   : snprintf.c.obj (.text:_outs)
                  00002b58    0000002e                                   : i_tofd_t2.asm.obj (.text)
                  00002b86    00000024     wait.obj (.text)
                  00002baa    00000020     rtsv7M4_T_le_v4SPD16_eabi.lib : u_tofd_t2.asm.obj (.text)
                  00002bca    0000001c                                   : memccpy.c.obj (.text:memccpy)
                  00002be6    0000001a                                   : s_copysign.c.obj (.text:copysign)
                  00002c00    00000018                                   : snprintf.c.obj (.text:_outc)
                  00002c18    00000016                                   : strchr.c.obj (.text:strchr)
                  00002c2e    00000014                                   : strlen.c.obj (.text:strlen)
                  00002c42    00000012                                   : wcslen.c.obj (.text:wcslen)
                  00002c54    00000010     clock.obj (.text)
                  00002c64    0000000e     rtsv7M4_T_le_v4SPD16_eabi.lib : copy_decompress_none.c.obj (.text:decompress:none:__TI_decompress_none)
                  00002c72    0000000c     tm4c1230gh6pm_startup_ccs.obj (.text)
                  00002c7e    00000002     --HOLE-- [fill = 0]
                  00002c80    00000008     rtsv7M4_T_le_v4SPD16_eabi.lib : errno.c.obj (.text:__aeabi_errno_addr)
                  00002c88    00000004                                   : pre_init.c.obj (.text:_system_pre_init)
                  00002c8c    00000004                                   : exit.c.obj (.text:abort:abort)

.const     0    00002c90    00000101     
                  00002c90    00000101     rtsv7M4_T_le_v4SPD16_eabi.lib : ctype.c.obj (.const:.string:_ctypes_)

.cinit     0    00002d98    00000018     
                  00002d98    00000008     (__TI_handler_table)
                  00002da0    00000007     (.cinit..data.load) [load image, compression = lzss]
                  00002da7    00000001     --HOLE-- [fill = 0]
                  00002da8    00000008     (__TI_cinit_table)

.init_array 
*          0    00000000    00000000     UNINITIALIZED

.data      0    20001000    00000010     UNINITIALIZED
                  20001000    0000000c     freq_time.obj (.data)
                  2000100c    00000004     rtsv7M4_T_le_v4SPD16_eabi.lib : errno.c.obj (.data)

.stack     0    20000000    00001000     UNINITIALIZED
                  20000000    00000004     rtsv7M4_T_le_v4SPD16_eabi.lib : boot_cortex_m.c.obj (.stack)
                  20000004    00000ffc     --HOLE--

__llvm_prf_cnts 
*          0    20000000    00000000     UNINITIALIZED

MODULE SUMMARY

       Module                          code    ro data   rw data
       ------                          ----    -------   -------
    .\
       gpio.obj                        2056    0         0      
       tm4c1230gh6pm_startup_ccs.obj   12      620       0      
       freq_time.obj                   488     0         12     
       uart0.obj                       356     0         0      
       wait.obj                        36      0         0      
       clock.obj                       16      0         0      
    +--+-------------------------------+-------+---------+---------+
       Total:                          2964    620       12     
                                                                
    C:\ti\ccs1260\ccs\tools\compiler\ti-cgt-arm_20.2.7.LTS\lib\rtsv7M4_T_le_v4SPD16_eabi.lib
       _printfi.c.obj                  4851    0         0      
       fd_add_t2.asm.obj               438     0         0      
       fd_div_t2.asm.obj               310     0         0      
       s_scalbn.c.obj                  272     0         0      
       fd_cmp_t2.asm.obj               268     0         0      
       ctype.c.obj                     0       257       0      
       fd_mul_t2.asm.obj               252     0         0      
       memcpy_t2.asm.obj               156     0         0      
       ull_div_t2.asm.obj              150     0         0      
       snprintf.c.obj                  148     0         0      
       memset_t2.asm.obj               122     0         0      
       copy_decompress_lzss.c.obj      104     0         0      
       s_frexp.c.obj                   100     0         0      
       _ltoa.c.obj                     84      0         0      
       atoi.c.obj                      76      0         0      
       fd_toi_t2.asm.obj               72      0         0      
       autoinit.c.obj                  68      0         0      
       fd_tou_t2.asm.obj               68      0         0      
       boot_cortex_m.c.obj             52      0         0      
       i_tofd_t2.asm.obj               46      0         0      
       u_tofd_t2.asm.obj               32      0         0      
       memccpy.c.obj                   28      0         0      
       s_copysign.c.obj                26      0         0      
       strchr.c.obj                    22      0         0      
       strlen.c.obj                    20      0         0      
       wcslen.c.obj                    18      0         0      
       copy_decompress_none.c.obj      14      0         0      
       errno.c.obj                     8       0         4      
       exit.c.obj                      4       0         0      
       pre_init.c.obj                  4       0         0      
       div0.asm.obj                    2       0         0      
    +--+-------------------------------+-------+---------+---------+
       Total:                          7815    257       4      
                                                                
       Stack:                          0       0         4096   
       Linker Generated:               0       23        0      
    +--+-------------------------------+-------+---------+---------+
       Grand Total:                    10779   900       4112   


LINKER GENERATED COPY TABLES

__TI_cinit_table @ 00002da8 records: 1, size/record: 8, table size: 8
	.data: load addr=00002da0, load size=00000007 bytes, run addr=20001000, run size=00000010 bytes, compression=lzss


LINKER GENERATED HANDLER TABLE

__TI_handler_table @ 00002d98 records: 2, size/record: 4, table size: 8
	index: 0, handler: __TI_decompress_lzss
	index: 1, handler: __TI_decompress_none


GLOBAL SYMBOLS: SORTED ALPHABETICALLY BY Name 

address   name                          
-------   ----                          
00002c8d  C$$EXIT                       
00002c73  ResetISR                      
20001000  __STACK_END                   
00001000  __STACK_SIZE                  
20000200  __STACK_TOP                   
00002da8  __TI_CINIT_Base               
00002db0  __TI_CINIT_Limit              
00002d98  __TI_Handler_Table_Base       
00002da0  __TI_Handler_Table_Limit      
00002a2d  __TI_auto_init_nobinit_nopinit
00002785  __TI_decompress_lzss          
00002c65  __TI_decompress_none          
000028a7  __TI_ltoa                     
ffffffff  __TI_pprof_out_hndl           
0000026d  __TI_printfi                  
ffffffff  __TI_prof_data_size           
ffffffff  __TI_prof_data_start          
00000000  __TI_static_base__            
00002591  __aeabi_cdcmpeq               
00002591  __aeabi_cdcmple               
00002617  __aeabi_cdrcmple              
000029e5  __aeabi_d2iz                  
00002a71  __aeabi_d2uiz                 
00001af7  __aeabi_dadd                  
00001f45  __aeabi_ddiv                  
000022b1  __aeabi_dmul                  
00001aed  __aeabi_dsub                  
00002c81  __aeabi_errno_addr            
00002b59  __aeabi_i2d                   
00000cbb  __aeabi_idiv0                 
00000cbb  __aeabi_ldiv0                 
0000269d  __aeabi_memclr                
0000269d  __aeabi_memclr4               
0000269d  __aeabi_memclr8               
0000245f  __aeabi_memcpy                
0000245f  __aeabi_memcpy4               
0000245f  __aeabi_memcpy8               
0000269f  __aeabi_memset                
0000269f  __aeabi_memset4               
0000269f  __aeabi_memset8               
00002bab  __aeabi_ui2d                  
000024fb  __aeabi_uldivmod              
ffffffff  __binit__                     
ffffffff  __c_args__                    
UNDEFED   __mpu_init                    
20000000  __stack                       
20000000  __start___llvm_prf_cnts       
20000000  __stop___llvm_prf_cnts        
00002af5  _c_int00_noargs               
00002c90  _ctypes_                      
UNDEFED   _system_post_cinit            
00002c89  _system_pre_init              
00002c8d  abort                         
0000294d  atoi                          
ffffffff  binit                         
00001311  clearPinInterrupt             
00002be7  copysign                      
00002be7  copysignl                     
000012ed  disablePinInterrupt           
00001025  disablePinPulldown            
00000fdd  disablePinPullup              
00000d79  disablePort                   
000012c9  enablePinInterrupt            
00001001  enablePinPulldown             
00000faf  enablePinPullup               
00000cbd  enablePort                    
2000100c  errno                         
20001000  frequency                     
000027ed  frexp                         
000027ed  frexpl                        
00000000  g_pfnVectors                  
0000137f  getPinValue                   
00001435  getPortValue                  
00001da5  getcUart0                     
00001735  initHw                        
00002c55  initSystemClockTo40Mhz        
00001ca5  initUart0                     
00001db9  kbhitUart0                    
000021a1  ldexp                         
000021a1  ldexpl                        
000017e5  main                          
00002bcb  memccpy                       
0000245f  memcpy                        
000026a5  memset                        
00001d5d  putcUart0                     
00001d79  putsUart0                     
000021a1  scalbn                        
000021a1  scalbnl                       
00000ee3  selectPinAnalogInput          
00000e95  selectPinDigitalInput         
000011ff  selectPinInterruptBothEdges   
000011af  selectPinInterruptFallingEdge 
00001255  selectPinInterruptHighLevel   
0000128f  selectPinInterruptLowLevel    
0000115f  selectPinInterruptRisingEdge  
00000e47  selectPinOpenDrainOutput      
00000df9  selectPinPushPullOutput       
0000104d  setPinAuxFunction             
00000f33  setPinCommitControl           
00001335  setPinValue                   
000013bd  setPortValue                  
00001d19  setUart0BaudRate              
00002999  snprintf                      
00002c19  strchr                        
00002c2f  strlen                        
20001004  time                          
0000135b  togglePinValue                
20001008  volume                        
00002b87  waitMicrosecond               
00002c43  wcslen                        


GLOBAL SYMBOLS: SORTED BY Symbol Address 

address   name                          
-------   ----                          
00000000  __TI_static_base__            
00000000  g_pfnVectors                  
0000026d  __TI_printfi                  
00000cbb  __aeabi_idiv0                 
00000cbb  __aeabi_ldiv0                 
00000cbd  enablePort                    
00000d79  disablePort                   
00000df9  selectPinPushPullOutput       
00000e47  selectPinOpenDrainOutput      
00000e95  selectPinDigitalInput         
00000ee3  selectPinAnalogInput          
00000f33  setPinCommitControl           
00000faf  enablePinPullup               
00000fdd  disablePinPullup              
00001000  __STACK_SIZE                  
00001001  enablePinPulldown             
00001025  disablePinPulldown            
0000104d  setPinAuxFunction             
0000115f  selectPinInterruptRisingEdge  
000011af  selectPinInterruptFallingEdge 
000011ff  selectPinInterruptBothEdges   
00001255  selectPinInterruptHighLevel   
0000128f  selectPinInterruptLowLevel    
000012c9  enablePinInterrupt            
000012ed  disablePinInterrupt           
00001311  clearPinInterrupt             
00001335  setPinValue                   
0000135b  togglePinValue                
0000137f  getPinValue                   
000013bd  setPortValue                  
00001435  getPortValue                  
00001735  initHw                        
000017e5  main                          
00001aed  __aeabi_dsub                  
00001af7  __aeabi_dadd                  
00001ca5  initUart0                     
00001d19  setUart0BaudRate              
00001d5d  putcUart0                     
00001d79  putsUart0                     
00001da5  getcUart0                     
00001db9  kbhitUart0                    
00001f45  __aeabi_ddiv                  
000021a1  ldexp                         
000021a1  ldexpl                        
000021a1  scalbn                        
000021a1  scalbnl                       
000022b1  __aeabi_dmul                  
0000245f  __aeabi_memcpy                
0000245f  __aeabi_memcpy4               
0000245f  __aeabi_memcpy8               
0000245f  memcpy                        
000024fb  __aeabi_uldivmod              
00002591  __aeabi_cdcmpeq               
00002591  __aeabi_cdcmple               
00002617  __aeabi_cdrcmple              
0000269d  __aeabi_memclr                
0000269d  __aeabi_memclr4               
0000269d  __aeabi_memclr8               
0000269f  __aeabi_memset                
0000269f  __aeabi_memset4               
0000269f  __aeabi_memset8               
000026a5  memset                        
00002785  __TI_decompress_lzss          
000027ed  frexp                         
000027ed  frexpl                        
000028a7  __TI_ltoa                     
0000294d  atoi                          
00002999  snprintf                      
000029e5  __aeabi_d2iz                  
00002a2d  __TI_auto_init_nobinit_nopinit
00002a71  __aeabi_d2uiz                 
00002af5  _c_int00_noargs               
00002b59  __aeabi_i2d                   
00002b87  waitMicrosecond               
00002bab  __aeabi_ui2d                  
00002bcb  memccpy                       
00002be7  copysign                      
00002be7  copysignl                     
00002c19  strchr                        
00002c2f  strlen                        
00002c43  wcslen                        
00002c55  initSystemClockTo40Mhz        
00002c65  __TI_decompress_none          
00002c73  ResetISR                      
00002c81  __aeabi_errno_addr            
00002c89  _system_pre_init              
00002c8d  C$$EXIT                       
00002c8d  abort                         
00002c90  _ctypes_                      
00002d98  __TI_Handler_Table_Base       
00002da0  __TI_Handler_Table_Limit      
00002da8  __TI_CINIT_Base               
00002db0  __TI_CINIT_Limit              
20000000  __stack                       
20000000  __start___llvm_prf_cnts       
20000000  __stop___llvm_prf_cnts        
20000200  __STACK_TOP                   
20001000  __STACK_END                   
20001000  frequency                     
20001004  time                          
20001008  volume                        
2000100c  errno                         
ffffffff  __TI_pprof_out_hndl           
ffffffff  __TI_prof_data_size           
ffffffff  __TI_prof_data_start          
ffffffff  __binit__                     
ffffffff  __c_args__                    
ffffffff  binit                         
UNDEFED   __mpu_init                    
UNDEFED   _system_post_cinit            

[110 symbols]
