******************************************************************************
                  TI ARM Linker PC v20.2.7                     
******************************************************************************
>> Linked Wed Nov  6 18:15:01 2024

OUTPUT FILE NAME:   <Mech_Lab6.out>
ENTRY POINT SYMBOL: "_c_int00_noargs"  address: 0000308d


MEMORY CONFIGURATION

         name            origin    length      used     unused   attr    fill
----------------------  --------  ---------  --------  --------  ----  --------
  FLASH                 00000000   00040000  00003461  0003cb9f  R  X
  SRAM                  20000000   00008000  00001004  00006ffc  RW X


SEGMENT ALLOCATION MAP

run origin  load origin   length   init length attrs members
----------  ----------- ---------- ----------- ----- -------
00000000    00000000    00003468   00003468    r-x
  00000000    00000000    0000026c   0000026c    r-- .intvecs
  0000026c    0000026c    00002f9c   00002f9c    r-x .text
  00003208    00003208    00000241   00000241    r-- .const
  00003450    00003450    00000018   00000018    r-- .cinit
20000000    20000000    00001004   00000000    rw-
  20000000    20000000    00001000   00000000    rw- .stack
  20001000    20001000    00000004   00000000    rw- .data


SECTION ALLOCATION MAP

 output                                  attributes/
section   page    origin      length       input sections
--------  ----  ----------  ----------   ----------------
.intvecs   0    00000000    0000026c     
                  00000000    0000026c     tm4c123gh6pm_startup_ccs.obj (.intvecs)

.text      0    0000026c    00002f9c     
                  0000026c    00000a4e     rtsv7M4_T_le_v4SPD16_eabi.lib : _printfi.c.obj (.text:__TI_printfi)
                  00000cba    00000002                                   : div0.asm.obj (.text)
                  00000cbc    000007c0     gpio.obj (.text)
                  0000147c    00000400     main.obj (.text)
                  0000187c    000003e0     i2c0.obj (.text)
                  00001c5c    00000270     rtsv7M4_T_le_v4SPD16_eabi.lib : _printfi.c.obj (.text:_pconv_a)
                  00001ecc    000001d0                                   : _printfi.c.obj (.text:_pconv_g)
                  0000209c    000001b6                                   : fd_add_t2.asm.obj (.text)
                  00002252    00000002     --HOLE-- [fill = 0]
                  00002254    00000158     uart0.obj (.text)
                  000023ac    0000013c     rtsv7M4_T_le_v4SPD16_eabi.lib : _printfi.c.obj (.text:_pconv_e)
                  000024e8    00000136                                   : fd_div_t2.asm.obj (.text)
                  0000261e    00000002     --HOLE-- [fill = 0]
                  00002620    00000124                                   : _printfi.c.obj (.text:fcvt)
                  00002744    00000110                                   : s_scalbn.c.obj (.text:scalbn)
                  00002854    000000fc                                   : fd_mul_t2.asm.obj (.text)
                  00002950    000000b1                                   : _printfi.c.obj (.text:_ltostr)
                  00002a01    00000001     --HOLE-- [fill = 0]
                  00002a02    0000009c                                   : memcpy_t2.asm.obj (.text)
                  00002a9e    00000096                                   : ull_div_t2.asm.obj (.text)
                  00002b34    00000086                                   : fd_cmp_t2.asm.obj (.text:__aeabi_cdcmple)
                  00002bba    00000086                                   : fd_cmp_t2.asm.obj (.text:__aeabi_cdrcmple)
                  00002c40    0000007a                                   : memset_t2.asm.obj (.text)
                  00002cba    0000006e                                   : _printfi.c.obj (.text:_mcpy)
                  00002d28    00000068                                   : copy_decompress_lzss.c.obj (.text:decompress:lzss:__TI_decompress_lzss)
                  00002d90    00000064                                   : s_frexp.c.obj (.text:frexp)
                  00002df4    00000056                                   : _printfi.c.obj (.text:_pconv_f)
                  00002e4a    00000054                                   : _ltoa.c.obj (.text:__TI_ltoa)
                  00002e9e    00000052                                   : _printfi.c.obj (.text:_ecpy)
                  00002ef0    0000004c                                   : atoi.c.obj (.text:atoi)
                  00002f3c    0000004c                                   : snprintf.c.obj (.text:snprintf)
                  00002f88    00000048                                   : fd_toi_t2.asm.obj (.text)
                  00002fd0    00000044                                   : autoinit.c.obj (.text:__TI_auto_init_nobinit_nopinit:__TI_auto_init_nobinit_nopinit)
                  00003014    0000003e                                   : _printfi.c.obj (.text:_fcpy)
                  00003052    00000038                                   : fs_tod_t2.asm.obj (.text)
                  0000308a    00000002     --HOLE-- [fill = 0]
                  0000308c    00000034                                   : boot_cortex_m.c.obj (.text:_c_int00_noargs:_c_int00_noargs)
                  000030c0    00000030                                   : snprintf.c.obj (.text:_outs)
                  000030f0    0000002e                                   : i_tofd_t2.asm.obj (.text)
                  0000311e    00000024     wait.obj (.text)
                  00003142    0000001c     rtsv7M4_T_le_v4SPD16_eabi.lib : memccpy.c.obj (.text:memccpy)
                  0000315e    0000001a                                   : s_copysign.c.obj (.text:copysign)
                  00003178    00000018                                   : snprintf.c.obj (.text:_outc)
                  00003190    00000016                                   : strchr.c.obj (.text:strchr)
                  000031a6    00000014                                   : strlen.c.obj (.text:strlen)
                  000031ba    00000012                                   : wcslen.c.obj (.text:wcslen)
                  000031cc    00000010     clock.obj (.text)
                  000031dc    0000000e     rtsv7M4_T_le_v4SPD16_eabi.lib : copy_decompress_none.c.obj (.text:decompress:none:__TI_decompress_none)
                  000031ea    0000000c     tm4c123gh6pm_startup_ccs.obj (.text)
                  000031f6    00000002     --HOLE-- [fill = 0]
                  000031f8    00000008     rtsv7M4_T_le_v4SPD16_eabi.lib : errno.c.obj (.text:__aeabi_errno_addr)
                  00003200    00000004                                   : pre_init.c.obj (.text:_system_pre_init)
                  00003204    00000004                                   : exit.c.obj (.text:abort:abort)

.const     0    00003208    00000241     
                  00003208    00000140     main.obj (.const:lookupTable)
                  00003348    00000101     rtsv7M4_T_le_v4SPD16_eabi.lib : ctype.c.obj (.const:.string:_ctypes_)

.cinit     0    00003450    00000018     
                  00003450    00000008     (__TI_handler_table)
                  00003458    00000007     (.cinit..data.load) [load image, compression = lzss]
                  0000345f    00000001     --HOLE-- [fill = 0]
                  00003460    00000008     (__TI_cinit_table)

.init_array 
*          0    00000000    00000000     UNINITIALIZED

.data      0    20001000    00000004     UNINITIALIZED
                  20001000    00000004     rtsv7M4_T_le_v4SPD16_eabi.lib : errno.c.obj (.data)

.stack     0    20000000    00001000     UNINITIALIZED
                  20000000    00000004     rtsv7M4_T_le_v4SPD16_eabi.lib : boot_cortex_m.c.obj (.stack)
                  20000004    00000ffc     --HOLE--

__llvm_prf_cnts 
*          0    20000000    00000000     UNINITIALIZED

MODULE SUMMARY

       Module                         code    ro data   rw data
       ------                         ----    -------   -------
    .\
       gpio.obj                       1984    0         0      
       main.obj                       1024    320       0      
       i2c0.obj                       992     0         0      
       tm4c123gh6pm_startup_ccs.obj   12      620       0      
       uart0.obj                      344     0         0      
       wait.obj                       36      0         0      
       clock.obj                      16      0         0      
    +--+------------------------------+-------+---------+---------+
       Total:                         4408    940       0      
                                                               
    C:\ti\ccs1260\ccs\tools\compiler\ti-cgt-arm_20.2.7.LTS\lib\rtsv7M4_T_le_v4SPD16_eabi.lib
       _printfi.c.obj                 4851    0         0      
       fd_add_t2.asm.obj              438     0         0      
       fd_div_t2.asm.obj              310     0         0      
       s_scalbn.c.obj                 272     0         0      
       fd_cmp_t2.asm.obj              268     0         0      
       ctype.c.obj                    0       257       0      
       fd_mul_t2.asm.obj              252     0         0      
       memcpy_t2.asm.obj              156     0         0      
       ull_div_t2.asm.obj             150     0         0      
       snprintf.c.obj                 148     0         0      
       memset_t2.asm.obj              122     0         0      
       copy_decompress_lzss.c.obj     104     0         0      
       s_frexp.c.obj                  100     0         0      
       _ltoa.c.obj                    84      0         0      
       atoi.c.obj                     76      0         0      
       fd_toi_t2.asm.obj              72      0         0      
       autoinit.c.obj                 68      0         0      
       fs_tod_t2.asm.obj              56      0         0      
       boot_cortex_m.c.obj            52      0         0      
       i_tofd_t2.asm.obj              46      0         0      
       memccpy.c.obj                  28      0         0      
       s_copysign.c.obj               26      0         0      
       strchr.c.obj                   22      0         0      
       strlen.c.obj                   20      0         0      
       wcslen.c.obj                   18      0         0      
       copy_decompress_none.c.obj     14      0         0      
       errno.c.obj                    8       0         4      
       exit.c.obj                     4       0         0      
       pre_init.c.obj                 4       0         0      
       div0.asm.obj                   2       0         0      
    +--+------------------------------+-------+---------+---------+
       Total:                         7771    257       4      
                                                               
       Stack:                         0       0         4096   
       Linker Generated:              0       23        0      
    +--+------------------------------+-------+---------+---------+
       Grand Total:                   12179   1220      4100   


LINKER GENERATED COPY TABLES

__TI_cinit_table @ 00003460 records: 1, size/record: 8, table size: 8
	.data: load addr=00003458, load size=00000007 bytes, run addr=20001000, run size=00000004 bytes, compression=lzss


LINKER GENERATED HANDLER TABLE

__TI_handler_table @ 00003450 records: 2, size/record: 4, table size: 8
	index: 0, handler: __TI_decompress_lzss
	index: 1, handler: __TI_decompress_none


GLOBAL SYMBOLS: SORTED ALPHABETICALLY BY Name 

address   name                          
-------   ----                          
00003205  C$$EXIT                       
000031eb  ResetISR                      
20001000  __STACK_END                   
00001000  __STACK_SIZE                  
20000200  __STACK_TOP                   
00003460  __TI_CINIT_Base               
00003468  __TI_CINIT_Limit              
00003450  __TI_Handler_Table_Base       
00003458  __TI_Handler_Table_Limit      
00002fd1  __TI_auto_init_nobinit_nopinit
00002d29  __TI_decompress_lzss          
000031dd  __TI_decompress_none          
00002e4b  __TI_ltoa                     
ffffffff  __TI_pprof_out_hndl           
0000026d  __TI_printfi                  
ffffffff  __TI_prof_data_size           
ffffffff  __TI_prof_data_start          
00000000  __TI_static_base__            
00002b35  __aeabi_cdcmpeq               
00002b35  __aeabi_cdcmple               
00002bbb  __aeabi_cdrcmple              
00002f89  __aeabi_d2iz                  
000020a7  __aeabi_dadd                  
000024e9  __aeabi_ddiv                  
00002855  __aeabi_dmul                  
0000209d  __aeabi_dsub                  
000031f9  __aeabi_errno_addr            
00003053  __aeabi_f2d                   
000030f1  __aeabi_i2d                   
00000cbb  __aeabi_idiv0                 
00000cbb  __aeabi_ldiv0                 
00002c41  __aeabi_memclr                
00002c41  __aeabi_memclr4               
00002c41  __aeabi_memclr8               
00002a03  __aeabi_memcpy                
00002a03  __aeabi_memcpy4               
00002a03  __aeabi_memcpy8               
00002c43  __aeabi_memset                
00002c43  __aeabi_memset4               
00002c43  __aeabi_memset8               
00002a9f  __aeabi_uldivmod              
ffffffff  __binit__                     
ffffffff  __c_args__                    
UNDEFED   __mpu_init                    
20000000  __stack                       
20000000  __start___llvm_prf_cnts       
20000000  __stop___llvm_prf_cnts        
0000308d  _c_int00_noargs               
00003348  _ctypes_                      
UNDEFED   _system_post_cinit            
00003201  _system_pre_init              
00003205  abort                         
00002ef1  atoi                          
ffffffff  binit                         
0000315f  copysign                      
0000315f  copysignl                     
000012ed  disablePinInterrupt           
00001025  disablePinPulldown            
00000fdd  disablePinPullup              
00000d79  disablePort                   
000012c9  enablePinInterrupt            
00001001  enablePinPulldown             
00000faf  enablePinPullup               
00000cbd  enablePort                    
20001000  errno                         
00002d91  frexp                         
00002d91  frexpl                        
00000000  g_pfnVectors                  
00001337  getPinValue                   
000013ed  getPortValue                  
00002349  getcUart0                     
000015e5  initHw                        
0000187d  initI2c0                      
000031cd  initSystemClockTo40Mhz        
00002255  initUart0                     
0000147d  interpolation                 
00001c27  isI2c0Error                   
0000235d  kbhitUart0                    
00002745  ldexp                         
00002745  ldexpl                        
00003208  lookupTable                   
000015ed  main                          
00003143  memccpy                       
00002a03  memcpy                        
00002c49  memset                        
00001be1  pollI2c0Address               
00002309  putcUart0                     
00002325  putsUart0                     
0000191d  readI2c0Data                  
00001a61  readI2c0Register              
00001abf  readI2c0Registers             
00002745  scalbn                        
00002745  scalbnl                       
00000ee3  selectPinAnalogInput          
00000e95  selectPinDigitalInput         
000011ff  selectPinInterruptBothEdges   
000011af  selectPinInterruptFallingEdge 
00001255  selectPinInterruptHighLevel   
0000128f  selectPinInterruptLowLevel    
0000115f  selectPinInterruptRisingEdge  
00000e47  selectPinOpenDrainOutput      
00000df9  selectPinPushPullOutput       
0000104d  setPinAuxFunction             
00000f33  setPinCommitControl           
00001311  setPinValue                   
00001369  setPortValue                  
000022c9  setUart0BaudRate              
00002f3d  snprintf                      
00003191  strchr                        
000031a7  strlen                        
000014cd  tempToVolts                   
00001565  voltsToTemp                   
0000311f  waitMicrosecond               
000031bb  wcslen                        
000018e7  writeI2c0Data                 
00001951  writeI2c0Register             
000019a7  writeI2c0Registers            


GLOBAL SYMBOLS: SORTED BY Symbol Address 

address   name                          
-------   ----                          
00000000  __TI_static_base__            
00000000  g_pfnVectors                  
0000026d  __TI_printfi                  
00000cbb  __aeabi_idiv0                 
00000cbb  __aeabi_ldiv0                 
00000cbd  enablePort                    
00000d79  disablePort                   
00000df9  selectPinPushPullOutput       
00000e47  selectPinOpenDrainOutput      
00000e95  selectPinDigitalInput         
00000ee3  selectPinAnalogInput          
00000f33  setPinCommitControl           
00000faf  enablePinPullup               
00000fdd  disablePinPullup              
00001000  __STACK_SIZE                  
00001001  enablePinPulldown             
00001025  disablePinPulldown            
0000104d  setPinAuxFunction             
0000115f  selectPinInterruptRisingEdge  
000011af  selectPinInterruptFallingEdge 
000011ff  selectPinInterruptBothEdges   
00001255  selectPinInterruptHighLevel   
0000128f  selectPinInterruptLowLevel    
000012c9  enablePinInterrupt            
000012ed  disablePinInterrupt           
00001311  setPinValue                   
00001337  getPinValue                   
00001369  setPortValue                  
000013ed  getPortValue                  
0000147d  interpolation                 
000014cd  tempToVolts                   
00001565  voltsToTemp                   
000015e5  initHw                        
000015ed  main                          
0000187d  initI2c0                      
000018e7  writeI2c0Data                 
0000191d  readI2c0Data                  
00001951  writeI2c0Register             
000019a7  writeI2c0Registers            
00001a61  readI2c0Register              
00001abf  readI2c0Registers             
00001be1  pollI2c0Address               
00001c27  isI2c0Error                   
0000209d  __aeabi_dsub                  
000020a7  __aeabi_dadd                  
00002255  initUart0                     
000022c9  setUart0BaudRate              
00002309  putcUart0                     
00002325  putsUart0                     
00002349  getcUart0                     
0000235d  kbhitUart0                    
000024e9  __aeabi_ddiv                  
00002745  ldexp                         
00002745  ldexpl                        
00002745  scalbn                        
00002745  scalbnl                       
00002855  __aeabi_dmul                  
00002a03  __aeabi_memcpy                
00002a03  __aeabi_memcpy4               
00002a03  __aeabi_memcpy8               
00002a03  memcpy                        
00002a9f  __aeabi_uldivmod              
00002b35  __aeabi_cdcmpeq               
00002b35  __aeabi_cdcmple               
00002bbb  __aeabi_cdrcmple              
00002c41  __aeabi_memclr                
00002c41  __aeabi_memclr4               
00002c41  __aeabi_memclr8               
00002c43  __aeabi_memset                
00002c43  __aeabi_memset4               
00002c43  __aeabi_memset8               
00002c49  memset                        
00002d29  __TI_decompress_lzss          
00002d91  frexp                         
00002d91  frexpl                        
00002e4b  __TI_ltoa                     
00002ef1  atoi                          
00002f3d  snprintf                      
00002f89  __aeabi_d2iz                  
00002fd1  __TI_auto_init_nobinit_nopinit
00003053  __aeabi_f2d                   
0000308d  _c_int00_noargs               
000030f1  __aeabi_i2d                   
0000311f  waitMicrosecond               
00003143  memccpy                       
0000315f  copysign                      
0000315f  copysignl                     
00003191  strchr                        
000031a7  strlen                        
000031bb  wcslen                        
000031cd  initSystemClockTo40Mhz        
000031dd  __TI_decompress_none          
000031eb  ResetISR                      
000031f9  __aeabi_errno_addr            
00003201  _system_pre_init              
00003205  C$$EXIT                       
00003205  abort                         
00003208  lookupTable                   
00003348  _ctypes_                      
00003450  __TI_Handler_Table_Base       
00003458  __TI_Handler_Table_Limit      
00003460  __TI_CINIT_Base               
00003468  __TI_CINIT_Limit              
20000000  __stack                       
20000000  __start___llvm_prf_cnts       
20000000  __stop___llvm_prf_cnts        
20000200  __STACK_TOP                   
20001000  __STACK_END                   
20001000  errno                         
ffffffff  __TI_pprof_out_hndl           
ffffffff  __TI_prof_data_size           
ffffffff  __TI_prof_data_start          
ffffffff  __binit__                     
ffffffff  __c_args__                    
ffffffff  binit                         
UNDEFED   __mpu_init                    
UNDEFED   _system_post_cinit            

[117 symbols]
